Archive member included to satisfy reference by file (symbol)

c:/gcc-arm-none-eabi-6-2017-q1-update-win32/bin/../lib/gcc/arm-none-eabi/6.3.1/thumb/v7e-m\libgcc.a(_arm_addsubdf3.o)
                              ..\obj\vga_api.o (__aeabi_dsub)
c:/gcc-arm-none-eabi-6-2017-q1-update-win32/bin/../lib/gcc/arm-none-eabi/6.3.1/thumb/v7e-m\libgcc.a(_arm_muldivdf3.o)
                              ..\obj\vga_api.o (__aeabi_dmul)
c:/gcc-arm-none-eabi-6-2017-q1-update-win32/bin/../lib/gcc/arm-none-eabi/6.3.1/thumb/v7e-m\libgcc.a(_arm_fixdfsi.o)
                              ..\obj\vga_api.o (__aeabi_d2iz)
c:/gcc-arm-none-eabi-6-2017-q1-update-win32/bin/../lib/gcc/arm-none-eabi/6.3.1/thumb/v7e-m\libgcc.a(_arm_addsubsf3.o)
                              ..\obj\vga_api.o (__aeabi_fadd)
c:/gcc-arm-none-eabi-6-2017-q1-update-win32/bin/../lib/gcc/arm-none-eabi/6.3.1/thumb/v7e-m\libgcc.a(_arm_muldivsf3.o)
                              ..\obj\vga_api.o (__aeabi_fmul)
c:/gcc-arm-none-eabi-6-2017-q1-update-win32/bin/../lib/gcc/arm-none-eabi/6.3.1/thumb/v7e-m\libgcc.a(_arm_cmpsf2.o)
                              ..\obj\vga_api.o (__aeabi_fcmple)
c:/gcc-arm-none-eabi-6-2017-q1-update-win32/bin/../lib/gcc/arm-none-eabi/6.3.1/thumb/v7e-m\libgcc.a(_arm_fixunssfsi.o)
                              ..\obj\vga_api.o (__aeabi_f2uiz)
c:/gcc-arm-none-eabi-6-2017-q1-update-win32/bin/../lib/gcc/arm-none-eabi/6.3.1/../../../../arm-none-eabi/lib/thumb/v7e-m\libg.a(lib_a-atoi.o)
                              ..\obj\main.o (atoi)
c:/gcc-arm-none-eabi-6-2017-q1-update-win32/bin/../lib/gcc/arm-none-eabi/6.3.1/../../../../arm-none-eabi/lib/thumb/v7e-m\libg.a(lib_a-memset.o)
                              ..\obj\main.o (memset)
c:/gcc-arm-none-eabi-6-2017-q1-update-win32/bin/../lib/gcc/arm-none-eabi/6.3.1/../../../../arm-none-eabi/lib/thumb/v7e-m\libg.a(lib_a-strcmp.o)
                              ..\obj\main.o (strcmp)
c:/gcc-arm-none-eabi-6-2017-q1-update-win32/bin/../lib/gcc/arm-none-eabi/6.3.1/../../../../arm-none-eabi/lib/thumb/v7e-m\libg.a(lib_a-strlen.o)
                              ..\obj\vga_api.o (strlen)
c:/gcc-arm-none-eabi-6-2017-q1-update-win32/bin/../lib/gcc/arm-none-eabi/6.3.1/../../../../arm-none-eabi/lib/thumb/v7e-m\libg.a(lib_a-strtol.o)
                              c:/gcc-arm-none-eabi-6-2017-q1-update-win32/bin/../lib/gcc/arm-none-eabi/6.3.1/../../../../arm-none-eabi/lib/thumb/v7e-m\libg.a(lib_a-atoi.o) (_strtol_r)
c:/gcc-arm-none-eabi-6-2017-q1-update-win32/bin/../lib/gcc/arm-none-eabi/6.3.1/../../../../arm-none-eabi/lib/thumb/v7e-m\libg.a(lib_a-vsnprintf.o)
                              ..\obj\uart.o (vsnprintf)
c:/gcc-arm-none-eabi-6-2017-q1-update-win32/bin/../lib/gcc/arm-none-eabi/6.3.1/../../../../arm-none-eabi/lib/thumb/v7e-m\libg.a(lib_a-impure.o)
                              c:/gcc-arm-none-eabi-6-2017-q1-update-win32/bin/../lib/gcc/arm-none-eabi/6.3.1/../../../../arm-none-eabi/lib/thumb/v7e-m\libg.a(lib_a-strtol.o) (_impure_ptr)
c:/gcc-arm-none-eabi-6-2017-q1-update-win32/bin/../lib/gcc/arm-none-eabi/6.3.1/../../../../arm-none-eabi/lib/thumb/v7e-m\libg.a(lib_a-locale.o)
                              c:/gcc-arm-none-eabi-6-2017-q1-update-win32/bin/../lib/gcc/arm-none-eabi/6.3.1/../../../../arm-none-eabi/lib/thumb/v7e-m\libg.a(lib_a-strtol.o) (__locale_ctype_ptr_l)
c:/gcc-arm-none-eabi-6-2017-q1-update-win32/bin/../lib/gcc/arm-none-eabi/6.3.1/../../../../arm-none-eabi/lib/thumb/v7e-m\libg.a(lib_a-mbtowc_r.o)
                              c:/gcc-arm-none-eabi-6-2017-q1-update-win32/bin/../lib/gcc/arm-none-eabi/6.3.1/../../../../arm-none-eabi/lib/thumb/v7e-m\libg.a(lib_a-locale.o) (__ascii_mbtowc)
c:/gcc-arm-none-eabi-6-2017-q1-update-win32/bin/../lib/gcc/arm-none-eabi/6.3.1/../../../../arm-none-eabi/lib/thumb/v7e-m\libg.a(lib_a-svfprintf.o)
                              c:/gcc-arm-none-eabi-6-2017-q1-update-win32/bin/../lib/gcc/arm-none-eabi/6.3.1/../../../../arm-none-eabi/lib/thumb/v7e-m\libg.a(lib_a-vsnprintf.o) (_svfprintf_r)
c:/gcc-arm-none-eabi-6-2017-q1-update-win32/bin/../lib/gcc/arm-none-eabi/6.3.1/../../../../arm-none-eabi/lib/thumb/v7e-m\libg.a(lib_a-wctomb_r.o)
                              c:/gcc-arm-none-eabi-6-2017-q1-update-win32/bin/../lib/gcc/arm-none-eabi/6.3.1/../../../../arm-none-eabi/lib/thumb/v7e-m\libg.a(lib_a-locale.o) (__ascii_wctomb)
c:/gcc-arm-none-eabi-6-2017-q1-update-win32/bin/../lib/gcc/arm-none-eabi/6.3.1/../../../../arm-none-eabi/lib/thumb/v7e-m\libg.a(lib_a-ctype_.o)
                              c:/gcc-arm-none-eabi-6-2017-q1-update-win32/bin/../lib/gcc/arm-none-eabi/6.3.1/../../../../arm-none-eabi/lib/thumb/v7e-m\libg.a(lib_a-locale.o) (_ctype_)
c:/gcc-arm-none-eabi-6-2017-q1-update-win32/bin/../lib/gcc/arm-none-eabi/6.3.1/../../../../arm-none-eabi/lib/thumb/v7e-m\libg.a(lib_a-dtoa.o)
[...]
Memory Configuration

Name             Origin             Length             Attributes
rom              0x08000000         0x00100000         xr
ram              0x20000000         0x00020000         xrw
ram1             0x10000000         0x00010000         xrw
*default*        0x00000000         0xffffffff

Linker script and memory map

                0x20020000                _eram = 0x20020000

.text           0x08000000     0xc4e9
 *(.isr_vector)
 .isr_vector    0x08000000      0x188 ..\obj\startup_stm32f4xx.o
                0x08000000                g_pfnVectors
 *(.text*)
 .text.USART_Init
                0x08000188      0x174 ..\obj\stm32f4xx_usart.o
                0x08000188                USART_Init
 .text.USART_Cmd
                0x080002fc       0x3e ..\obj\stm32f4xx_usart.o
                0x080002fc                USART_Cmd
 .text.USART_SendData
                0x0800033a       0x22 ..\obj\stm32f4xx_usart.o
                0x0800033a                USART_SendData
 .text.USART_ITConfig
                0x0800035c       0x8e ..\obj\stm32f4xx_usart.o
                0x0800035c                USART_ITConfig
 .text.USART_GetFlagStatus
                0x080003ea       0x36 ..\obj\stm32f4xx_usart.o
                0x080003ea                USART_GetFlagStatus
 .text.USART_GetITStatus
                0x08000420       0xb4 ..\obj\stm32f4xx_usart.o
                0x08000420                USART_GetITStatus
 .text.USART_ClearITPendingBit
                0x080004d4       0x38 ..\obj\stm32f4xx_usart.o
                0x080004d4                USART_ClearITPendingBit
 .text.UART_init
                0x0800050c       0x94 ..\obj\uart.o
                0x0800050c                UART_init
 .text.UART_putchar
                0x080005a0       0x34 ..\obj\uart.o
                0x080005a0                UART_putchar
 .text.UART_puts
                0x080005d4       0x36 ..\obj\uart.o
                0x080005d4                UART_puts
 *fill*         0x0800060a        0x2 
 .text.USART2_IRQHandler
                0x0800060c       0xb4 ..\obj\uart.o
                0x0800060c                USART2_IRQHandler
 .text.UART_get
                0x080006c0       0x30 ..\obj\uart.o
                0x080006c0                UART_get
 .text.UART_gets
                0x080006f0       0x58 ..\obj\uart.o
                0x080006f0                UART_gets
 .text.Default_Reset_Handler
                0x08000748       0x5c ..\obj\startup_stm32f4xx.o
                0x08000748                Default_Reset_Handler
                0x08000748                Reset_Handler
 .text.Default_Handler
                0x080007a4        0x6 ..\obj\startup_stm32f4xx.o
                0x080007a4                RTC_Alarm_IRQHandler
                0x080007a4                HASH_RNG_IRQHandler
                0x080007a4                EXTI2_IRQHandler
                0x080007a4                TIM8_CC_IRQHandler
                0x080007a4                DebugMon_Handler
                0x080007a4                TIM1_CC_IRQHandler
                0x080007a4                HardFault_Handler
                0x080007a4                DMA1_Stream5_IRQHandler
                0x080007a4                SysTick_Handler
                0x080007a4                PVD_IRQHandler
                0x080007a4                SDIO_IRQHandler
                0x080007a4                TAMP_STAMP_IRQHandler
                0x080007a4                PendSV_Handler
                0x080007a4                NMI_Handler
                0x080007a4                CAN2_RX1_IRQHandler
                0x080007a4                EXTI3_IRQHandler
                0x080007a4                TIM8_TRG_COM_TIM14_IRQHandler
                0x080007a4                TIM1_UP_TIM10_IRQHandler
                0x080007a4                TIM8_UP_TIM13_IRQHandler
                0x080007a4                I2C3_ER_IRQHandler
                0x080007a4                EXTI0_IRQHandler
                0x080007a4                I2C2_EV_IRQHandler
                0x080007a4                DMA1_Stream2_IRQHandler
                0x080007a4                CAN1_RX0_IRQHandler
                0x080007a4                FPU_IRQHandler
                0x080007a4                OTG_HS_WKUP_IRQHandler
                0x080007a4                UsageFault_Handler
                0x080007a4                CAN2_SCE_IRQHandler
                0x080007a4                DMA2_Stream2_IRQHandler
                0x080007a4                SPI1_IRQHandler
                0x080007a4                TIM6_DAC_IRQHandler
                0x080007a4                TIM1_BRK_TIM9_IRQHandler
                0x080007a4                DCMI_IRQHandler
                0x080007a4                CAN2_RX0_IRQHandler
                0x080007a4                DMA2_Stream3_IRQHandler
                0x080007a4                USART6_IRQHandler
                0x080007a4                USART3_IRQHandler
                0x080007a4                CRYP_IRQHandler
                0x080007a4                CAN1_RX1_IRQHandler
                0x080007a4                UART5_IRQHandler
                0x080007a4                DMA2_Stream0_IRQHandler
                0x080007a4                TIM4_IRQHandler
                0x080007a4                I2C1_EV_IRQHandler
                0x080007a4                DMA1_Stream6_IRQHandler
                0x080007a4                DMA1_Stream1_IRQHandler
                0x080007a4                UART4_IRQHandler
                0x080007a4                TIM3_IRQHandler
                0x080007a4                RCC_IRQHandler
                0x080007a4                TIM8_BRK_TIM12_IRQHandler
                0x080007a4                EXTI15_10_IRQHandler
                0x080007a4                ADC_IRQHandler
                0x080007a4                DMA1_Stream7_IRQHandler
                0x080007a4                TIM7_IRQHandler
                0x080007a4                CAN2_TX_IRQHandler
                0x080007a4                TIM5_IRQHandler
                0x080007a4                DMA2_Stream7_IRQHandler
                0x080007a4                I2C3_EV_IRQHandler
                0x080007a4                EXTI9_5_IRQHandler
                0x080007a4                RTC_WKUP_IRQHandler
                0x080007a4                ETH_WKUP_IRQHandler
                0x080007a4                SPI2_IRQHandler
                0x080007a4                OTG_HS_EP1_IN_IRQHandler
                0x080007a4                MemManage_Handler
                0x080007a4                DMA1_Stream0_IRQHandler
                0x080007a4                CAN1_TX_IRQHandler
                0x080007a4                SVC_Handler
                0x080007a4                EXTI4_IRQHandler
                0x080007a4                FSMC_IRQHandler
                0x080007a4                ETH_IRQHandler
                0x080007a4                OTG_HS_EP1_OUT_IRQHandler
                0x080007a4                WWDG_IRQHandler
                0x080007a4                OTG_FS_WKUP_IRQHandler
                0x080007a4                TIM1_TRG_COM_TIM11_IRQHandler
                0x080007a4                OTG_HS_IRQHandler
                0x080007a4                EXTI1_IRQHandler
                0x080007a4                I2C2_ER_IRQHandler
                0x080007a4                DMA2_Stream1_IRQHandler
                0x080007a4                CAN1_SCE_IRQHandler
                0x080007a4                FLASH_IRQHandler
                0x080007a4                DMA2_Stream4_IRQHandler
                0x080007a4                BusFault_Handler
                0x080007a4                USART1_IRQHandler
                0x080007a4                OTG_FS_IRQHandler
                0x080007a4                SPI3_IRQHandler
                0x080007a4                DMA1_Stream4_IRQHandler
                0x080007a4                I2C1_ER_IRQHandler
                0x080007a4                DMA2_Stream6_IRQHandler
                0x080007a4                DMA1_Stream3_IRQHandler
 *fill*         0x080007aa        0x2 
 .text.parseinput
                0x080007ac       0x88 ..\obj\main.o
                0x080007ac                parseinput
 .text.parsecolor
                0x08000834      0x148 ..\obj\main.o
                0x08000834                parsecolor
 .text.parsestijl
                0x0800097c       0x54 ..\obj\main.o
                0x0800097c                parsestijl
 .text.parsebitmap
                0x080009d0       0x8c ..\obj\main.o
                0x080009d0                parsebitmap
 .text.parseoutput
                0x08000a5c      0x2b8 ..\obj\main.o
                0x08000a5c                parseoutput
 .text.main     0x08000d14       0x88 ..\obj\main.o
                0x08000d14                main
 .text.tekst    0x08000d9c      0x304 ..\obj\vga_api.o
                0x08000d9c                tekst
 .text.lijn     0x080010a0      0x5bc ..\obj\vga_api.o
                0x080010a0                lijn
 .text.ellips   0x0800165c      0x49c ..\obj\vga_api.o
                0x0800165c                ellips
 .text.rechthoek
                0x08001af8      0x166 ..\obj\vga_api.o
                0x08001af8                rechthoek
 .text.driehoek
                0x08001c5e       0x76 ..\obj\vga_api.o
                0x08001c5e                driehoek
 .text.setpixel
                0x08001cd4       0x4c ..\obj\vga_api.o
                0x08001cd4                setpixel
 .text.bitmap   0x08001d20       0x8a ..\obj\vga_api.o
                0x08001d20                bitmap
 .text.clearscherm
                0x08001daa       0x46 ..\obj\vga_api.o
                0x08001daa                clearscherm
 .text.wacht    0x08001df0       0x40 ..\obj\vga_api.o
                0x08001df0                wacht
 .text.tekenbepaling
                0x08001e30      0x3d4 ..\obj\vga_api.o
                0x08001e30                tekenbepaling
 .text.RCC_GetClocksFreq
                0x08002204      0x150 ..\obj\stm32f4xx_rcc.o
                0x08002204                RCC_GetClocksFreq
 .text.RCC_AHB1PeriphClockCmd
                0x08002354       0x3c ..\obj\stm32f4xx_rcc.o
                0x08002354                RCC_AHB1PeriphClockCmd
 .text.RCC_APB1PeriphClockCmd
                0x08002390       0x3c ..\obj\stm32f4xx_rcc.o
                0x08002390                RCC_APB1PeriphClockCmd
 .text.RCC_APB2PeriphClockCmd
                0x080023cc       0x3c ..\obj\stm32f4xx_rcc.o
                0x080023cc                RCC_APB2PeriphClockCmd
 .text.GPIO_Init
                0x08002408      0x11a ..\obj\stm32f4xx_gpio.o
                0x08002408                GPIO_Init
 .text.GPIO_PinAFConfig
                0x08002522       0x90 ..\obj\stm32f4xx_gpio.o
                0x08002522                GPIO_PinAFConfig
 *fill*         0x080025b2        0x2 
 .text.SystemInit
                0x080025b4       0x5c ..\obj\system_stm32f4xx.o
                0x080025b4                SystemInit
 .text.SetSysClock
                0x08002610       0xf4 ..\obj\system_stm32f4xx.o
 .text.DMA_DeInit
                0x08002704      0x1a4 ..\obj\stm32f4xx_dma.o
                0x08002704                DMA_DeInit
 .text.DMA_Init
                0x080028a8       0xac ..\obj\stm32f4xx_dma.o
                0x080028a8                DMA_Init
 .text.DMA_Cmd  0x08002954       0x36 ..\obj\stm32f4xx_dma.o
                0x08002954                DMA_Cmd
 .text.DMA_ITConfig
                0x0800298a       0x72 ..\obj\stm32f4xx_dma.o
                0x0800298a                DMA_ITConfig
 .text.DMA_GetITStatus
                0x080029fc       0xac ..\obj\stm32f4xx_dma.o
                0x080029fc                DMA_GetITStatus
 .text.DMA_ClearITPendingBit
                0x08002aa8       0x5c ..\obj\stm32f4xx_dma.o
                0x08002aa8                DMA_ClearITPendingBit
 .text.UB_VGA_Screen_Init
                0x08002b04       0x80 ..\obj\stm32_ub_vga_screen.o
                0x08002b04                UB_VGA_Screen_Init
 .text.P_VGA_InitIO
                0x08002b84       0xa8 ..\obj\stm32_ub_vga_screen.o
                0x08002b84                P_VGA_InitIO
 .text.P_VGA_InitTIM
                0x08002c2c       0xcc ..\obj\stm32_ub_vga_screen.o
                0x08002c2c                P_VGA_InitTIM
 .text.P_VGA_InitINT
                0x08002cf8       0x58 ..\obj\stm32_ub_vga_screen.o
                0x08002cf8                P_VGA_InitINT
 .text.P_VGA_InitDMA
                0x08002d50       0x90 ..\obj\stm32_ub_vga_screen.o
                0x08002d50                P_VGA_InitDMA
 .text.TIM2_IRQHandler
                0x08002de0       0xbc ..\obj\stm32_ub_vga_screen.o
                0x08002de0                TIM2_IRQHandler
 .text.DMA2_Stream5_IRQHandler
                0x08002e9c       0x4c ..\obj\stm32_ub_vga_screen.o
                0x08002e9c                DMA2_Stream5_IRQHandler
 .text.NVIC_Init
                0x08002ee8       0xc4 ..\obj\misc.o
                0x08002ee8                NVIC_Init
 .text.TIM_TimeBaseInit
                0x08002fac       0xd4 ..\obj\stm32f4xx_tim.o
                0x08002fac                TIM_TimeBaseInit
 .text.TIM_ARRPreloadConfig
                0x08003080       0x3e ..\obj\stm32f4xx_tim.o
                0x08003080                TIM_ARRPreloadConfig
 .text.TIM_Cmd  0x080030be       0x3e ..\obj\stm32f4xx_tim.o
                0x080030be                TIM_Cmd
 .text.TIM_OC3Init
                0x080030fc      0x10c ..\obj\stm32f4xx_tim.o
                0x080030fc                TIM_OC3Init
 .text.TIM_OC4Init
                0x08003208       0xcc ..\obj\stm32f4xx_tim.o
                0x08003208                TIM_OC4Init
 .text.TIM_OC3PreloadConfig
                0x080032d4       0x36 ..\obj\stm32f4xx_tim.o
                0x080032d4                TIM_OC3PreloadConfig
 .text.TIM_OC4PreloadConfig
                0x0800330a       0x3a ..\obj\stm32f4xx_tim.o
                0x0800330a                TIM_OC4PreloadConfig
 .text.TIM_ITConfig
                0x08003344       0x46 ..\obj\stm32f4xx_tim.o
                0x08003344                TIM_ITConfig
 .text.TIM_ClearITPendingBit
                0x0800338a       0x20 ..\obj\stm32f4xx_tim.o
                0x0800338a                TIM_ClearITPendingBit
 .text.TIM_DMACmd
                0x080033aa       0x46 ..\obj\stm32f4xx_tim.o
                0x080033aa                TIM_DMACmd
 .text          0x080033f0      0x370 c:/gcc-arm-none-eabi-6-2017-q1-update-win32/bin/../lib/gcc/arm-none-eabi/6.3.1/thumb/v7e-m\libgcc.a(_arm_addsubdf3.o)
                0x080033f0                __aeabi_drsub
                0x080033f8                __aeabi_dsub
                0x080033f8                __subdf3
                0x080033fc                __aeabi_dadd
                0x080033fc                __adddf3
                0x08003674                __floatunsidf
                0x08003674                __aeabi_ui2d
                0x08003694                __floatsidf
                0x08003694                __aeabi_i2d
                0x080036b8                __aeabi_f2d
                0x080036b8                __extendsfdf2
                0x080036f4                __floatundidf
                0x080036f4                __aeabi_ul2d
                0x08003704                __floatdidf
                0x08003704                __aeabi_l2d
 .text          0x08003760      0x424 c:/gcc-arm-none-eabi-6-2017-q1-update-win32/bin/../lib/gcc/arm-none-eabi/6.3.1/thumb/v7e-m\libgcc.a(_arm_muldivdf3.o)
                0x08003760                __aeabi_dmul
                0x08003760                __muldf3
                0x080039b4                __divdf3
                0x080039b4                __aeabi_ddiv
 .text          0x08003b84       0x50 c:/gcc-arm-none-eabi-6-2017-q1-update-win32/bin/../lib/gcc/arm-none-eabi/6.3.1/thumb/v7e-m\libgcc.a(_arm_fixdfsi.o)
                0x08003b84                __aeabi_d2iz
                0x08003b84                __fixdfsi
 .text          0x08003bd4      0x21c c:/gcc-arm-none-eabi-6-2017-q1-update-win32/bin/../lib/gcc/arm-none-eabi/6.3.1/thumb/v7e-m\libgcc.a(_arm_addsubsf3.o)
                0x08003bd4                __aeabi_frsub
                0x08003bdc                __subsf3
                0x08003bdc                __aeabi_fsub
                0x08003be0                __aeabi_fadd
                0x08003be0                __addsf3
                0x08003d40                __aeabi_ui2f
                0x08003d40                __floatunsisf
                0x08003d48                __aeabi_i2f
                0x08003d48                __floatsisf
                0x08003d64                __aeabi_ul2f
                0x08003d64                __floatundisf
                0x08003d74                __aeabi_l2f
                0x08003d74                __floatdisf
 .text          0x08003df0      0x2a0 c:/gcc-arm-none-eabi-6-2017-q1-update-win32/bin/../lib/gcc/arm-none-eabi/6.3.1/thumb/v7e-m\libgcc.a(_arm_muldivsf3.o)
                0x08003df0                __mulsf3
                0x08003df0                __aeabi_fmul
                0x08003f58                __aeabi_fdiv
                0x08003f58                __divsf3
 .text          0x08004090       0xec c:/gcc-arm-none-eabi-6-2017-q1-update-win32/bin/../lib/gcc/arm-none-eabi/6.3.1/thumb/v7e-m\libgcc.a(_arm_cmpsf2.o)
                0x08004090                __gesf2
                0x08004090                __gtsf2
                0x08004098                __lesf2
                0x08004098                __ltsf2
                0x080040a0                __nesf2
                0x080040a0                __eqsf2
                0x080040a0                __cmpsf2
                0x08004100                __aeabi_cfrcmple
                0x08004108                __aeabi_cfcmpeq
                0x08004108                __aeabi_cfcmple
                0x08004118                __aeabi_fcmpeq
                0x0800412c                __aeabi_fcmplt
                0x08004140                __aeabi_fcmple
                0x08004154                __aeabi_fcmpge
                0x08004168                __aeabi_fcmpgt
 .text          0x0800417c       0x40 c:/gcc-arm-none-eabi-6-2017-q1-update-win32/bin/../lib/gcc/arm-none-eabi/6.3.1/thumb/v7e-m\libgcc.a(_arm_fixunssfsi.o)
                0x0800417c                __fixunssfsi
                0x0800417c                __aeabi_f2uiz
 .text.atoi     0x080041bc        0x8 c:/gcc-arm-none-eabi-6-2017-q1-update-win32/bin/../lib/gcc/arm-none-eabi/6.3.1/../../../../arm-none-eabi/lib/thumb/v7e-m\libg.a(lib_a-atoi.o)
                0x080041bc                atoi
 .text.memset   0x080041c4       0x9c c:/gcc-arm-none-eabi-6-2017-q1-update-win32/bin/../lib/gcc/arm-none-eabi/6.3.1/../../../../arm-none-eabi/lib/thumb/v7e-m\libg.a(lib_a-memset.o)
                0x080041c4                memset
 .text          0x08004260      0x2dc c:/gcc-arm-none-eabi-6-2017-q1-update-win32/bin/../lib/gcc/arm-none-eabi/6.3.1/../../../../arm-none-eabi/lib/thumb/v7e-m\libg.a(lib_a-strcmp.o)
                0x08004268                strcmp
 *fill*         0x0800453c        0x4 
 .text          0x08004540       0xdc c:/gcc-arm-none-eabi-6-2017-q1-update-win32/bin/../lib/gcc/arm-none-eabi/6.3.1/../../../../arm-none-eabi/lib/thumb/v7e-m\libg.a(lib_a-strlen.o)
                0x08004540                strlen
 .text._strtol_l.isra.0
                0x0800461c      0x128 c:/gcc-arm-none-eabi-6-2017-q1-update-win32/bin/../lib/gcc/arm-none-eabi/6.3.1/../../../../arm-none-eabi/lib/thumb/v7e-m\libg.a(lib_a-strtol.o)
 .text.strtol   0x08004744       0x2c c:/gcc-arm-none-eabi-6-2017-q1-update-win32/bin/../lib/gcc/arm-none-eabi/6.3.1/../../../../arm-none-eabi/lib/thumb/v7e-m\libg.a(lib_a-strtol.o)
                0x08004744                strtol
 .text.__locale_ctype_ptr_l
                0x08004770        0x8 c:/gcc-arm-none-eabi-6-2017-q1-update-win32/bin/../lib/gcc/arm-none-eabi/6.3.1/../../../../arm-none-eabi/lib/thumb/v7e-m\libg.a(lib_a-locale.o)
                0x08004770                __locale_ctype_ptr_l
 .text.__ascii_mbtowc
                0x08004778       0x2c c:/gcc-arm-none-eabi-6-2017-q1-update-win32/bin/../lib/gcc/arm-none-eabi/6.3.1/../../../../arm-none-eabi/lib/thumb/v7e-m\libg.a(lib_a-mbtowc_r.o)
                0x08004778                __ascii_mbtowc
 .text.__ascii_wctomb
                0x080047a4       0x1c c:/gcc-arm-none-eabi-6-2017-q1-update-win32/bin/../lib/gcc/arm-none-eabi/6.3.1/../../../../arm-none-eabi/lib/thumb/v7e-m\libg.a(lib_a-wctomb_r.o)
                0x080047a4                __ascii_wctomb
 *(.init)
 *(.fini)
 *crtbegin.o(.ctors)
 *crtbegin?.o(.ctors)
 *(EXCLUDE_FILE(*crtend.o *crtend?.o) .ctors)
 *(SORT(.ctors.*))
 *(.ctors)
 *crtbegin.o(.dtors)
 *crtbegin?.o(.dtors)
 *(EXCLUDE_FILE(*crtend.o *crtend?.o) .dtors)
 *(SORT(.dtors.*))
 *(.dtors)
 *(.rodata*)
 .rodata        0x080047c0     0x615c ..\obj\main.o
                0x080047c0                emoji_blij_64
                0x080057c4                emoji_boos_64
                0x080067c8                pijl_omhoog_60
                0x080075dc                pijl_omlaag_60
                0x080083f0                pijl_links_60
                0x08009204                pijl_rechts_60
                0x0800a018                HU_logo_50
 .rodata        0x0800a91c     0x1ab8 ..\obj\vga_api.o
                0x0800a91c                VCR_OSD_Mono_Regular
                0x0800ad90                VCR_OSD_Mono_Oblique
                0x0800b204                VCR_OSD_Mono_Bold
                0x0800b678                F04b03_Regular
                0x0800baec                F04b03_Bold
                0x0800bf60                F04b03_Oblique
 .rodata._setlocale_r.str1.4
                0x0800c3d4        0xd c:/gcc-arm-none-eabi-6-2017-q1-update-win32/bin/../lib/gcc/arm-none-eabi/6.3.1/../../../../arm-none-eabi/lib/thumb/v7e-m\libg.a(lib_a-locale.o)
 *fill*         0x0800c3e1        0x3 
 .rodata.str1.4
                0x0800c3e4        0x4 c:/gcc-arm-none-eabi-6-2017-q1-update-win32/bin/../lib/gcc/arm-none-eabi/6.3.1/../../../../arm-none-eabi/lib/thumb/v7e-m\libg.a(lib_a-locale.o)
                                  0x2 (size before relaxing)
 .rodata._ctype_
                0x0800c3e8      0x101 c:/gcc-arm-none-eabi-6-2017-q1-update-win32/bin/../lib/gcc/arm-none-eabi/6.3.1/../../../../arm-none-eabi/lib/thumb/v7e-m\libg.a(lib_a-ctype_.o)
                0x0800c3e8                _ctype_
 *(.eh_fram e*)

.glue_7         0x0800c4ec        0x0
 .glue_7        0x0800c4ec        0x0 linker stubs

.glue_7t        0x0800c4ec        0x0
 .glue_7t       0x0800c4ec        0x0 linker stubs

.vfp11_veneer   0x0800c4ec        0x0
 .vfp11_veneer  0x0800c4ec        0x0 linker stubs

.v4_bx          0x0800c4ec        0x0
 .v4_bx         0x0800c4ec        0x0 linker stubs

.iplt           0x0800c4ec        0x0
 .iplt          0x0800c4ec        0x0 ..\obj\stm32f4xx_usart.o

.rel.dyn        0x0800c4ec        0x0
 .rel.iplt      0x0800c4ec        0x0 ..\obj\stm32f4xx_usart.o

.ARM.extab
 *(.ARM.extab* .gnu.linkonce.armextab.*)
                0x0800c4ec                __exidx_start = .

.ARM.exidx
 *(.ARM.exidx* .gnu.linkonce.armexidx.*)
                0x0800c4ec                __exidx_end = .
                0x0800c4ec                __etext = .
                0x0800c4e9                _sidata = __etext

.data           0x20000000      0x5ac load address 0x0800c4e9
                0x20000000                __data_start__ = .
                0x20000000                _sdata = __data_start__
 *(vtable)
 *(.data*)
 .data          0x20000000       0x10 ..\obj\stm32f4xx_rcc.o
 .data._impure_ptr
                0x20000010        0x4 c:/gcc-arm-none-eabi-6-2017-q1-update-win32/bin/../lib/gcc/arm-none-eabi/6.3.1/../../../../arm-none-eabi/lib/thumb/v7e-m\libg.a(lib_a-impure.o)
                0x20000010                _impure_ptr
 *fill*         0x20000014        0x4 
 .data.impure_data
                0x20000018      0x428 c:/gcc-arm-none-eabi-6-2017-q1-update-win32/bin/../lib/gcc/arm-none-eabi/6.3.1/../../../../arm-none-eabi/lib/thumb/v7e-m\libg.a(lib_a-impure.o)
 .data.__global_locale
                0x20000440      0x16c c:/gcc-arm-none-eabi-6-2017-q1-update-win32/bin/../lib/gcc/arm-none-eabi/6.3.1/../../../../arm-none-eabi/lib/thumb/v7e-m\libg.a(lib_a-locale.o)
                0x20000440                __global_locale
                0x200005ac                . = ALIGN (0x4)
                [!provide]                PROVIDE (__preinit_array_start, .)
 *(.preinit_array)
                [!provide]                PROVIDE (__preinit_array_end, .)
                0x200005ac                . = ALIGN (0x4)
                [!provide]                PROVIDE (__init_array_start, .)
 *(SORT(.init_array.*))
 *(.init_array)
                [!provide]                PROVIDE (__init_array_end, .)
                0x200005ac                . = ALIGN (0x4)
                [!provide]                PROVIDE (__fini_array_start, .)
 *(SORT(.fini_array.*))
 *(.fini_array)
                [!provide]                PROVIDE (__fini_array_end, .)
 *(.jcr*)
                0x200005ac                . = ALIGN (0x4)
                0x200005ac                __data_end__ = .
                0x200005ac                _edata = __data_end__

.igot.plt       0x200005ac        0x0 load address 0x0800ca98
 .igot.plt      0x200005ac        0x0 ..\obj\stm32f4xx_usart.o

.bss            0x200005ac    0x12fbc load address 0x0800ca98
                0x200005ac                . = ALIGN (0x4)
                0x200005ac                __bss_start__ = .
                0x200005ac                _sbss = __bss_start__
 *(.bss*)
 .bss           0x200005ac        0x4 ..\obj\uart.o
                0x200005ac                charcounter
 *(COMMON)
 COMMON         0x200005b0    0x12d60 ..\obj\uart.o
                0x200005b0                string
                0x20000614                VGA
                0x20000620                VGA_RAM1
 COMMON         0x20013310      0x258 ..\obj\main.o
                0x20013310                arguments
                0x20013504                buf
                0x20013568                . = ALIGN (0x4)
                0x20013568                __bss_end__ = .
                0x20013568                _ebss = __bss_end__

.heap           0x20013568        0x0
                0x20013568                __end__ = .
                0x20013568                _end = __end__
                0x20013568                end = __end__
 *(.heap*)
                0x20013568                __HeapLimit = .

.co_stack       0x20013568      0x800 load address 0x0801fa54
                0x20013568                . = ALIGN (0x8)
 *(.co_stack .co_stack.*)
 .co_stack      0x20013568      0x800 ..\obj\startup_stm32f4xx.o
                0x20013568                pulStack
                0x20020000                __StackTop = (ORIGIN (ram) + LENGTH (ram))
                0x2001f800                __StackLimit = (__StackTop - SIZEOF (.co_stack))
                [!provide]                PROVIDE (__stack, __StackTop)
                0x00000001                ASSERT ((__StackLimit >= __HeapLimit), region ram  overflowed with stack)
LOAD ..\obj\stm32f4xx_usart.o
LOAD ..\obj\uart.o
LOAD ..\obj\startup_stm32f4xx.o
LOAD ..\obj\main.o
LOAD ..\obj\vga_api.o
LOAD ..\obj\stm32f4xx_rcc.o
LOAD ..\obj\stm32f4xx_gpio.o
LOAD ..\obj\system_stm32f4xx.o
LOAD ..\obj\stm32f4xx_dma.o
LOAD ..\obj\stm32_ub_vga_screen.o
LOAD ..\obj\misc.o
LOAD ..\obj\stm32f4xx_tim.o
LOAD c:/gcc-arm-none-eabi-6-2017-q1-update-win32/bin/../lib/gcc/arm-none-eabi/6.3.1/../../../../arm-none-eabi/lib/thumb/v7e-m\libm.a
START GROUP
LOAD c:/gcc-arm-none-eabi-6-2017-q1-update-win32/bin/../lib/gcc/arm-none-eabi/6.3.1/thumb/v7e-m\libgcc.a
LOAD c:/gcc-arm-none-eabi-6-2017-q1-update-win32/bin/../lib/gcc/arm-none-eabi/6.3.1/../../../../arm-none-eabi/lib/thumb/v7e-m\libg.a
LOAD c:/gcc-arm-none-eabi-6-2017-q1-update-win32/bin/../lib/gcc/arm-none-eabi/6.3.1/../../../../arm-none-eabi/lib/thumb/v7e-m\libc.a
END GROUP
OUTPUT(VGA_Core.elf elf32-littlearm)

.debug_info     0x00000000     0x8810
 .debug_info    0x00000000      0x9d1 ..\obj\stm32f4xx_usart.o
 .debug_info    0x000009d1     0x1237 ..\obj\uart.o
 .debug_info    0x00001c08      0x10f ..\obj\startup_stm32f4xx.o
 .debug_info    0x00001d17      0xbf9 ..\obj\main.o
 .debug_info    0x00002910     0x12c4 ..\obj\vga_api.o
 .debug_info    0x00003bd4      0xc6e ..\obj\stm32f4xx_rcc.o
 .debug_info    0x00004842      0x621 ..\obj\stm32f4xx_gpio.o
 .debug_info    0x00004e63      0x5cc ..\obj\system_stm32f4xx.o
 .debug_info    0x0000542f      0x748 ..\obj\stm32f4xx_dma.o
 .debug_info    0x00005b77      0xae0 ..\obj\stm32_ub_vga_screen.o
 .debug_info    0x00006657      0x549 ..\obj\misc.o
 .debug_info    0x00006ba0     0x1c70 ..\obj\stm32f4xx_tim.o

.debug_abbrev   0x00000000     0x15e4
 .debug_abbrev  0x00000000      0x180 ..\obj\stm32f4xx_usart.o
 .debug_abbrev  0x00000180      0x2d9 ..\obj\uart.o
 .debug_abbrev  0x00000459       0xbf ..\obj\startup_stm32f4xx.o
 .debug_abbrev  0x00000518      0x289 ..\obj\main.o
 .debug_abbrev  0x000007a1      0x2da ..\obj\vga_api.o
 .debug_abbrev  0x00000a7b      0x1f6 ..\obj\stm32f4xx_rcc.o
 .debug_abbrev  0x00000c71      0x1b6 ..\obj\stm32f4xx_gpio.o
 .debug_abbrev  0x00000e27      0x156 ..\obj\system_stm32f4xx.o
 .debug_abbrev  0x00000f7d      0x166 ..\obj\stm32f4xx_dma.o
 .debug_abbrev  0x000010e3      0x1f9 ..\obj\stm32_ub_vga_screen.o
 .debug_abbrev  0x000012dc      0x170 ..\obj\misc.o
 .debug_abbrev  0x0000144c      0x198 ..\obj\stm32f4xx_tim.o

.debug_aranges  0x00000000      0x8c0
 .debug_aranges
                0x00000000      0x100 ..\obj\stm32f4xx_usart.o
 .debug_aranges
                0x00000100       0x68 ..\obj\uart.o
 .debug_aranges
                0x00000168       0x28 ..\obj\startup_stm32f4xx.o
 .debug_aranges
                0x00000190       0x48 ..\obj\main.o
 .debug_aranges
                0x000001d8       0x70 ..\obj\vga_api.o
 .debug_aranges
                0x00000248      0x178 ..\obj\stm32f4xx_rcc.o
 .debug_aranges
                0x000003c0       0x88 ..\obj\stm32f4xx_gpio.o
 .debug_aranges
                0x00000448       0x30 ..\obj\system_stm32f4xx.o
 .debug_aranges
                0x00000478       0xb0 ..\obj\stm32f4xx_dma.o
 .debug_aranges
                0x00000528       0x60 ..\obj\stm32_ub_vga_screen.o
 .debug_aranges
                0x00000588       0x40 ..\obj\misc.o
 .debug_aranges
                0x000005c8      0x2f8 ..\obj\stm32f4xx_tim.o

.debug_ranges   0x00000000      0x818
 .debug_ranges  0x00000000       0xf0 ..\obj\stm32f4xx_usart.o
 .debug_ranges  0x000000f0       0x58 ..\obj\uart.o
 .debug_ranges  0x00000148       0x18 ..\obj\startup_stm32f4xx.o
 .debug_ranges  0x00000160       0x50 ..\obj\main.o
 .debug_ranges  0x000001b0       0x60 ..\obj\vga_api.o
 .debug_ranges  0x00000210      0x168 ..\obj\stm32f4xx_rcc.o
 .debug_ranges  0x00000378       0x78 ..\obj\stm32f4xx_gpio.o
 .debug_ranges  0x000003f0       0x20 ..\obj\system_stm32f4xx.o
 .debug_ranges  0x00000410       0xa0 ..\obj\stm32f4xx_dma.o
 .debug_ranges  0x000004b0       0x50 ..\obj\stm32_ub_vga_screen.o
 .debug_ranges  0x00000500       0x30 ..\obj\misc.o
 .debug_ranges  0x00000530      0x2e8 ..\obj\stm32f4xx_tim.o

.debug_line     0x00000000     0x3743
 .debug_line    0x00000000      0x4e9 ..\obj\stm32f4xx_usart.o
 .debug_line    0x000004e9      0x487 ..\obj\uart.o
 .debug_line    0x00000970       0xa6 ..\obj\startup_stm32f4xx.o
 .debug_line    0x00000a16      0x480 ..\obj\main.o
 .debug_line    0x00000e96      0x7c5 ..\obj\vga_api.o
 .debug_line    0x0000165b      0x5d5 ..\obj\stm32f4xx_rcc.o
 .debug_line    0x00001c30      0x390 ..\obj\stm32f4xx_gpio.o
 .debug_line    0x00001fc0      0x208 ..\obj\system_stm32f4xx.o
 .debug_line    0x000021c8      0x45a ..\obj\stm32f4xx_dma.o
 .debug_line    0x00002622      0x3c2 ..\obj\stm32_ub_vga_screen.o
 .debug_line    0x000029e4      0x26e ..\obj\misc.o
 .debug_line    0x00002c52      0xaf1 ..\obj\stm32f4xx_tim.o

.debug_str      0x00000000     0x30de
 .debug_str     0x00000000      0x629 ..\obj\stm32f4xx_usart.o
                                0x6a4 (size before relaxing)
 .debug_str     0x00000629      0xcf1 ..\obj\uart.o
                                0xf8c (size before relaxing)
 .debug_str     0x0000131a       0xc7 ..\obj\startup_stm32f4xx.o
                                0x15e (size before relaxing)
 .debug_str     0x000013e1      0x10b ..\obj\main.o
                                0x75b (size before relaxing)
 .debug_str     0x000014ec      0x1b1 ..\obj\vga_api.o
                                0x774 (size before relaxing)
 .debug_str     0x0000169d      0x5e8 ..\obj\stm32f4xx_rcc.o
                                0x865 (size before relaxing)
 .debug_str     0x00001c85      0x1a8 ..\obj\stm32f4xx_gpio.o
                                0x4b8 (size before relaxing)
 .debug_str     0x00001e2d      0x10d ..\obj\system_stm32f4xx.o
                                0x3af (size before relaxing)
 .debug_str     0x00001f3a      0x396 ..\obj\stm32f4xx_dma.o
                                0x557 (size before relaxing)
 .debug_str     0x000022d0      0x2a5 ..\obj\stm32_ub_vga_screen.o
                                0xcf2 (size before relaxing)
 .debug_str     0x00002575      0x166 ..\obj\misc.o
                                0x3e3 (size before relaxing)
 .debug_str     0x000026db      0xa03 ..\obj\stm32f4xx_tim.o
                                0xde5 (size before relaxing)

.comment        0x00000000       0x7f
 .comment       0x00000000       0x7f ..\obj\stm32f4xx_usart.o
                                 0x80 (size before relaxing)
 .comment       0x0000007f       0x80 ..\obj\uart.o
 .comment       0x0000007f       0x80 ..\obj\startup_stm32f4xx.o
 .comment       0x0000007f       0x80 ..\obj\main.o
 .comment       0x0000007f       0x80 ..\obj\vga_api.o
 .comment       0x0000007f       0x80 ..\obj\stm32f4xx_rcc.o
 .comment       0x0000007f       0x80 ..\obj\stm32f4xx_gpio.o
 .comment       0x0000007f       0x80 ..\obj\system_stm32f4xx.o
 .comment       0x0000007f       0x80 ..\obj\stm32f4xx_dma.o
 .comment       0x0000007f       0x80 ..\obj\stm32_ub_vga_screen.o
 .comment       0x0000007f       0x80 ..\obj\misc.o
 .comment       0x0000007f       0x80 ..\obj\stm32f4xx_tim.o

.ARM.attributes
                0x00000000       0x31
 .ARM.attributes
                0x00000000       0x33 ..\obj\stm32f4xx_usart.o
 .ARM.attributes
                0x00000033       0x33 ..\obj\uart.o
 .ARM.attributes
                0x00000066       0x33 ..\obj\startup_stm32f4xx.o
 .ARM.attributes
                0x00000099       0x33 ..\obj\main.o
 .ARM.attributes
                0x000000cc       0x33 ..\obj\vga_api.o
 .ARM.attributes
                0x000000ff       0x33 ..\obj\stm32f4xx_rcc.o
 .ARM.attributes
                0x00000132       0x33 ..\obj\stm32f4xx_gpio.o
 .ARM.attributes
                0x00000165       0x33 ..\obj\system_stm32f4xx.o
 .ARM.attributes
                0x00000198       0x33 ..\obj\stm32f4xx_dma.o
 .ARM.attributes
                0x000001cb       0x33 ..\obj\stm32_ub_vga_screen.o
 .ARM.attributes
                0x000001fe       0x33 ..\obj\misc.o
 .ARM.attributes
                0x00000231       0x33 ..\obj\stm32f4xx_tim.o
 .ARM.attributes
                0x00000264       0x1e c:/gcc-arm-none-eabi-6-2017-q1-update-win32/bin/../lib/gcc/arm-none-eabi/6.3.1/thumb/v7e-m\libgcc.a(_arm_addsubdf3.o)
 .ARM.attributes
                0x00000282       0x1e c:/gcc-arm-none-eabi-6-2017-q1-update-win32/bin/../lib/gcc/arm-none-eabi/6.3.1/thumb/v7e-m\libgcc.a(_arm_muldivdf3.o)
 .ARM.attributes
                0x000002a0       0x1e c:/gcc-arm-none-eabi-6-2017-q1-update-win32/bin/../lib/gcc/arm-none-eabi/6.3.1/thumb/v7e-m\libgcc.a(_arm_fixdfsi.o)
 .ARM.attributes
                0x000002be       0x1e c:/gcc-arm-none-eabi-6-2017-q1-update-win32/bin/../lib/gcc/arm-none-eabi/6.3.1/thumb/v7e-m\libgcc.a(_arm_addsubsf3.o)
 .ARM.attributes
                0x000002dc       0x1e c:/gcc-arm-none-eabi-6-2017-q1-update-win32/bin/../lib/gcc/arm-none-eabi/6.3.1/thumb/v7e-m\libgcc.a(_arm_muldivsf3.o)
 .ARM.attributes
                0x000002fa       0x1e c:/gcc-arm-none-eabi-6-2017-q1-update-win32/bin/../lib/gcc/arm-none-eabi/6.3.1/thumb/v7e-m\libgcc.a(_arm_cmpsf2.o)
 .ARM.attributes
                0x00000318       0x1e c:/gcc-arm-none-eabi-6-2017-q1-update-win32/bin/../lib/gcc/arm-none-eabi/6.3.1/thumb/v7e-m\libgcc.a(_arm_fixunssfsi.o)
 .ARM.attributes
                0x00000336       0x2e c:/gcc-arm-none-eabi-6-2017-q1-update-win32/bin/../lib/gcc/arm-none-eabi/6.3.1/../../../../arm-none-eabi/lib/thumb/v7e-m\libg.a(lib_a-atoi.o)
 .ARM.attributes
                0x00000364       0x2e c:/gcc-arm-none-eabi-6-2017-q1-update-win32/bin/../lib/gcc/arm-none-eabi/6.3.1/../../../../arm-none-eabi/lib/thumb/v7e-m\libg.a(lib_a-memset.o)
 .ARM.attributes
                0x00000392       0x1c c:/gcc-arm-none-eabi-6-2017-q1-update-win32/bin/../lib/gcc/arm-none-eabi/6.3.1/../../../../arm-none-eabi/lib/thumb/v7e-m\libg.a(lib_a-strcmp.o)
 .ARM.attributes
                0x000003ae       0x1c c:/gcc-arm-none-eabi-6-2017-q1-update-win32/bin/../lib/gcc/arm-none-eabi/6.3.1/../../../../arm-none-eabi/lib/thumb/v7e-m\libg.a(lib_a-strlen.o)
 .ARM.attributes
                0x000003ca       0x2e c:/gcc-arm-none-eabi-6-2017-q1-update-win32/bin/../lib/gcc/arm-none-eabi/6.3.1/../../../../arm-none-eabi/lib/thumb/v7e-m\libg.a(lib_a-strtol.o)
 .ARM.attributes
                0x000003f8       0x2e c:/gcc-arm-none-eabi-6-2017-q1-update-win32/bin/../lib/gcc/arm-none-eabi/6.3.1/../../../../arm-none-eabi/lib/thumb/v7e-m\libg.a(lib_a-impure.o)
 .ARM.attributes
                0x00000426       0x2e c:/gcc-arm-none-eabi-6-2017-q1-update-win32/bin/../lib/gcc/arm-none-eabi/6.3.1/../../../../arm-none-eabi/lib/thumb/v7e-m\libg.a(lib_a-locale.o)
 .ARM.attributes
                0x00000454       0x2e c:/gcc-arm-none-eabi-6-2017-q1-update-win32/bin/../lib/gcc/arm-none-eabi/6.3.1/../../../../arm-none-eabi/lib/thumb/v7e-m\libg.a(lib_a-mbtowc_r.o)
 .ARM.attributes
                0x00000482       0x2e c:/gcc-arm-none-eabi-6-2017-q1-update-win32/bin/../lib/gcc/arm-none-eabi/6.3.1/../../../../arm-none-eabi/lib/thumb/v7e-m\libg.a(lib_a-wctomb_r.o)
 .ARM.attributes
                0x000004b0       0x2e c:/gcc-arm-none-eabi-6-2017-q1-update-win32/bin/../lib/gcc/arm-none-eabi/6.3.1/../../../../arm-none-eabi/lib/thumb/v7e-m\libg.a(lib_a-ctype_.o)

.debug_frame    0x00000000     0x2b1c
 .debug_frame   0x00000000      0x490 ..\obj\stm32f4xx_usart.o
 .debug_frame   0x00000490      0x198 ..\obj\uart.o
 .debug_frame   0x00000628       0x4c ..\obj\startup_stm32f4xx.o
 .debug_frame   0x00000674       0xf4 ..\obj\main.o
 .debug_frame   0x00000768      0x1c4 ..\obj\vga_api.o
 .debug_frame   0x0000092c      0x6d4 ..\obj\stm32f4xx_rcc.o
 .debug_frame   0x00001000      0x23c ..\obj\stm32f4xx_gpio.o
 .debug_frame   0x0000123c       0x7c ..\obj\system_stm32f4xx.o
 .debug_frame   0x000012b8      0x308 ..\obj\stm32f4xx_dma.o
 .debug_frame   0x000015c0      0x148 ..\obj\stm32_ub_vga_screen.o
 .debug_frame   0x00001708       0xd8 ..\obj\misc.o
 .debug_frame   0x000017e0      0xe54 ..\obj\stm32f4xx_tim.o
 .debug_frame   0x00002634       0xac c:/gcc-arm-none-eabi-6-2017-q1-update-win32/bin/../lib/gcc/arm-none-eabi/6.3.1/thumb/v7e-m\libgcc.a(_arm_addsubdf3.o)
 .debug_frame   0x000026e0       0x50 c:/gcc-arm-none-eabi-6-2017-q1-update-win32/bin/../lib/gcc/arm-none-eabi/6.3.1/thumb/v7e-m\libgcc.a(_arm_muldivdf3.o)
 .debug_frame   0x00002730       0x24 c:/gcc-arm-none-eabi-6-2017-q1-update-win32/bin/../lib/gcc/arm-none-eabi/6.3.1/thumb/v7e-m\libgcc.a(_arm_fixdfsi.o)
 .debug_frame   0x00002754       0x4c c:/gcc-arm-none-eabi-6-2017-q1-update-win32/bin/../lib/gcc/arm-none-eabi/6.3.1/thumb/v7e-m\libgcc.a(_arm_addsubsf3.o)
 .debug_frame   0x000027a0       0x38 c:/gcc-arm-none-eabi-6-2017-q1-update-win32/bin/../lib/gcc/arm-none-eabi/6.3.1/thumb/v7e-m\libgcc.a(_arm_muldivsf3.o)
 .debug_frame   0x000027d8       0xc8 c:/gcc-arm-none-eabi-6-2017-q1-update-win32/bin/../lib/gcc/arm-none-eabi/6.3.1/thumb/v7e-m\libgcc.a(_arm_cmpsf2.o)
 .debug_frame   0x000028a0       0x24 c:/gcc-arm-none-eabi-6-2017-q1-update-win32/bin/../lib/gcc/arm-none-eabi/6.3.1/thumb/v7e-m\libgcc.a(_arm_fixunssfsi.o)
 .debug_frame   0x000028c4       0x30 c:/gcc-arm-none-eabi-6-2017-q1-update-win32/bin/../lib/gcc/arm-none-eabi/6.3.1/../../../../arm-none-eabi/lib/thumb/v7e-m\libg.a(lib_a-atoi.o)
 .debug_frame   0x000028f4       0x34 c:/gcc-arm-none-eabi-6-2017-q1-update-win32/bin/../lib/gcc/arm-none-eabi/6.3.1/../../../../arm-none-eabi/lib/thumb/v7e-m\libg.a(lib_a-memset.o)
 .debug_frame   0x00002928       0x68 c:/gcc-arm-none-eabi-6-2017-q1-update-win32/bin/../lib/gcc/arm-none-eabi/6.3.1/../../../../arm-none-eabi/lib/thumb/v7e-m\libg.a(lib_a-strcmp.o)
 .debug_frame   0x00002990       0x98 c:/gcc-arm-none-eabi-6-2017-q1-update-win32/bin/../lib/gcc/arm-none-eabi/6.3.1/../../../../arm-none-eabi/lib/thumb/v7e-m\libg.a(lib_a-strtol.o)
 .debug_frame   0x00002a28       0x6c c:/gcc-arm-none-eabi-6-2017-q1-update-win32/bin/../lib/gcc/arm-none-eabi/6.3.1/../../../../arm-none-eabi/lib/thumb/v7e-m\libg.a(lib_a-locale.o)
 .debug_frame   0x00002a94       0x4c c:/gcc-arm-none-eabi-6-2017-q1-update-win32/bin/../lib/gcc/arm-none-eabi/6.3.1/../../../../arm-none-eabi/lib/thumb/v7e-m\libg.a(lib_a-mbtowc_r.o)
 .debug_frame   0x00002ae0       0x3c c:/gcc-arm-none-eabi-6-2017-q1-update-win32/bin/../lib/gcc/arm-none-eabi/6.3.1/../../../../arm-none-eabi/lib/thumb/v7e-m\libg.a(lib_a-wctomb_r.o)
