Archive member included to satisfy reference by file (symbol)

c:/gcc-arm-none-eabi-6-2017-q1-update-win32/bin/../lib/gcc/arm-none-eabi/6.3.1/thumb/v7e-m\libgcc.a(_arm_addsubdf3.o)
                              ..\obj\vga_api.o (__aeabi_dsub)
c:/gcc-arm-none-eabi-6-2017-q1-update-win32/bin/../lib/gcc/arm-none-eabi/6.3.1/thumb/v7e-m\libgcc.a(_arm_muldivdf3.o)
                              ..\obj\vga_api.o (__aeabi_dmul)
c:/gcc-arm-none-eabi-6-2017-q1-update-win32/bin/../lib/gcc/arm-none-eabi/6.3.1/thumb/v7e-m\libgcc.a(_arm_fixdfsi.o)
                              ..\obj\vga_api.o (__aeabi_d2iz)
c:/gcc-arm-none-eabi-6-2017-q1-update-win32/bin/../lib/gcc/arm-none-eabi/6.3.1/thumb/v7e-m\libgcc.a(_arm_addsubsf3.o)
                              ..\obj\vga_api.o (__aeabi_fadd)
c:/gcc-arm-none-eabi-6-2017-q1-update-win32/bin/../lib/gcc/arm-none-eabi/6.3.1/thumb/v7e-m\libgcc.a(_arm_muldivsf3.o)
                              ..\obj\vga_api.o (__aeabi_fmul)
c:/gcc-arm-none-eabi-6-2017-q1-update-win32/bin/../lib/gcc/arm-none-eabi/6.3.1/thumb/v7e-m\libgcc.a(_arm_cmpsf2.o)
                              ..\obj\vga_api.o (__aeabi_fcmple)
c:/gcc-arm-none-eabi-6-2017-q1-update-win32/bin/../lib/gcc/arm-none-eabi/6.3.1/thumb/v7e-m\libgcc.a(_arm_fixunssfsi.o)
                              ..\obj\vga_api.o (__aeabi_f2uiz)
c:/gcc-arm-none-eabi-6-2017-q1-update-win32/bin/../lib/gcc/arm-none-eabi/6.3.1/../../../../arm-none-eabi/lib/thumb/v7e-m\libg.a(lib_a-vsnprintf.o)
                              ..\obj\uart.o (vsnprintf)
c:/gcc-arm-none-eabi-6-2017-q1-update-win32/bin/../lib/gcc/arm-none-eabi/6.3.1/../../../../arm-none-eabi/lib/thumb/v7e-m\libg.a(lib_a-impure.o)
                              c:/gcc-arm-none-eabi-6-2017-q1-update-win32/bin/../lib/gcc/arm-none-eabi/6.3.1/../../../../arm-none-eabi/lib/thumb/v7e-m\libg.a(lib_a-vsnprintf.o) (_impure_ptr)
c:/gcc-arm-none-eabi-6-2017-q1-update-win32/bin/../lib/gcc/arm-none-eabi/6.3.1/../../../../arm-none-eabi/lib/thumb/v7e-m\libg.a(lib_a-svfprintf.o)
                              c:/gcc-arm-none-eabi-6-2017-q1-update-win32/bin/../lib/gcc/arm-none-eabi/6.3.1/../../../../arm-none-eabi/lib/thumb/v7e-m\libg.a(lib_a-vsnprintf.o) (_svfprintf_r)
c:/gcc-arm-none-eabi-6-2017-q1-update-win32/bin/../lib/gcc/arm-none-eabi/6.3.1/../../../../arm-none-eabi/lib/thumb/v7e-m\libg.a(lib_a-dtoa.o)
                              c:/gcc-arm-none-eabi-6-2017-q1-update-win32/bin/../lib/gcc/arm-none-eabi/6.3.1/../../../../arm-none-eabi/lib/thumb/v7e-m\libg.a(lib_a-svfprintf.o) (_dtoa_r)
c:/gcc-arm-none-eabi-6-2017-q1-update-win32/bin/../lib/gcc/arm-none-eabi/6.3.1/../../../../arm-none-eabi/lib/thumb/v7e-m\libg.a(lib_a-localeconv.o)
                              c:/gcc-arm-none-eabi-6-2017-q1-update-win32/bin/../lib/gcc/arm-none-eabi/6.3.1/../../../../arm-none-eabi/lib/thumb/v7e-m\libg.a(lib_a-svfprintf.o) (_localeconv_r)
c:/gcc-arm-none-eabi-6-2017-q1-update-win32/bin/../lib/gcc/arm-none-eabi/6.3.1/../../../../arm-none-eabi/lib/thumb/v7e-m\libg.a(lib_a-mallocr.o)
                              c:/gcc-arm-none-eabi-6-2017-q1-update-win32/bin/../lib/gcc/arm-none-eabi/6.3.1/../../../../arm-none-eabi/lib/thumb/v7e-m\libg.a(lib_a-svfprintf.o) (_malloc_r)
c:/gcc-arm-none-eabi-6-2017-q1-update-win32/bin/../lib/gcc/arm-none-eabi/6.3.1/../../../../arm-none-eabi/lib/thumb/v7e-m\libg.a(lib_a-memchr.o)
                              c:/gcc-arm-none-eabi-6-2017-q1-update-win32/bin/../lib/gcc/arm-none-eabi/6.3.1/../../../../arm-none-eabi/lib/thumb/v7e-m\libg.a(lib_a-svfprintf.o) (memchr)
c:/gcc-arm-none-eabi-6-2017-q1-update-win32/bin/../lib/gcc/arm-none-eabi/6.3.1/../../../../arm-none-eabi/lib/thumb/v7e-m\libg.a(lib_a-memcpy.o)
                              c:/gcc-arm-none-eabi-6-2017-q1-update-win32/bin/../lib/gcc/arm-none-eabi/6.3.1/../../../../arm-none-eabi/lib/thumb/v7e-m\libg.a(lib_a-dtoa.o) (memcpy)
c:/gcc-arm-none-eabi-6-2017-q1-update-win32/bin/../lib/gcc/arm-none-eabi/6.3.1/../../../../arm-none-eabi/lib/thumb/v7e-m\libg.a(lib_a-mlock.o)
                              c:/gcc-arm-none-eabi-6-2017-q1-update-win32/bin/../lib/gcc/arm-none-eabi/6.3.1/../../../../arm-none-eabi/lib/thumb/v7e-m\libg.a(lib_a-mallocr.o) (__malloc_lock)
c:/gcc-arm-none-eabi-6-2017-q1-update-win32/bin/../lib/gcc/arm-none-eabi/6.3.1/../../../../arm-none-eabi/lib/thumb/v7e-m\libg.a(lib_a-mprec.o)
                              c:/gcc-arm-none-eabi-6-2017-q1-update-win32/bin/../lib/gcc/arm-none-eabi/6.3.1/../../../../arm-none-eabi/lib/thumb/v7e-m\libg.a(lib_a-dtoa.o) (_Balloc)
c:/gcc-arm-none-eabi-6-2017-q1-update-win32/bin/../lib/gcc/arm-none-eabi/6.3.1/../../../../arm-none-eabi/lib/thumb/v7e-m\libg.a(lib_a-sbrkr.o)
                              c:/gcc-arm-none-eabi-6-2017-q1-update-win32/bin/../lib/gcc/arm-none-eabi/6.3.1/../../../../arm-none-eabi/lib/thumb/v7e-m\libg.a(lib_a-mallocr.o) (_sbrk_r)
[...]
Memory Configuration

Name             Origin             Length             Attributes
rom              0x08000000         0x00100000         xr
ram              0x20000000         0x00020000         xrw
ram1             0x10000000         0x00010000         xrw
*default*        0x00000000         0xffffffff

Linker script and memory map

                0x20020000                _eram = 0x20020000

.text           0x08000000     0x1b6c
 *(.isr_vector)
 .isr_vector    0x08000000      0x188 ..\obj\startup_stm32f4xx.o
                0x08000000                g_pfnVectors
 *(.text*)
 .text.USART_Init
                0x08000188      0x174 ..\obj\stm32f4xx_usart.o
                0x08000188                USART_Init
 .text.USART_Cmd
                0x080002fc       0x3e ..\obj\stm32f4xx_usart.o
                0x080002fc                USART_Cmd
 .text.USART_SendData
                0x0800033a       0x22 ..\obj\stm32f4xx_usart.o
                0x0800033a                USART_SendData
 .text.USART_ITConfig
                0x0800035c       0x8e ..\obj\stm32f4xx_usart.o
                0x0800035c                USART_ITConfig
 .text.USART_GetFlagStatus
                0x080003ea       0x36 ..\obj\stm32f4xx_usart.o
                0x080003ea                USART_GetFlagStatus
 .text.USART_GetITStatus
                0x08000420       0xb4 ..\obj\stm32f4xx_usart.o
                0x08000420                USART_GetITStatus
 .text.USART_ClearITPendingBit
                0x080004d4       0x38 ..\obj\stm32f4xx_usart.o
                0x080004d4                USART_ClearITPendingBit
 .text.UART_init
                0x0800050c       0x94 ..\obj\uart.o
                0x0800050c                UART_init
 .text.UART_INT_init
                0x080005a0       0x26 ..\obj\uart.o
                0x080005a0                UART_INT_init
 *fill*         0x080005c6        0x2 
 .text.USART2_IRQHandler
                0x080005c8       0x8c ..\obj\uart.o
                0x080005c8                USART2_IRQHandler
 .text.Default_Reset_Handler
                0x08000654       0x5c ..\obj\startup_stm32f4xx.o
                0x08000654                Default_Reset_Handler
                0x08000654                Reset_Handler
 .text.Default_Handler
                0x080006b0        0x6 ..\obj\startup_stm32f4xx.o
                0x080006b0                RTC_Alarm_IRQHandler
                0x080006b0                HASH_RNG_IRQHandler
                0x080006b0                EXTI2_IRQHandler
                0x080006b0                TIM8_CC_IRQHandler
                0x080006b0                DebugMon_Handler
                0x080006b0                TIM1_CC_IRQHandler
                0x080006b0                HardFault_Handler
                0x080006b0                DMA1_Stream5_IRQHandler
                0x080006b0                SysTick_Handler
                0x080006b0                PVD_IRQHandler
                0x080006b0                SDIO_IRQHandler
                0x080006b0                TAMP_STAMP_IRQHandler
                0x080006b0                PendSV_Handler
                0x080006b0                NMI_Handler
                0x080006b0                CAN2_RX1_IRQHandler
                0x080006b0                EXTI3_IRQHandler
                0x080006b0                TIM8_TRG_COM_TIM14_IRQHandler
                0x080006b0                TIM1_UP_TIM10_IRQHandler
                0x080006b0                TIM8_UP_TIM13_IRQHandler
                0x080006b0                I2C3_ER_IRQHandler
                0x080006b0                EXTI0_IRQHandler
                0x080006b0                I2C2_EV_IRQHandler
                0x080006b0                DMA1_Stream2_IRQHandler
                0x080006b0                CAN1_RX0_IRQHandler
                0x080006b0                FPU_IRQHandler
                0x080006b0                OTG_HS_WKUP_IRQHandler
                0x080006b0                UsageFault_Handler
                0x080006b0                CAN2_SCE_IRQHandler
                0x080006b0                DMA2_Stream2_IRQHandler
                0x080006b0                SPI1_IRQHandler
                0x080006b0                TIM6_DAC_IRQHandler
                0x080006b0                TIM1_BRK_TIM9_IRQHandler
                0x080006b0                DCMI_IRQHandler
                0x080006b0                CAN2_RX0_IRQHandler
                0x080006b0                DMA2_Stream3_IRQHandler
                0x080006b0                USART6_IRQHandler
                0x080006b0                USART3_IRQHandler
                0x080006b0                CRYP_IRQHandler
                0x080006b0                CAN1_RX1_IRQHandler
                0x080006b0                UART5_IRQHandler
                0x080006b0                DMA2_Stream0_IRQHandler
                0x080006b0                TIM4_IRQHandler
                0x080006b0                I2C1_EV_IRQHandler
                0x080006b0                DMA1_Stream6_IRQHandler
                0x080006b0                DMA1_Stream1_IRQHandler
                0x080006b0                UART4_IRQHandler
                0x080006b0                TIM3_IRQHandler
                0x080006b0                RCC_IRQHandler
                0x080006b0                TIM8_BRK_TIM12_IRQHandler
                0x080006b0                EXTI15_10_IRQHandler
                0x080006b0                ADC_IRQHandler
                0x080006b0                DMA1_Stream7_IRQHandler
                0x080006b0                TIM7_IRQHandler
                0x080006b0                CAN2_TX_IRQHandler
                0x080006b0                TIM5_IRQHandler
                0x080006b0                DMA2_Stream7_IRQHandler
                0x080006b0                I2C3_EV_IRQHandler
                0x080006b0                EXTI9_5_IRQHandler
                0x080006b0                RTC_WKUP_IRQHandler
                0x080006b0                ETH_WKUP_IRQHandler
                0x080006b0                SPI2_IRQHandler
                0x080006b0                OTG_HS_EP1_IN_IRQHandler
                0x080006b0                MemManage_Handler
                0x080006b0                DMA1_Stream0_IRQHandler
                0x080006b0                CAN1_TX_IRQHandler
                0x080006b0                SVC_Handler
                0x080006b0                EXTI4_IRQHandler
                0x080006b0                FSMC_IRQHandler
                0x080006b0                ETH_IRQHandler
                0x080006b0                OTG_HS_EP1_OUT_IRQHandler
                0x080006b0                WWDG_IRQHandler
                0x080006b0                OTG_FS_WKUP_IRQHandler
                0x080006b0                TIM1_TRG_COM_TIM11_IRQHandler
                0x080006b0                OTG_HS_IRQHandler
                0x080006b0                EXTI1_IRQHandler
                0x080006b0                I2C2_ER_IRQHandler
                0x080006b0                DMA2_Stream1_IRQHandler
                0x080006b0                CAN1_SCE_IRQHandler
                0x080006b0                FLASH_IRQHandler
                0x080006b0                DMA2_Stream4_IRQHandler
                0x080006b0                BusFault_Handler
                0x080006b0                USART1_IRQHandler
                0x080006b0                OTG_FS_IRQHandler
                0x080006b0                SPI3_IRQHandler
                0x080006b0                DMA1_Stream4_IRQHandler
                0x080006b0                I2C1_ER_IRQHandler
                0x080006b0                DMA2_Stream6_IRQHandler
                0x080006b0                DMA1_Stream3_IRQHandler
 *fill*         0x080006b6        0x2 
 .text.main     0x080006b8       0xcc ..\obj\main.o
                0x080006b8                main
 .text.rechthoek
                0x08000784      0x166 ..\obj\vga_api.o
                0x08000784                rechthoek
 *fill*         0x080008ea        0x2 
 .text.setpixel
                0x080008ec       0x4c ..\obj\vga_api.o
                0x080008ec                setpixel
 .text.clearscherm
                0x08000938       0x46 ..\obj\vga_api.o
                0x08000938                clearscherm
 *fill*         0x0800097e        0x2 
 .text.RCC_GetClocksFreq
                0x08000980      0x150 ..\obj\stm32f4xx_rcc.o
                0x08000980                RCC_GetClocksFreq
 .text.RCC_AHB1PeriphClockCmd
                0x08000ad0       0x3c ..\obj\stm32f4xx_rcc.o
                0x08000ad0                RCC_AHB1PeriphClockCmd
 .text.RCC_APB1PeriphClockCmd
                0x08000b0c       0x3c ..\obj\stm32f4xx_rcc.o
                0x08000b0c                RCC_APB1PeriphClockCmd
 .text.RCC_APB2PeriphClockCmd
                0x08000b48       0x3c ..\obj\stm32f4xx_rcc.o
                0x08000b48                RCC_APB2PeriphClockCmd
 .text.GPIO_Init
                0x08000b84      0x11a ..\obj\stm32f4xx_gpio.o
                0x08000b84                GPIO_Init
 .text.GPIO_PinAFConfig
                0x08000c9e       0x90 ..\obj\stm32f4xx_gpio.o
                0x08000c9e                GPIO_PinAFConfig
 *fill*         0x08000d2e        0x2 
 .text.SystemInit
                0x08000d30       0x5c ..\obj\system_stm32f4xx.o
                0x08000d30                SystemInit
 .text.SetSysClock
                0x08000d8c       0xf4 ..\obj\system_stm32f4xx.o
 .text.DMA_DeInit
                0x08000e80      0x1a4 ..\obj\stm32f4xx_dma.o
                0x08000e80                DMA_DeInit
 .text.DMA_Init
                0x08001024       0xac ..\obj\stm32f4xx_dma.o
                0x08001024                DMA_Init
 .text.DMA_Cmd  0x080010d0       0x36 ..\obj\stm32f4xx_dma.o
                0x080010d0                DMA_Cmd
 .text.DMA_ITConfig
                0x08001106       0x72 ..\obj\stm32f4xx_dma.o
                0x08001106                DMA_ITConfig
 .text.DMA_GetITStatus
                0x08001178       0xac ..\obj\stm32f4xx_dma.o
                0x08001178                DMA_GetITStatus
 .text.DMA_ClearITPendingBit
                0x08001224       0x5c ..\obj\stm32f4xx_dma.o
                0x08001224                DMA_ClearITPendingBit
 .text.UB_VGA_Screen_Init
                0x08001280       0x80 ..\obj\stm32_ub_vga_screen.o
                0x08001280                UB_VGA_Screen_Init
 .text.P_VGA_InitIO
                0x08001300       0xa8 ..\obj\stm32_ub_vga_screen.o
                0x08001300                P_VGA_InitIO
 .text.P_VGA_InitTIM
                0x080013a8       0xcc ..\obj\stm32_ub_vga_screen.o
                0x080013a8                P_VGA_InitTIM
 .text.P_VGA_InitINT
                0x08001474       0x58 ..\obj\stm32_ub_vga_screen.o
                0x08001474                P_VGA_InitINT
 .text.P_VGA_InitDMA
                0x080014cc       0x90 ..\obj\stm32_ub_vga_screen.o
                0x080014cc                P_VGA_InitDMA
 .text.TIM2_IRQHandler
                0x0800155c       0xbc ..\obj\stm32_ub_vga_screen.o
                0x0800155c                TIM2_IRQHandler
 .text.DMA2_Stream5_IRQHandler
                0x08001618       0x4c ..\obj\stm32_ub_vga_screen.o
                0x08001618                DMA2_Stream5_IRQHandler
 .text.NVIC_Init
                0x08001664       0xc4 ..\obj\misc.o
                0x08001664                NVIC_Init
 .text.TIM_TimeBaseInit
                0x08001728       0xd4 ..\obj\stm32f4xx_tim.o
                0x08001728                TIM_TimeBaseInit
 .text.TIM_ARRPreloadConfig
                0x080017fc       0x3e ..\obj\stm32f4xx_tim.o
                0x080017fc                TIM_ARRPreloadConfig
 .text.TIM_Cmd  0x0800183a       0x3e ..\obj\stm32f4xx_tim.o
                0x0800183a                TIM_Cmd
 .text.TIM_OC3Init
                0x08001878      0x10c ..\obj\stm32f4xx_tim.o
                0x08001878                TIM_OC3Init
 .text.TIM_OC4Init
                0x08001984       0xcc ..\obj\stm32f4xx_tim.o
                0x08001984                TIM_OC4Init
 .text.TIM_OC3PreloadConfig
                0x08001a50       0x36 ..\obj\stm32f4xx_tim.o
                0x08001a50                TIM_OC3PreloadConfig
 .text.TIM_OC4PreloadConfig
                0x08001a86       0x3a ..\obj\stm32f4xx_tim.o
                0x08001a86                TIM_OC4PreloadConfig
 .text.TIM_ITConfig
                0x08001ac0       0x46 ..\obj\stm32f4xx_tim.o
                0x08001ac0                TIM_ITConfig
 .text.TIM_ClearITPendingBit
                0x08001b06       0x20 ..\obj\stm32f4xx_tim.o
                0x08001b06                TIM_ClearITPendingBit
 .text.TIM_DMACmd
                0x08001b26       0x46 ..\obj\stm32f4xx_tim.o
                0x08001b26                TIM_DMACmd
 *(.init)
 *(.fini)
 *crtbegin.o(.ctors)
 *crtbegin?.o(.ctors)
 *(EXCLUDE_FILE(*crtend.o *crtend?.o) .ctors)
 *(SORT(.ctors.*))
 *(.ctors)
 *crtbegin.o(.dtors)
 *crtbegin?.o(.dtors)
 *(EXCLUDE_FILE(*crtend.o *crtend?.o) .dtors)
 *(SORT(.dtors.*))
 *(.dtors)
 *(.rodata*)
 *(.eh_fram e*)

.glue_7         0x08001b6c        0x0
 .glue_7        0x08001b6c        0x0 linker stubs

.glue_7t        0x08001b6c        0x0
 .glue_7t       0x08001b6c        0x0 linker stubs

.vfp11_veneer   0x08001b6c        0x0
 .vfp11_veneer  0x08001b6c        0x0 linker stubs

.v4_bx          0x08001b6c        0x0
 .v4_bx         0x08001b6c        0x0 linker stubs

.iplt           0x08001b6c        0x0
 .iplt          0x08001b6c        0x0 ..\obj\stm32f4xx_usart.o

.rel.dyn        0x08001b6c        0x0
 .rel.iplt      0x08001b6c        0x0 ..\obj\stm32f4xx_usart.o

.ARM.extab
 *(.ARM.extab* .gnu.linkonce.armextab.*)
                0x08001b6c                __exidx_start = .

.ARM.exidx
 *(.ARM.exidx* .gnu.linkonce.armexidx.*)
                0x08001b6c                __exidx_end = .
                0x08001b6c                __etext = .
                0x08001b6c                _sidata = __etext

.data           0x20000000       0x10 load address 0x08001b6c
                0x20000000                __data_start__ = .
                0x20000000                _sdata = __data_start__
 *(vtable)
 *(.data*)
 .data          0x20000000       0x10 ..\obj\stm32f4xx_rcc.o
                0x20000010                . = ALIGN (0x4)
                [!provide]                PROVIDE (__preinit_array_start, .)
 *(.preinit_array)
                [!provide]                PROVIDE (__preinit_array_end, .)
                0x20000010                . = ALIGN (0x4)
                [!provide]                PROVIDE (__init_array_start, .)
 *(SORT(.init_array.*))
 *(.init_array)
                [!provide]                PROVIDE (__init_array_end, .)
                0x20000010                . = ALIGN (0x4)
                [!provide]                PROVIDE (__fini_array_start, .)
 *(SORT(.fini_array.*))
 *(.fini_array)
                [!provide]                PROVIDE (__fini_array_end, .)
 *(.jcr*)
                0x20000010                . = ALIGN (0x4)
                0x20000010                __data_end__ = .
                0x20000010                _edata = __data_end__

.igot.plt       0x20000010        0x0 load address 0x08001b7c
 .igot.plt      0x20000010        0x0 ..\obj\stm32f4xx_usart.o

.bss            0x20000010    0x12d64 load address 0x08001b7c
                0x20000010                . = ALIGN (0x4)
                0x20000010                __bss_start__ = .
                0x20000010                _sbss = __bss_start__
 *(.bss*)
 .bss           0x20000010        0x4 ..\obj\uart.o
                0x20000010                charcounter
 *(COMMON)
 COMMON         0x20000014    0x12d60 ..\obj\uart.o
                0x20000014                string
                0x20000078                VGA
                0x20000084                VGA_RAM1
                0x20012d74                . = ALIGN (0x4)
                0x20012d74                __bss_end__ = .
                0x20012d74                _ebss = __bss_end__

.heap           0x20012d74        0x0
                0x20012d74                __end__ = .
                0x20012d74                _end = __end__
                0x20012d74                end = __end__
 *(.heap*)
                0x20012d74                __HeapLimit = .

.co_stack       0x20012d74      0x804 load address 0x080148e0
                0x20012d78                . = ALIGN (0x8)
 *fill*         0x20012d74        0x4 
 *(.co_stack .co_stack.*)
 .co_stack      0x20012d78      0x800 ..\obj\startup_stm32f4xx.o
                0x20012d78                pulStack
                0x20020000                __StackTop = (ORIGIN (ram) + LENGTH (ram))
                0x2001f7fc                __StackLimit = (__StackTop - SIZEOF (.co_stack))
                [!provide]                PROVIDE (__stack, __StackTop)
                0x00000001                ASSERT ((__StackLimit >= __HeapLimit), region ram  overflowed with stack)
LOAD ..\obj\stm32f4xx_usart.o
LOAD ..\obj\uart.o
LOAD ..\obj\startup_stm32f4xx.o
LOAD ..\obj\main.o
LOAD ..\obj\vga_api.o
LOAD ..\obj\stm32f4xx_rcc.o
LOAD ..\obj\stm32f4xx_gpio.o
LOAD ..\obj\system_stm32f4xx.o
LOAD ..\obj\stm32f4xx_dma.o
LOAD ..\obj\stm32_ub_vga_screen.o
LOAD ..\obj\misc.o
LOAD ..\obj\stm32f4xx_tim.o
LOAD c:/gcc-arm-none-eabi-6-2017-q1-update-win32/bin/../lib/gcc/arm-none-eabi/6.3.1/../../../../arm-none-eabi/lib/thumb/v7e-m\libm.a
START GROUP
LOAD c:/gcc-arm-none-eabi-6-2017-q1-update-win32/bin/../lib/gcc/arm-none-eabi/6.3.1/thumb/v7e-m\libgcc.a
LOAD c:/gcc-arm-none-eabi-6-2017-q1-update-win32/bin/../lib/gcc/arm-none-eabi/6.3.1/../../../../arm-none-eabi/lib/thumb/v7e-m\libg.a
LOAD c:/gcc-arm-none-eabi-6-2017-q1-update-win32/bin/../lib/gcc/arm-none-eabi/6.3.1/../../../../arm-none-eabi/lib/thumb/v7e-m\libc.a
END GROUP
OUTPUT(VGA_Core.elf elf32-littlearm)

.debug_info     0x00000000     0x7cb5
 .debug_info    0x00000000      0x9d1 ..\obj\stm32f4xx_usart.o
 .debug_info    0x000009d1     0x1101 ..\obj\uart.o
 .debug_info    0x00001ad2      0x10f ..\obj\startup_stm32f4xx.o
 .debug_info    0x00001be1      0xb33 ..\obj\main.o
 .debug_info    0x00002714      0x965 ..\obj\vga_api.o
 .debug_info    0x00003079      0xc6e ..\obj\stm32f4xx_rcc.o
 .debug_info    0x00003ce7      0x621 ..\obj\stm32f4xx_gpio.o
 .debug_info    0x00004308      0x5cc ..\obj\system_stm32f4xx.o
 .debug_info    0x000048d4      0x748 ..\obj\stm32f4xx_dma.o
 .debug_info    0x0000501c      0xae0 ..\obj\stm32_ub_vga_screen.o
 .debug_info    0x00005afc      0x549 ..\obj\misc.o
 .debug_info    0x00006045     0x1c70 ..\obj\stm32f4xx_tim.o

.debug_abbrev   0x00000000     0x14a8
 .debug_abbrev  0x00000000      0x180 ..\obj\stm32f4xx_usart.o
 .debug_abbrev  0x00000180      0x2ef ..\obj\uart.o
 .debug_abbrev  0x0000046f       0xbf ..\obj\startup_stm32f4xx.o
 .debug_abbrev  0x0000052e      0x23e ..\obj\main.o
 .debug_abbrev  0x0000076c      0x1d3 ..\obj\vga_api.o
 .debug_abbrev  0x0000093f      0x1f6 ..\obj\stm32f4xx_rcc.o
 .debug_abbrev  0x00000b35      0x1b6 ..\obj\stm32f4xx_gpio.o
 .debug_abbrev  0x00000ceb      0x156 ..\obj\system_stm32f4xx.o
 .debug_abbrev  0x00000e41      0x166 ..\obj\stm32f4xx_dma.o
 .debug_abbrev  0x00000fa7      0x1f9 ..\obj\stm32_ub_vga_screen.o
 .debug_abbrev  0x000011a0      0x170 ..\obj\misc.o
 .debug_abbrev  0x00001310      0x198 ..\obj\stm32f4xx_tim.o

.debug_aranges  0x00000000      0x860
 .debug_aranges
                0x00000000      0x100 ..\obj\stm32f4xx_usart.o
 .debug_aranges
                0x00000100       0x38 ..\obj\uart.o
 .debug_aranges
                0x00000138       0x28 ..\obj\startup_stm32f4xx.o
 .debug_aranges
                0x00000160       0x20 ..\obj\main.o
 .debug_aranges
                0x00000180       0x68 ..\obj\vga_api.o
 .debug_aranges
                0x000001e8      0x178 ..\obj\stm32f4xx_rcc.o
 .debug_aranges
                0x00000360       0x88 ..\obj\stm32f4xx_gpio.o
 .debug_aranges
                0x000003e8       0x30 ..\obj\system_stm32f4xx.o
 .debug_aranges
                0x00000418       0xb0 ..\obj\stm32f4xx_dma.o
 .debug_aranges
                0x000004c8       0x60 ..\obj\stm32_ub_vga_screen.o
 .debug_aranges
                0x00000528       0x40 ..\obj\misc.o
 .debug_aranges
                0x00000568      0x2f8 ..\obj\stm32f4xx_tim.o

.debug_ranges   0x00000000      0x7a0
 .debug_ranges  0x00000000       0xf0 ..\obj\stm32f4xx_usart.o
 .debug_ranges  0x000000f0       0x28 ..\obj\uart.o
 .debug_ranges  0x00000118       0x18 ..\obj\startup_stm32f4xx.o
 .debug_ranges  0x00000130       0x10 ..\obj\main.o
 .debug_ranges  0x00000140       0x58 ..\obj\vga_api.o
 .debug_ranges  0x00000198      0x168 ..\obj\stm32f4xx_rcc.o
 .debug_ranges  0x00000300       0x78 ..\obj\stm32f4xx_gpio.o
 .debug_ranges  0x00000378       0x20 ..\obj\system_stm32f4xx.o
 .debug_ranges  0x00000398       0xa0 ..\obj\stm32f4xx_dma.o
 .debug_ranges  0x00000438       0x50 ..\obj\stm32_ub_vga_screen.o
 .debug_ranges  0x00000488       0x30 ..\obj\misc.o
 .debug_ranges  0x000004b8      0x2e8 ..\obj\stm32f4xx_tim.o

.debug_line     0x00000000     0x3411
 .debug_line    0x00000000      0x4e9 ..\obj\stm32f4xx_usart.o
 .debug_line    0x000004e9      0x3f3 ..\obj\uart.o
 .debug_line    0x000008dc       0xa6 ..\obj\startup_stm32f4xx.o
 .debug_line    0x00000982      0x357 ..\obj\main.o
 .debug_line    0x00000cd9      0x650 ..\obj\vga_api.o
 .debug_line    0x00001329      0x5d5 ..\obj\stm32f4xx_rcc.o
 .debug_line    0x000018fe      0x390 ..\obj\stm32f4xx_gpio.o
 .debug_line    0x00001c8e      0x208 ..\obj\system_stm32f4xx.o
 .debug_line    0x00001e96      0x45a ..\obj\stm32f4xx_dma.o
 .debug_line    0x000022f0      0x3c2 ..\obj\stm32_ub_vga_screen.o
 .debug_line    0x000026b2      0x26e ..\obj\misc.o
 .debug_line    0x00002920      0xaf1 ..\obj\stm32f4xx_tim.o

.debug_str      0x00000000     0x2f9e
 .debug_str     0x00000000      0x629 ..\obj\stm32f4xx_usart.o
                                0x6a4 (size before relaxing)
 .debug_str     0x00000629      0xc97 ..\obj\uart.o
                                0xf32 (size before relaxing)
 .debug_str     0x000012c0       0xc7 ..\obj\startup_stm32f4xx.o
                                0x15e (size before relaxing)
 .debug_str     0x00001387       0xa6 ..\obj\main.o
                                0x6e8 (size before relaxing)
 .debug_str     0x0000142d      0x12a ..\obj\vga_api.o
                                0x2ed (size before relaxing)
 .debug_str     0x00001557      0x5e8 ..\obj\stm32f4xx_rcc.o
                                0x865 (size before relaxing)
 .debug_str     0x00001b3f      0x1a8 ..\obj\stm32f4xx_gpio.o
                                0x4b8 (size before relaxing)
 .debug_str     0x00001ce7      0x10d ..\obj\system_stm32f4xx.o
                                0x3af (size before relaxing)
 .debug_str     0x00001df4      0x396 ..\obj\stm32f4xx_dma.o
                                0x557 (size before relaxing)
 .debug_str     0x0000218a      0x2ab ..\obj\stm32_ub_vga_screen.o
                                0xcf2 (size before relaxing)
 .debug_str     0x00002435      0x166 ..\obj\misc.o
                                0x3e3 (size before relaxing)
 .debug_str     0x0000259b      0xa03 ..\obj\stm32f4xx_tim.o
                                0xde5 (size before relaxing)

.comment        0x00000000       0x7f
 .comment       0x00000000       0x7f ..\obj\stm32f4xx_usart.o
                                 0x80 (size before relaxing)
 .comment       0x0000007f       0x80 ..\obj\uart.o
 .comment       0x0000007f       0x80 ..\obj\startup_stm32f4xx.o
 .comment       0x0000007f       0x80 ..\obj\main.o
 .comment       0x0000007f       0x80 ..\obj\vga_api.o
 .comment       0x0000007f       0x80 ..\obj\stm32f4xx_rcc.o
 .comment       0x0000007f       0x80 ..\obj\stm32f4xx_gpio.o
 .comment       0x0000007f       0x80 ..\obj\system_stm32f4xx.o
 .comment       0x0000007f       0x80 ..\obj\stm32f4xx_dma.o
 .comment       0x0000007f       0x80 ..\obj\stm32_ub_vga_screen.o
 .comment       0x0000007f       0x80 ..\obj\misc.o
 .comment       0x0000007f       0x80 ..\obj\stm32f4xx_tim.o

.ARM.attributes
                0x00000000       0x31
 .ARM.attributes
                0x00000000       0x33 ..\obj\stm32f4xx_usart.o
 .ARM.attributes
                0x00000033       0x33 ..\obj\uart.o
 .ARM.attributes
                0x00000066       0x33 ..\obj\startup_stm32f4xx.o
 .ARM.attributes
                0x00000099       0x33 ..\obj\main.o
 .ARM.attributes
                0x000000cc       0x33 ..\obj\vga_api.o
 .ARM.attributes
                0x000000ff       0x33 ..\obj\stm32f4xx_rcc.o
 .ARM.attributes
                0x00000132       0x33 ..\obj\stm32f4xx_gpio.o
 .ARM.attributes
                0x00000165       0x33 ..\obj\system_stm32f4xx.o
 .ARM.attributes
                0x00000198       0x33 ..\obj\stm32f4xx_dma.o
 .ARM.attributes
                0x000001cb       0x33 ..\obj\stm32_ub_vga_screen.o
 .ARM.attributes
                0x000001fe       0x33 ..\obj\misc.o
 .ARM.attributes
                0x00000231       0x33 ..\obj\stm32f4xx_tim.o

.debug_frame    0x00000000     0x246c
 .debug_frame   0x00000000      0x490 ..\obj\stm32f4xx_usart.o
 .debug_frame   0x00000490       0xc0 ..\obj\uart.o
 .debug_frame   0x00000550       0x4c ..\obj\startup_stm32f4xx.o
 .debug_frame   0x0000059c       0x30 ..\obj\main.o
 .debug_frame   0x000005cc      0x198 ..\obj\vga_api.o
 .debug_frame   0x00000764      0x6d4 ..\obj\stm32f4xx_rcc.o
 .debug_frame   0x00000e38      0x23c ..\obj\stm32f4xx_gpio.o
 .debug_frame   0x00001074       0x7c ..\obj\system_stm32f4xx.o
 .debug_frame   0x000010f0      0x308 ..\obj\stm32f4xx_dma.o
 .debug_frame   0x000013f8      0x148 ..\obj\stm32_ub_vga_screen.o
 .debug_frame   0x00001540       0xd8 ..\obj\misc.o
 .debug_frame   0x00001618      0xe54 ..\obj\stm32f4xx_tim.o
