Archive member included to satisfy reference by file (symbol)

c:/program files (x86)/toolchain/6 2017-q1-update/bin/../lib/gcc/arm-none-eabi/6.3.1/thumb/v7e-m\libgcc.a(_arm_addsubdf3.o)
                              ..\obj\vga_api.o (__aeabi_dsub)
c:/program files (x86)/toolchain/6 2017-q1-update/bin/../lib/gcc/arm-none-eabi/6.3.1/thumb/v7e-m\libgcc.a(_arm_muldivdf3.o)
                              ..\obj\vga_api.o (__aeabi_dmul)
c:/program files (x86)/toolchain/6 2017-q1-update/bin/../lib/gcc/arm-none-eabi/6.3.1/thumb/v7e-m\libgcc.a(_arm_fixdfsi.o)
                              ..\obj\vga_api.o (__aeabi_d2iz)
c:/program files (x86)/toolchain/6 2017-q1-update/bin/../lib/gcc/arm-none-eabi/6.3.1/thumb/v7e-m\libgcc.a(_arm_addsubsf3.o)
                              ..\obj\vga_api.o (__aeabi_fadd)
c:/program files (x86)/toolchain/6 2017-q1-update/bin/../lib/gcc/arm-none-eabi/6.3.1/thumb/v7e-m\libgcc.a(_arm_muldivsf3.o)
                              ..\obj\vga_api.o (__aeabi_fmul)
c:/program files (x86)/toolchain/6 2017-q1-update/bin/../lib/gcc/arm-none-eabi/6.3.1/thumb/v7e-m\libgcc.a(_arm_cmpsf2.o)
                              ..\obj\vga_api.o (__aeabi_fcmple)
c:/program files (x86)/toolchain/6 2017-q1-update/bin/../lib/gcc/arm-none-eabi/6.3.1/thumb/v7e-m\libgcc.a(_arm_fixunssfsi.o)
                              ..\obj\vga_api.o (__aeabi_f2uiz)
c:/program files (x86)/toolchain/6 2017-q1-update/bin/../lib/gcc/arm-none-eabi/6.3.1/../../../../arm-none-eabi/lib/thumb/v7e-m\libg.a(lib_a-strlen.o)
                              ..\obj\vga_api.o (strlen)
c:/program files (x86)/toolchain/6 2017-q1-update/bin/../lib/gcc/arm-none-eabi/6.3.1/../../../../arm-none-eabi/lib/thumb/v7e-m\libg.a(lib_a-vsnprintf.o)
                              ..\obj\uart.o (vsnprintf)
c:/program files (x86)/toolchain/6 2017-q1-update/bin/../lib/gcc/arm-none-eabi/6.3.1/../../../../arm-none-eabi/lib/thumb/v7e-m\libg.a(lib_a-impure.o)
                              c:/program files (x86)/toolchain/6 2017-q1-update/bin/../lib/gcc/arm-none-eabi/6.3.1/../../../../arm-none-eabi/lib/thumb/v7e-m\libg.a(lib_a-vsnprintf.o) (_impure_ptr)
c:/program files (x86)/toolchain/6 2017-q1-update/bin/../lib/gcc/arm-none-eabi/6.3.1/../../../../arm-none-eabi/lib/thumb/v7e-m\libg.a(lib_a-svfprintf.o)
                              c:/program files (x86)/toolchain/6 2017-q1-update/bin/../lib/gcc/arm-none-eabi/6.3.1/../../../../arm-none-eabi/lib/thumb/v7e-m\libg.a(lib_a-vsnprintf.o) (_svfprintf_r)
c:/program files (x86)/toolchain/6 2017-q1-update/bin/../lib/gcc/arm-none-eabi/6.3.1/../../../../arm-none-eabi/lib/thumb/v7e-m\libg.a(lib_a-dtoa.o)
                              c:/program files (x86)/toolchain/6 2017-q1-update/bin/../lib/gcc/arm-none-eabi/6.3.1/../../../../arm-none-eabi/lib/thumb/v7e-m\libg.a(lib_a-svfprintf.o) (_dtoa_r)
c:/program files (x86)/toolchain/6 2017-q1-update/bin/../lib/gcc/arm-none-eabi/6.3.1/../../../../arm-none-eabi/lib/thumb/v7e-m\libg.a(lib_a-localeconv.o)
                              c:/program files (x86)/toolchain/6 2017-q1-update/bin/../lib/gcc/arm-none-eabi/6.3.1/../../../../arm-none-eabi/lib/thumb/v7e-m\libg.a(lib_a-svfprintf.o) (_localeconv_r)
c:/program files (x86)/toolchain/6 2017-q1-update/bin/../lib/gcc/arm-none-eabi/6.3.1/../../../../arm-none-eabi/lib/thumb/v7e-m\libg.a(lib_a-mallocr.o)
                              c:/program files (x86)/toolchain/6 2017-q1-update/bin/../lib/gcc/arm-none-eabi/6.3.1/../../../../arm-none-eabi/lib/thumb/v7e-m\libg.a(lib_a-svfprintf.o) (_malloc_r)
c:/program files (x86)/toolchain/6 2017-q1-update/bin/../lib/gcc/arm-none-eabi/6.3.1/../../../../arm-none-eabi/lib/thumb/v7e-m\libg.a(lib_a-memchr.o)
                              c:/program files (x86)/toolchain/6 2017-q1-update/bin/../lib/gcc/arm-none-eabi/6.3.1/../../../../arm-none-eabi/lib/thumb/v7e-m\libg.a(lib_a-svfprintf.o) (memchr)
c:/program files (x86)/toolchain/6 2017-q1-update/bin/../lib/gcc/arm-none-eabi/6.3.1/../../../../arm-none-eabi/lib/thumb/v7e-m\libg.a(lib_a-memcpy.o)
                              c:/program files (x86)/toolchain/6 2017-q1-update/bin/../lib/gcc/arm-none-eabi/6.3.1/../../../../arm-none-eabi/lib/thumb/v7e-m\libg.a(lib_a-dtoa.o) (memcpy)
c:/program files (x86)/toolchain/6 2017-q1-update/bin/../lib/gcc/arm-none-eabi/6.3.1/../../../../arm-none-eabi/lib/thumb/v7e-m\libg.a(lib_a-mlock.o)
                              c:/program files (x86)/toolchain/6 2017-q1-update/bin/../lib/gcc/arm-none-eabi/6.3.1/../../../../arm-none-eabi/lib/thumb/v7e-m\libg.a(lib_a-mallocr.o) (__malloc_lock)
c:/program files (x86)/toolchain/6 2017-q1-update/bin/../lib/gcc/arm-none-eabi/6.3.1/../../../../arm-none-eabi/lib/thumb/v7e-m\libg.a(lib_a-mprec.o)
                              c:/program files (x86)/toolchain/6 2017-q1-update/bin/../lib/gcc/arm-none-eabi/6.3.1/../../../../arm-none-eabi/lib/thumb/v7e-m\libg.a(lib_a-dtoa.o) (_Balloc)
[...]
Memory Configuration

Name             Origin             Length             Attributes
rom              0x08000000         0x00100000         xr
ram              0x20000000         0x00020000         xrw
ram1             0x10000000         0x00010000         xrw
*default*        0x00000000         0xffffffff

Linker script and memory map

                0x20020000                _eram = 0x20020000

.text           0x08000000     0x9f20
 *(.isr_vector)
 .isr_vector    0x08000000      0x188 ..\obj\startup_stm32f4xx.o
                0x08000000                g_pfnVectors
 *(.text*)
 .text.USART_Init
                0x08000188      0x174 ..\obj\stm32f4xx_usart.o
                0x08000188                USART_Init
 .text.USART_Cmd
                0x080002fc       0x3e ..\obj\stm32f4xx_usart.o
                0x080002fc                USART_Cmd
 .text.USART_SendData
                0x0800033a       0x22 ..\obj\stm32f4xx_usart.o
                0x0800033a                USART_SendData
 .text.USART_ITConfig
                0x0800035c       0x8e ..\obj\stm32f4xx_usart.o
                0x0800035c                USART_ITConfig
 .text.USART_GetFlagStatus
                0x080003ea       0x36 ..\obj\stm32f4xx_usart.o
                0x080003ea                USART_GetFlagStatus
 .text.USART_GetITStatus
                0x08000420       0xb4 ..\obj\stm32f4xx_usart.o
                0x08000420                USART_GetITStatus
 .text.USART_ClearITPendingBit
                0x080004d4       0x38 ..\obj\stm32f4xx_usart.o
                0x080004d4                USART_ClearITPendingBit
 .text.UART_init
                0x0800050c       0x94 ..\obj\uart.o
                0x0800050c                UART_init
 .text.UART_putchar
                0x080005a0       0x34 ..\obj\uart.o
                0x080005a0                UART_putchar
 .text.UART_puts
                0x080005d4       0x36 ..\obj\uart.o
                0x080005d4                UART_puts
 .text.UART_INT_init
                0x0800060a       0x26 ..\obj\uart.o
                0x0800060a                UART_INT_init
 .text.USART2_IRQHandler
                0x08000630       0xb4 ..\obj\uart.o
                0x08000630                USART2_IRQHandler
 .text.UART_putint
                0x080006e4       0x18 ..\obj\uart.o
                0x080006e4                UART_putint
 .text.UART_putnum
                0x080006fc       0xb4 ..\obj\uart.o
                0x080006fc                UART_putnum
 .text.UART_get
                0x080007b0       0x30 ..\obj\uart.o
                0x080007b0                UART_get
 .text.UART_gets
                0x080007e0       0x58 ..\obj\uart.o
                0x080007e0                UART_gets
 .text.Default_Reset_Handler
                0x08000838       0x5c ..\obj\startup_stm32f4xx.o
                0x08000838                Default_Reset_Handler
                0x08000838                Reset_Handler
 .text.Default_Handler
                0x08000894        0x6 ..\obj\startup_stm32f4xx.o
                0x08000894                RTC_Alarm_IRQHandler
                0x08000894                HASH_RNG_IRQHandler
                0x08000894                EXTI2_IRQHandler
                0x08000894                TIM8_CC_IRQHandler
                0x08000894                DebugMon_Handler
                0x08000894                TIM1_CC_IRQHandler
                0x08000894                HardFault_Handler
                0x08000894                DMA1_Stream5_IRQHandler
                0x08000894                SysTick_Handler
                0x08000894                PVD_IRQHandler
                0x08000894                SDIO_IRQHandler
                0x08000894                TAMP_STAMP_IRQHandler
                0x08000894                PendSV_Handler
                0x08000894                NMI_Handler
                0x08000894                CAN2_RX1_IRQHandler
                0x08000894                EXTI3_IRQHandler
                0x08000894                TIM8_TRG_COM_TIM14_IRQHandler
                0x08000894                TIM1_UP_TIM10_IRQHandler
                0x08000894                TIM8_UP_TIM13_IRQHandler
                0x08000894                I2C3_ER_IRQHandler
                0x08000894                EXTI0_IRQHandler
                0x08000894                I2C2_EV_IRQHandler
                0x08000894                DMA1_Stream2_IRQHandler
                0x08000894                CAN1_RX0_IRQHandler
                0x08000894                FPU_IRQHandler
                0x08000894                OTG_HS_WKUP_IRQHandler
                0x08000894                UsageFault_Handler
                0x08000894                CAN2_SCE_IRQHandler
                0x08000894                DMA2_Stream2_IRQHandler
                0x08000894                SPI1_IRQHandler
                0x08000894                TIM6_DAC_IRQHandler
                0x08000894                TIM1_BRK_TIM9_IRQHandler
                0x08000894                DCMI_IRQHandler
                0x08000894                CAN2_RX0_IRQHandler
                0x08000894                DMA2_Stream3_IRQHandler
                0x08000894                USART6_IRQHandler
                0x08000894                USART3_IRQHandler
                0x08000894                CRYP_IRQHandler
                0x08000894                CAN1_RX1_IRQHandler
                0x08000894                UART5_IRQHandler
                0x08000894                DMA2_Stream0_IRQHandler
                0x08000894                TIM4_IRQHandler
                0x08000894                I2C1_EV_IRQHandler
                0x08000894                DMA1_Stream6_IRQHandler
                0x08000894                DMA1_Stream1_IRQHandler
                0x08000894                UART4_IRQHandler
                0x08000894                TIM3_IRQHandler
                0x08000894                RCC_IRQHandler
                0x08000894                TIM8_BRK_TIM12_IRQHandler
                0x08000894                EXTI15_10_IRQHandler
                0x08000894                ADC_IRQHandler
                0x08000894                DMA1_Stream7_IRQHandler
                0x08000894                TIM7_IRQHandler
                0x08000894                CAN2_TX_IRQHandler
                0x08000894                TIM5_IRQHandler
                0x08000894                DMA2_Stream7_IRQHandler
                0x08000894                I2C3_EV_IRQHandler
                0x08000894                EXTI9_5_IRQHandler
                0x08000894                RTC_WKUP_IRQHandler
                0x08000894                ETH_WKUP_IRQHandler
                0x08000894                SPI2_IRQHandler
                0x08000894                OTG_HS_EP1_IN_IRQHandler
                0x08000894                MemManage_Handler
                0x08000894                DMA1_Stream0_IRQHandler
                0x08000894                CAN1_TX_IRQHandler
                0x08000894                SVC_Handler
                0x08000894                EXTI4_IRQHandler
                0x08000894                FSMC_IRQHandler
                0x08000894                ETH_IRQHandler
                0x08000894                OTG_HS_EP1_OUT_IRQHandler
                0x08000894                WWDG_IRQHandler
                0x08000894                OTG_FS_WKUP_IRQHandler
                0x08000894                TIM1_TRG_COM_TIM11_IRQHandler
                0x08000894                OTG_HS_IRQHandler
                0x08000894                EXTI1_IRQHandler
                0x08000894                I2C2_ER_IRQHandler
                0x08000894                DMA2_Stream1_IRQHandler
                0x08000894                CAN1_SCE_IRQHandler
                0x08000894                FLASH_IRQHandler
                0x08000894                DMA2_Stream4_IRQHandler
                0x08000894                BusFault_Handler
                0x08000894                USART1_IRQHandler
                0x08000894                OTG_FS_IRQHandler
                0x08000894                SPI3_IRQHandler
                0x08000894                DMA1_Stream4_IRQHandler
                0x08000894                I2C1_ER_IRQHandler
                0x08000894                DMA2_Stream6_IRQHandler
                0x08000894                DMA1_Stream3_IRQHandler
 *fill*         0x0800089a        0x2 
 .text.main     0x0800089c       0x7c ..\obj\main.o
                0x0800089c                main
 .text.tekst    0x08000918      0x304 ..\obj\vga_api.o
                0x08000918                tekst
 .text.setpixel
                0x08000c1c       0x4c ..\obj\vga_api.o
                0x08000c1c                setpixel
 .text.clearscherm
                0x08000c68       0x46 ..\obj\vga_api.o
                0x08000c68                clearscherm
 *fill*         0x08000cae        0x2 
 .text.wacht    0x08000cb0       0x40 ..\obj\vga_api.o
                0x08000cb0                wacht
 .text.tekenbepaling
                0x08000cf0      0x3d4 ..\obj\vga_api.o
                0x08000cf0                tekenbepaling
 .text.RCC_GetClocksFreq
                0x080010c4      0x150 ..\obj\stm32f4xx_rcc.o
                0x080010c4                RCC_GetClocksFreq
 .text.RCC_AHB1PeriphClockCmd
                0x08001214       0x3c ..\obj\stm32f4xx_rcc.o
                0x08001214                RCC_AHB1PeriphClockCmd
 .text.RCC_APB1PeriphClockCmd
                0x08001250       0x3c ..\obj\stm32f4xx_rcc.o
                0x08001250                RCC_APB1PeriphClockCmd
 .text.RCC_APB2PeriphClockCmd
                0x0800128c       0x3c ..\obj\stm32f4xx_rcc.o
                0x0800128c                RCC_APB2PeriphClockCmd
 .text.GPIO_Init
                0x080012c8      0x11a ..\obj\stm32f4xx_gpio.o
                0x080012c8                GPIO_Init
 .text.GPIO_PinAFConfig
                0x080013e2       0x90 ..\obj\stm32f4xx_gpio.o
                0x080013e2                GPIO_PinAFConfig
 *fill*         0x08001472        0x2 
 .text.SystemInit
                0x08001474       0x5c ..\obj\system_stm32f4xx.o
                0x08001474                SystemInit
 .text.SetSysClock
                0x080014d0       0xf4 ..\obj\system_stm32f4xx.o
 .text.DMA_DeInit
                0x080015c4      0x1a4 ..\obj\stm32f4xx_dma.o
                0x080015c4                DMA_DeInit
 .text.DMA_Init
                0x08001768       0xac ..\obj\stm32f4xx_dma.o
                0x08001768                DMA_Init
 .text.DMA_Cmd  0x08001814       0x36 ..\obj\stm32f4xx_dma.o
                0x08001814                DMA_Cmd
 .text.DMA_ITConfig
                0x0800184a       0x72 ..\obj\stm32f4xx_dma.o
                0x0800184a                DMA_ITConfig
 .text.DMA_GetITStatus
                0x080018bc       0xac ..\obj\stm32f4xx_dma.o
                0x080018bc                DMA_GetITStatus
 .text.DMA_ClearITPendingBit
                0x08001968       0x5c ..\obj\stm32f4xx_dma.o
                0x08001968                DMA_ClearITPendingBit
 .text.UB_VGA_Screen_Init
                0x080019c4       0x80 ..\obj\stm32_ub_vga_screen.o
                0x080019c4                UB_VGA_Screen_Init
 .text.P_VGA_InitIO
                0x08001a44       0xa8 ..\obj\stm32_ub_vga_screen.o
                0x08001a44                P_VGA_InitIO
 .text.P_VGA_InitTIM
                0x08001aec       0xcc ..\obj\stm32_ub_vga_screen.o
                0x08001aec                P_VGA_InitTIM
 .text.P_VGA_InitINT
                0x08001bb8       0x58 ..\obj\stm32_ub_vga_screen.o
                0x08001bb8                P_VGA_InitINT
 .text.P_VGA_InitDMA
                0x08001c10       0x90 ..\obj\stm32_ub_vga_screen.o
                0x08001c10                P_VGA_InitDMA
 .text.TIM2_IRQHandler
                0x08001ca0       0xbc ..\obj\stm32_ub_vga_screen.o
                0x08001ca0                TIM2_IRQHandler
 .text.DMA2_Stream5_IRQHandler
                0x08001d5c       0x4c ..\obj\stm32_ub_vga_screen.o
                0x08001d5c                DMA2_Stream5_IRQHandler
 .text.NVIC_Init
                0x08001da8       0xc4 ..\obj\misc.o
                0x08001da8                NVIC_Init
 .text.TIM_TimeBaseInit
                0x08001e6c       0xd4 ..\obj\stm32f4xx_tim.o
                0x08001e6c                TIM_TimeBaseInit
 .text.TIM_ARRPreloadConfig
                0x08001f40       0x3e ..\obj\stm32f4xx_tim.o
                0x08001f40                TIM_ARRPreloadConfig
 .text.TIM_Cmd  0x08001f7e       0x3e ..\obj\stm32f4xx_tim.o
                0x08001f7e                TIM_Cmd
 .text.TIM_OC3Init
                0x08001fbc      0x10c ..\obj\stm32f4xx_tim.o
                0x08001fbc                TIM_OC3Init
 .text.TIM_OC4Init
                0x080020c8       0xcc ..\obj\stm32f4xx_tim.o
                0x080020c8                TIM_OC4Init
 .text.TIM_OC3PreloadConfig
                0x08002194       0x36 ..\obj\stm32f4xx_tim.o
                0x08002194                TIM_OC3PreloadConfig
 .text.TIM_OC4PreloadConfig
                0x080021ca       0x3a ..\obj\stm32f4xx_tim.o
                0x080021ca                TIM_OC4PreloadConfig
 .text.TIM_ITConfig
                0x08002204       0x46 ..\obj\stm32f4xx_tim.o
                0x08002204                TIM_ITConfig
 .text.TIM_ClearITPendingBit
                0x0800224a       0x20 ..\obj\stm32f4xx_tim.o
                0x0800224a                TIM_ClearITPendingBit
 .text.TIM_DMACmd
                0x0800226a       0x46 ..\obj\stm32f4xx_tim.o
                0x0800226a                TIM_DMACmd
 *fill*         0x080022b0       0x10 
 .text          0x080022c0       0xdc c:/program files (x86)/toolchain/6 2017-q1-update/bin/../lib/gcc/arm-none-eabi/6.3.1/../../../../arm-none-eabi/lib/thumb/v7e-m\libg.a(lib_a-strlen.o)
                0x080022c0                strlen
 *(.init)
 *(.fini)
 *crtbegin.o(.ctors)
 *crtbegin?.o(.ctors)
 *(EXCLUDE_FILE(*crtend.o *crtend?.o) .ctors)
 *(SORT(.ctors.*))
 *(.ctors)
 *crtbegin.o(.dtors)
 *crtbegin?.o(.dtors)
 *(EXCLUDE_FILE(*crtend.o *crtend?.o) .dtors)
 *(SORT(.dtors.*))
 *(.dtors)
 *(.rodata*)
 .rodata        0x0800239c     0x60ca ..\obj\main.o
                0x0800239c                emoji_blij_64
                0x080033a0                emoji_boos_64
                0x080043a4                pijl_omhoog_60
                0x080051b8                pijl_omlaag_60
                0x08005fcc                pijl_links_60
                0x08006de0                pijl_rechts_60
                0x08007bf4                HU_logo_50
 *fill*         0x08008466        0x2 
 .rodata        0x08008468     0x1ab8 ..\obj\vga_api.o
                0x08008468                VCR_OSD_Mono_Regular
                0x080088dc                VCR_OSD_Mono_Oblique
                0x08008d50                VCR_OSD_Mono_Bold
                0x080091c4                F04b03_Regular
                0x08009638                F04b03_Bold
                0x08009aac                F04b03_Oblique
 *(.eh_fram e*)

.glue_7         0x08009f20        0x0
 .glue_7        0x08009f20        0x0 linker stubs

.glue_7t        0x08009f20        0x0
 .glue_7t       0x08009f20        0x0 linker stubs

.vfp11_veneer   0x08009f20        0x0
 .vfp11_veneer  0x08009f20        0x0 linker stubs

.v4_bx          0x08009f20        0x0
 .v4_bx         0x08009f20        0x0 linker stubs

.iplt           0x08009f20        0x0
 .iplt          0x08009f20        0x0 ..\obj\stm32f4xx_usart.o

.rel.dyn        0x08009f20        0x0
 .rel.iplt      0x08009f20        0x0 ..\obj\stm32f4xx_usart.o

.ARM.extab
 *(.ARM.extab* .gnu.linkonce.armextab.*)
                0x08009f20                __exidx_start = .

.ARM.exidx
 *(.ARM.exidx* .gnu.linkonce.armexidx.*)
                0x08009f20                __exidx_end = .
                0x08009f20                __etext = .
                0x08009f20                _sidata = __etext

.data           0x20000000       0x20 load address 0x08009f20
                0x20000000                __data_start__ = .
                0x20000000                _sdata = __data_start__
 *(vtable)
 *(.data*)
 .data          0x20000000       0x10 ..\obj\uart.o
 .data          0x20000010       0x10 ..\obj\stm32f4xx_rcc.o
                0x20000020                . = ALIGN (0x4)
                [!provide]                PROVIDE (__preinit_array_start, .)
 *(.preinit_array)
                [!provide]                PROVIDE (__preinit_array_end, .)
                0x20000020                . = ALIGN (0x4)
                [!provide]                PROVIDE (__init_array_start, .)
 *(SORT(.init_array.*))
 *(.init_array)
                [!provide]                PROVIDE (__init_array_end, .)
                0x20000020                . = ALIGN (0x4)
                [!provide]                PROVIDE (__fini_array_start, .)
 *(SORT(.fini_array.*))
 *(.fini_array)
                [!provide]                PROVIDE (__fini_array_end, .)
 *(.jcr*)
                0x20000020                . = ALIGN (0x4)
                0x20000020                __data_end__ = .
                0x20000020                _edata = __data_end__

.igot.plt       0x20000020        0x0 load address 0x08009f40
 .igot.plt      0x20000020        0x0 ..\obj\stm32f4xx_usart.o

.bss            0x20000020    0x12d64 load address 0x08009f40
                0x20000020                . = ALIGN (0x4)
                0x20000020                __bss_start__ = .
                0x20000020                _sbss = __bss_start__
 *(.bss*)
 .bss           0x20000020        0x4 ..\obj\uart.o
                0x20000020                charcounter
 *(COMMON)
 COMMON         0x20000024    0x12d60 ..\obj\uart.o
                0x20000024                string
                0x20000088                VGA
                0x20000094                VGA_RAM1
                0x20012d84                . = ALIGN (0x4)
                0x20012d84                __bss_end__ = .
                0x20012d84                _ebss = __bss_end__

.heap           0x20012d84        0x0
                0x20012d84                __end__ = .
                0x20012d84                _end = __end__
                0x20012d84                end = __end__
 *(.heap*)
                0x20012d84                __HeapLimit = .

.co_stack       0x20012d84      0x804 load address 0x0801cca4
                0x20012d88                . = ALIGN (0x8)
 *fill*         0x20012d84        0x4 
 *(.co_stack .co_stack.*)
 .co_stack      0x20012d88      0x800 ..\obj\startup_stm32f4xx.o
                0x20012d88                pulStack
                0x20020000                __StackTop = (ORIGIN (ram) + LENGTH (ram))
                0x2001f7fc                __StackLimit = (__StackTop - SIZEOF (.co_stack))
                [!provide]                PROVIDE (__stack, __StackTop)
                0x00000001                ASSERT ((__StackLimit >= __HeapLimit), region ram  overflowed with stack)
LOAD ..\obj\stm32f4xx_usart.o
LOAD ..\obj\uart.o
LOAD ..\obj\startup_stm32f4xx.o
LOAD ..\obj\main.o
LOAD ..\obj\vga_api.o
LOAD ..\obj\stm32f4xx_rcc.o
LOAD ..\obj\stm32f4xx_gpio.o
LOAD ..\obj\system_stm32f4xx.o
LOAD ..\obj\stm32f4xx_dma.o
LOAD ..\obj\stm32_ub_vga_screen.o
LOAD ..\obj\misc.o
LOAD ..\obj\stm32f4xx_tim.o
LOAD c:/program files (x86)/toolchain/6 2017-q1-update/bin/../lib/gcc/arm-none-eabi/6.3.1/../../../../arm-none-eabi/lib/thumb/v7e-m\libm.a
START GROUP
LOAD c:/program files (x86)/toolchain/6 2017-q1-update/bin/../lib/gcc/arm-none-eabi/6.3.1/thumb/v7e-m\libgcc.a
LOAD c:/program files (x86)/toolchain/6 2017-q1-update/bin/../lib/gcc/arm-none-eabi/6.3.1/../../../../arm-none-eabi/lib/thumb/v7e-m\libg.a
LOAD c:/program files (x86)/toolchain/6 2017-q1-update/bin/../lib/gcc/arm-none-eabi/6.3.1/../../../../arm-none-eabi/lib/thumb/v7e-m\libc.a
END GROUP
OUTPUT(VGA_Core.elf elf32-littlearm)

.debug_info     0x00000000     0x7ee5
 .debug_info    0x00000000      0x9d1 ..\obj\stm32f4xx_usart.o
 .debug_info    0x000009d1     0x123d ..\obj\uart.o
 .debug_info    0x00001c0e      0x10f ..\obj\startup_stm32f4xx.o
 .debug_info    0x00001d1d      0xac9 ..\obj\main.o
 .debug_info    0x000027e6      0xac3 ..\obj\vga_api.o
 .debug_info    0x000032a9      0xc6e ..\obj\stm32f4xx_rcc.o
 .debug_info    0x00003f17      0x621 ..\obj\stm32f4xx_gpio.o
 .debug_info    0x00004538      0x5cc ..\obj\system_stm32f4xx.o
 .debug_info    0x00004b04      0x748 ..\obj\stm32f4xx_dma.o
 .debug_info    0x0000524c      0xae0 ..\obj\stm32_ub_vga_screen.o
 .debug_info    0x00005d2c      0x549 ..\obj\misc.o
 .debug_info    0x00006275     0x1c70 ..\obj\stm32f4xx_tim.o

.debug_abbrev   0x00000000     0x14c8
 .debug_abbrev  0x00000000      0x180 ..\obj\stm32f4xx_usart.o
 .debug_abbrev  0x00000180      0x2ec ..\obj\uart.o
 .debug_abbrev  0x0000046c       0xbf ..\obj\startup_stm32f4xx.o
 .debug_abbrev  0x0000052b      0x22e ..\obj\main.o
 .debug_abbrev  0x00000759      0x206 ..\obj\vga_api.o
 .debug_abbrev  0x0000095f      0x1f6 ..\obj\stm32f4xx_rcc.o
 .debug_abbrev  0x00000b55      0x1b6 ..\obj\stm32f4xx_gpio.o
 .debug_abbrev  0x00000d0b      0x156 ..\obj\system_stm32f4xx.o
 .debug_abbrev  0x00000e61      0x166 ..\obj\stm32f4xx_dma.o
 .debug_abbrev  0x00000fc7      0x1f9 ..\obj\stm32_ub_vga_screen.o
 .debug_abbrev  0x000011c0      0x170 ..\obj\misc.o
 .debug_abbrev  0x00001330      0x198 ..\obj\stm32f4xx_tim.o

.debug_aranges  0x00000000      0x898
 .debug_aranges
                0x00000000      0x100 ..\obj\stm32f4xx_usart.o
 .debug_aranges
                0x00000100       0x68 ..\obj\uart.o
 .debug_aranges
                0x00000168       0x28 ..\obj\startup_stm32f4xx.o
 .debug_aranges
                0x00000190       0x20 ..\obj\main.o
 .debug_aranges
                0x000001b0       0x70 ..\obj\vga_api.o
 .debug_aranges
                0x00000220      0x178 ..\obj\stm32f4xx_rcc.o
 .debug_aranges
                0x00000398       0x88 ..\obj\stm32f4xx_gpio.o
 .debug_aranges
                0x00000420       0x30 ..\obj\system_stm32f4xx.o
 .debug_aranges
                0x00000450       0xb0 ..\obj\stm32f4xx_dma.o
 .debug_aranges
                0x00000500       0x60 ..\obj\stm32_ub_vga_screen.o
 .debug_aranges
                0x00000560       0x40 ..\obj\misc.o
 .debug_aranges
                0x000005a0      0x2f8 ..\obj\stm32f4xx_tim.o

.debug_ranges   0x00000000      0x7d8
 .debug_ranges  0x00000000       0xf0 ..\obj\stm32f4xx_usart.o
 .debug_ranges  0x000000f0       0x58 ..\obj\uart.o
 .debug_ranges  0x00000148       0x18 ..\obj\startup_stm32f4xx.o
 .debug_ranges  0x00000160       0x10 ..\obj\main.o
 .debug_ranges  0x00000170       0x60 ..\obj\vga_api.o
 .debug_ranges  0x000001d0      0x168 ..\obj\stm32f4xx_rcc.o
 .debug_ranges  0x00000338       0x78 ..\obj\stm32f4xx_gpio.o
 .debug_ranges  0x000003b0       0x20 ..\obj\system_stm32f4xx.o
 .debug_ranges  0x000003d0       0xa0 ..\obj\stm32f4xx_dma.o
 .debug_ranges  0x00000470       0x50 ..\obj\stm32_ub_vga_screen.o
 .debug_ranges  0x000004c0       0x30 ..\obj\misc.o
 .debug_ranges  0x000004f0      0x2e8 ..\obj\stm32f4xx_tim.o

.debug_line     0x00000000     0x321f
 .debug_line    0x00000000      0x499 ..\obj\stm32f4xx_usart.o
 .debug_line    0x00000499      0x437 ..\obj\uart.o
 .debug_line    0x000008d0       0x8f ..\obj\startup_stm32f4xx.o
 .debug_line    0x0000095f      0x2d4 ..\obj\main.o
 .debug_line    0x00000c33      0x706 ..\obj\vga_api.o
 .debug_line    0x00001339      0x585 ..\obj\stm32f4xx_rcc.o
 .debug_line    0x000018be      0x340 ..\obj\stm32f4xx_gpio.o
 .debug_line    0x00001bfe      0x1e6 ..\obj\system_stm32f4xx.o
 .debug_line    0x00001de4      0x40a ..\obj\stm32f4xx_dma.o
 .debug_line    0x000021ee      0x372 ..\obj\stm32_ub_vga_screen.o
 .debug_line    0x00002560      0x21e ..\obj\misc.o
 .debug_line    0x0000277e      0xaa1 ..\obj\stm32f4xx_tim.o

.debug_str      0x00000000     0x2f7f
 .debug_str     0x00000000      0x612 ..\obj\stm32f4xx_usart.o
                                0x68d (size before relaxing)
 .debug_str     0x00000612      0xcc3 ..\obj\uart.o
                                0xf5e (size before relaxing)
 .debug_str     0x000012d5       0xb0 ..\obj\startup_stm32f4xx.o
                                0x147 (size before relaxing)
 .debug_str     0x00001385       0x99 ..\obj\main.o
                                0x6c4 (size before relaxing)
 .debug_str     0x0000141e      0x1bb ..\obj\vga_api.o
                                0x3a5 (size before relaxing)
 .debug_str     0x000015d9      0x5d1 ..\obj\stm32f4xx_rcc.o
                                0x84e (size before relaxing)
 .debug_str     0x00001baa      0x191 ..\obj\stm32f4xx_gpio.o
                                0x4a1 (size before relaxing)
 .debug_str     0x00001d3b       0xf6 ..\obj\system_stm32f4xx.o
                                0x398 (size before relaxing)
 .debug_str     0x00001e31      0x37f ..\obj\stm32f4xx_dma.o
                                0x540 (size before relaxing)
 .debug_str     0x000021b0      0x294 ..\obj\stm32_ub_vga_screen.o
                                0xcdb (size before relaxing)
 .debug_str     0x00002444      0x14f ..\obj\misc.o
                                0x3cc (size before relaxing)
 .debug_str     0x00002593      0x9ec ..\obj\stm32f4xx_tim.o
                                0xdce (size before relaxing)

.comment        0x00000000       0x7f
 .comment       0x00000000       0x7f ..\obj\stm32f4xx_usart.o
                                 0x80 (size before relaxing)
 .comment       0x0000007f       0x80 ..\obj\uart.o
 .comment       0x0000007f       0x80 ..\obj\startup_stm32f4xx.o
 .comment       0x0000007f       0x80 ..\obj\main.o
 .comment       0x0000007f       0x80 ..\obj\vga_api.o
 .comment       0x0000007f       0x80 ..\obj\stm32f4xx_rcc.o
 .comment       0x0000007f       0x80 ..\obj\stm32f4xx_gpio.o
 .comment       0x0000007f       0x80 ..\obj\system_stm32f4xx.o
 .comment       0x0000007f       0x80 ..\obj\stm32f4xx_dma.o
 .comment       0x0000007f       0x80 ..\obj\stm32_ub_vga_screen.o
 .comment       0x0000007f       0x80 ..\obj\misc.o
 .comment       0x0000007f       0x80 ..\obj\stm32f4xx_tim.o

.ARM.attributes
                0x00000000       0x31
 .ARM.attributes
                0x00000000       0x33 ..\obj\stm32f4xx_usart.o
 .ARM.attributes
                0x00000033       0x33 ..\obj\uart.o
 .ARM.attributes
                0x00000066       0x33 ..\obj\startup_stm32f4xx.o
 .ARM.attributes
                0x00000099       0x33 ..\obj\main.o
 .ARM.attributes
                0x000000cc       0x33 ..\obj\vga_api.o
 .ARM.attributes
                0x000000ff       0x33 ..\obj\stm32f4xx_rcc.o
 .ARM.attributes
                0x00000132       0x33 ..\obj\stm32f4xx_gpio.o
 .ARM.attributes
                0x00000165       0x33 ..\obj\system_stm32f4xx.o
 .ARM.attributes
                0x00000198       0x33 ..\obj\stm32f4xx_dma.o
 .ARM.attributes
                0x000001cb       0x33 ..\obj\stm32_ub_vga_screen.o
 .ARM.attributes
                0x000001fe       0x33 ..\obj\misc.o
 .ARM.attributes
                0x00000231       0x33 ..\obj\stm32f4xx_tim.o
 .ARM.attributes
                0x00000264       0x1c c:/program files (x86)/toolchain/6 2017-q1-update/bin/../lib/gcc/arm-none-eabi/6.3.1/../../../../arm-none-eabi/lib/thumb/v7e-m\libg.a(lib_a-strlen.o)

.debug_frame    0x00000000     0x2570
 .debug_frame   0x00000000      0x490 ..\obj\stm32f4xx_usart.o
 .debug_frame   0x00000490      0x198 ..\obj\uart.o
 .debug_frame   0x00000628       0x4c ..\obj\startup_stm32f4xx.o
 .debug_frame   0x00000674       0x30 ..\obj\main.o
 .debug_frame   0x000006a4      0x1c4 ..\obj\vga_api.o
 .debug_frame   0x00000868      0x6d4 ..\obj\stm32f4xx_rcc.o
 .debug_frame   0x00000f3c      0x23c ..\obj\stm32f4xx_gpio.o
 .debug_frame   0x00001178       0x7c ..\obj\system_stm32f4xx.o
 .debug_frame   0x000011f4      0x308 ..\obj\stm32f4xx_dma.o
 .debug_frame   0x000014fc      0x148 ..\obj\stm32_ub_vga_screen.o
 .debug_frame   0x00001644       0xd8 ..\obj\misc.o
 .debug_frame   0x0000171c      0xe54 ..\obj\stm32f4xx_tim.o
