Archive member included to satisfy reference by file (symbol)

c:/gcc-arm-none-eabi-6-2017-q1-update-win32/bin/../lib/gcc/arm-none-eabi/6.3.1/thumb/v7e-m\libgcc.a(_arm_addsubdf3.o)
                              ..\obj\vga_api.o (__aeabi_dsub)
c:/gcc-arm-none-eabi-6-2017-q1-update-win32/bin/../lib/gcc/arm-none-eabi/6.3.1/thumb/v7e-m\libgcc.a(_arm_muldivdf3.o)
                              ..\obj\vga_api.o (__aeabi_dmul)
c:/gcc-arm-none-eabi-6-2017-q1-update-win32/bin/../lib/gcc/arm-none-eabi/6.3.1/thumb/v7e-m\libgcc.a(_arm_fixdfsi.o)
                              ..\obj\vga_api.o (__aeabi_d2iz)
c:/gcc-arm-none-eabi-6-2017-q1-update-win32/bin/../lib/gcc/arm-none-eabi/6.3.1/thumb/v7e-m\libgcc.a(_arm_addsubsf3.o)
                              ..\obj\vga_api.o (__aeabi_fadd)
c:/gcc-arm-none-eabi-6-2017-q1-update-win32/bin/../lib/gcc/arm-none-eabi/6.3.1/thumb/v7e-m\libgcc.a(_arm_muldivsf3.o)
                              ..\obj\vga_api.o (__aeabi_fmul)
c:/gcc-arm-none-eabi-6-2017-q1-update-win32/bin/../lib/gcc/arm-none-eabi/6.3.1/thumb/v7e-m\libgcc.a(_arm_cmpsf2.o)
                              ..\obj\vga_api.o (__aeabi_fcmple)
c:/gcc-arm-none-eabi-6-2017-q1-update-win32/bin/../lib/gcc/arm-none-eabi/6.3.1/thumb/v7e-m\libgcc.a(_arm_fixunssfsi.o)
                              ..\obj\vga_api.o (__aeabi_f2uiz)
c:/gcc-arm-none-eabi-6-2017-q1-update-win32/bin/../lib/gcc/arm-none-eabi/6.3.1/../../../../arm-none-eabi/lib/thumb/v7e-m\libg.a(lib_a-atoi.o)
                              ..\obj\vga_logic.o (atoi)
c:/gcc-arm-none-eabi-6-2017-q1-update-win32/bin/../lib/gcc/arm-none-eabi/6.3.1/../../../../arm-none-eabi/lib/thumb/v7e-m\libg.a(lib_a-memset.o)
                              ..\obj\vga_logic.o (memset)
c:/gcc-arm-none-eabi-6-2017-q1-update-win32/bin/../lib/gcc/arm-none-eabi/6.3.1/../../../../arm-none-eabi/lib/thumb/v7e-m\libg.a(lib_a-strcmp.o)
                              ..\obj\vga_logic.o (strcmp)
c:/gcc-arm-none-eabi-6-2017-q1-update-win32/bin/../lib/gcc/arm-none-eabi/6.3.1/../../../../arm-none-eabi/lib/thumb/v7e-m\libg.a(lib_a-strlen.o)
                              ..\obj\vga_api.o (strlen)
c:/gcc-arm-none-eabi-6-2017-q1-update-win32/bin/../lib/gcc/arm-none-eabi/6.3.1/../../../../arm-none-eabi/lib/thumb/v7e-m\libg.a(lib_a-strtol.o)
                              c:/gcc-arm-none-eabi-6-2017-q1-update-win32/bin/../lib/gcc/arm-none-eabi/6.3.1/../../../../arm-none-eabi/lib/thumb/v7e-m\libg.a(lib_a-atoi.o) (_strtol_r)
c:/gcc-arm-none-eabi-6-2017-q1-update-win32/bin/../lib/gcc/arm-none-eabi/6.3.1/../../../../arm-none-eabi/lib/thumb/v7e-m\libg.a(lib_a-vsnprintf.o)
                              ..\obj\uart.o (vsnprintf)
c:/gcc-arm-none-eabi-6-2017-q1-update-win32/bin/../lib/gcc/arm-none-eabi/6.3.1/../../../../arm-none-eabi/lib/thumb/v7e-m\libg.a(lib_a-impure.o)
                              c:/gcc-arm-none-eabi-6-2017-q1-update-win32/bin/../lib/gcc/arm-none-eabi/6.3.1/../../../../arm-none-eabi/lib/thumb/v7e-m\libg.a(lib_a-strtol.o) (_impure_ptr)
c:/gcc-arm-none-eabi-6-2017-q1-update-win32/bin/../lib/gcc/arm-none-eabi/6.3.1/../../../../arm-none-eabi/lib/thumb/v7e-m\libg.a(lib_a-locale.o)
                              c:/gcc-arm-none-eabi-6-2017-q1-update-win32/bin/../lib/gcc/arm-none-eabi/6.3.1/../../../../arm-none-eabi/lib/thumb/v7e-m\libg.a(lib_a-strtol.o) (__locale_ctype_ptr_l)
c:/gcc-arm-none-eabi-6-2017-q1-update-win32/bin/../lib/gcc/arm-none-eabi/6.3.1/../../../../arm-none-eabi/lib/thumb/v7e-m\libg.a(lib_a-mbtowc_r.o)
                              c:/gcc-arm-none-eabi-6-2017-q1-update-win32/bin/../lib/gcc/arm-none-eabi/6.3.1/../../../../arm-none-eabi/lib/thumb/v7e-m\libg.a(lib_a-locale.o) (__ascii_mbtowc)
c:/gcc-arm-none-eabi-6-2017-q1-update-win32/bin/../lib/gcc/arm-none-eabi/6.3.1/../../../../arm-none-eabi/lib/thumb/v7e-m\libg.a(lib_a-svfprintf.o)
                              c:/gcc-arm-none-eabi-6-2017-q1-update-win32/bin/../lib/gcc/arm-none-eabi/6.3.1/../../../../arm-none-eabi/lib/thumb/v7e-m\libg.a(lib_a-vsnprintf.o) (_svfprintf_r)
c:/gcc-arm-none-eabi-6-2017-q1-update-win32/bin/../lib/gcc/arm-none-eabi/6.3.1/../../../../arm-none-eabi/lib/thumb/v7e-m\libg.a(lib_a-wctomb_r.o)
                              c:/gcc-arm-none-eabi-6-2017-q1-update-win32/bin/../lib/gcc/arm-none-eabi/6.3.1/../../../../arm-none-eabi/lib/thumb/v7e-m\libg.a(lib_a-locale.o) (__ascii_wctomb)
c:/gcc-arm-none-eabi-6-2017-q1-update-win32/bin/../lib/gcc/arm-none-eabi/6.3.1/../../../../arm-none-eabi/lib/thumb/v7e-m\libg.a(lib_a-ctype_.o)
                              c:/gcc-arm-none-eabi-6-2017-q1-update-win32/bin/../lib/gcc/arm-none-eabi/6.3.1/../../../../arm-none-eabi/lib/thumb/v7e-m\libg.a(lib_a-locale.o) (_ctype_)
c:/gcc-arm-none-eabi-6-2017-q1-update-win32/bin/../lib/gcc/arm-none-eabi/6.3.1/../../../../arm-none-eabi/lib/thumb/v7e-m\libg.a(lib_a-dtoa.o)
[...]
Memory Configuration

Name             Origin             Length             Attributes
rom              0x08000000         0x00100000         xr
ram              0x20000000         0x00020000         xrw
ram1             0x10000000         0x00010000         xrw
*default*        0x00000000         0xffffffff

Linker script and memory map

                0x20020000                _eram = 0x20020000

.text           0x08000000     0xd28d
 *(.isr_vector)
 .isr_vector    0x08000000      0x188 ..\obj\startup_stm32f4xx.o
                0x08000000                g_pfnVectors
 *(.text*)
 .text.USART_Init
                0x08000188      0x174 ..\obj\stm32f4xx_usart.o
                0x08000188                USART_Init
 .text.USART_Cmd
                0x080002fc       0x3e ..\obj\stm32f4xx_usart.o
                0x080002fc                USART_Cmd
 .text.USART_SendData
                0x0800033a       0x22 ..\obj\stm32f4xx_usart.o
                0x0800033a                USART_SendData
 .text.USART_ITConfig
                0x0800035c       0x8e ..\obj\stm32f4xx_usart.o
                0x0800035c                USART_ITConfig
 .text.USART_GetFlagStatus
                0x080003ea       0x36 ..\obj\stm32f4xx_usart.o
                0x080003ea                USART_GetFlagStatus
 .text.USART_GetITStatus
                0x08000420       0xb4 ..\obj\stm32f4xx_usart.o
                0x08000420                USART_GetITStatus
 .text.USART_ClearITPendingBit
                0x080004d4       0x38 ..\obj\stm32f4xx_usart.o
                0x080004d4                USART_ClearITPendingBit
 .text.UART_init
                0x0800050c       0x94 ..\obj\uart.o
                0x0800050c                UART_init
 .text.UART_putchar
                0x080005a0       0x34 ..\obj\uart.o
                0x080005a0                UART_putchar
 .text.UART_puts
                0x080005d4       0x36 ..\obj\uart.o
                0x080005d4                UART_puts
 *fill*         0x0800060a        0x2 
 .text.USART2_IRQHandler
                0x0800060c       0xb4 ..\obj\uart.o
                0x0800060c                USART2_IRQHandler
 .text.UART_get
                0x080006c0       0x30 ..\obj\uart.o
                0x080006c0                UART_get
 .text.UART_gets
                0x080006f0       0x58 ..\obj\uart.o
                0x080006f0                UART_gets
 .text.parseargument
                0x08000748       0x60 ..\obj\vga_ui.o
                0x08000748                parseargument
 .text.main     0x080007a8       0x4c ..\obj\vga_ui.o
                0x080007a8                main
 .text.Default_Reset_Handler
                0x080007f4       0x5c ..\obj\startup_stm32f4xx.o
                0x080007f4                Default_Reset_Handler
                0x080007f4                Reset_Handler
 .text.Default_Handler
                0x08000850        0x6 ..\obj\startup_stm32f4xx.o
                0x08000850                RTC_Alarm_IRQHandler
                0x08000850                HASH_RNG_IRQHandler
                0x08000850                EXTI2_IRQHandler
                0x08000850                TIM8_CC_IRQHandler
                0x08000850                DebugMon_Handler
                0x08000850                TIM1_CC_IRQHandler
                0x08000850                HardFault_Handler
                0x08000850                DMA1_Stream5_IRQHandler
                0x08000850                SysTick_Handler
                0x08000850                PVD_IRQHandler
                0x08000850                SDIO_IRQHandler
                0x08000850                TAMP_STAMP_IRQHandler
                0x08000850                PendSV_Handler
                0x08000850                NMI_Handler
                0x08000850                CAN2_RX1_IRQHandler
                0x08000850                EXTI3_IRQHandler
                0x08000850                TIM8_TRG_COM_TIM14_IRQHandler
                0x08000850                TIM1_UP_TIM10_IRQHandler
                0x08000850                TIM8_UP_TIM13_IRQHandler
                0x08000850                I2C3_ER_IRQHandler
                0x08000850                EXTI0_IRQHandler
                0x08000850                I2C2_EV_IRQHandler
                0x08000850                DMA1_Stream2_IRQHandler
                0x08000850                CAN1_RX0_IRQHandler
                0x08000850                FPU_IRQHandler
                0x08000850                OTG_HS_WKUP_IRQHandler
                0x08000850                UsageFault_Handler
                0x08000850                CAN2_SCE_IRQHandler
                0x08000850                DMA2_Stream2_IRQHandler
                0x08000850                SPI1_IRQHandler
                0x08000850                TIM6_DAC_IRQHandler
                0x08000850                TIM1_BRK_TIM9_IRQHandler
                0x08000850                DCMI_IRQHandler
                0x08000850                CAN2_RX0_IRQHandler
                0x08000850                DMA2_Stream3_IRQHandler
                0x08000850                USART6_IRQHandler
                0x08000850                USART3_IRQHandler
                0x08000850                CRYP_IRQHandler
                0x08000850                CAN1_RX1_IRQHandler
                0x08000850                UART5_IRQHandler
                0x08000850                DMA2_Stream0_IRQHandler
                0x08000850                TIM4_IRQHandler
                0x08000850                I2C1_EV_IRQHandler
                0x08000850                DMA1_Stream6_IRQHandler
                0x08000850                DMA1_Stream1_IRQHandler
                0x08000850                UART4_IRQHandler
                0x08000850                TIM3_IRQHandler
                0x08000850                RCC_IRQHandler
                0x08000850                TIM8_BRK_TIM12_IRQHandler
                0x08000850                EXTI15_10_IRQHandler
                0x08000850                ADC_IRQHandler
                0x08000850                DMA1_Stream7_IRQHandler
                0x08000850                TIM7_IRQHandler
                0x08000850                CAN2_TX_IRQHandler
                0x08000850                TIM5_IRQHandler
                0x08000850                DMA2_Stream7_IRQHandler
                0x08000850                I2C3_EV_IRQHandler
                0x08000850                EXTI9_5_IRQHandler
                0x08000850                RTC_WKUP_IRQHandler
                0x08000850                ETH_WKUP_IRQHandler
                0x08000850                SPI2_IRQHandler
                0x08000850                OTG_HS_EP1_IN_IRQHandler
                0x08000850                MemManage_Handler
                0x08000850                DMA1_Stream0_IRQHandler
                0x08000850                CAN1_TX_IRQHandler
                0x08000850                SVC_Handler
                0x08000850                EXTI4_IRQHandler
                0x08000850                FSMC_IRQHandler
                0x08000850                ETH_IRQHandler
                0x08000850                OTG_HS_EP1_OUT_IRQHandler
                0x08000850                WWDG_IRQHandler
                0x08000850                OTG_FS_WKUP_IRQHandler
                0x08000850                TIM1_TRG_COM_TIM11_IRQHandler
                0x08000850                OTG_HS_IRQHandler
                0x08000850                EXTI1_IRQHandler
                0x08000850                I2C2_ER_IRQHandler
                0x08000850                DMA2_Stream1_IRQHandler
                0x08000850                CAN1_SCE_IRQHandler
                0x08000850                FLASH_IRQHandler
                0x08000850                DMA2_Stream4_IRQHandler
                0x08000850                BusFault_Handler
                0x08000850                USART1_IRQHandler
                0x08000850                OTG_FS_IRQHandler
                0x08000850                SPI3_IRQHandler
                0x08000850                DMA1_Stream4_IRQHandler
                0x08000850                I2C1_ER_IRQHandler
                0x08000850                DMA2_Stream6_IRQHandler
                0x08000850                DMA1_Stream3_IRQHandler
 *fill*         0x08000856        0x2 
 .text.parseinput
                0x08000858       0x8c ..\obj\vga_logic.o
                0x08000858                parseinput
 .text.parseoutput
                0x080008e4      0x2d4 ..\obj\vga_logic.o
                0x080008e4                parseoutput
 .text.parsecolor
                0x08000bb8      0x148 ..\obj\vga_logic.o
                0x08000bb8                parsecolor
 .text.parsestijl
                0x08000d00       0x54 ..\obj\vga_logic.o
                0x08000d00                parsestijl
 .text.parsebitmap
                0x08000d54       0x8c ..\obj\vga_logic.o
                0x08000d54                parsebitmap
 .text.tekst    0x08000de0      0x350 ..\obj\vga_api.o
                0x08000de0                tekst
 .text.lijn     0x08001130      0x5bc ..\obj\vga_api.o
                0x08001130                lijn
 .text.ellips   0x080016ec      0x49c ..\obj\vga_api.o
                0x080016ec                ellips
 .text.rechthoek
                0x08001b88      0x166 ..\obj\vga_api.o
                0x08001b88                rechthoek
 *fill*         0x08001cee        0x2 
 .text.driehoek
                0x08001cf0      0xcf8 ..\obj\vga_api.o
                0x08001cf0                driehoek
 .text.setpixel
                0x080029e8       0x4c ..\obj\vga_api.o
                0x080029e8                setpixel
 .text.bitmap   0x08002a34       0x94 ..\obj\vga_api.o
                0x08002a34                bitmap
 .text.clearscherm
                0x08002ac8       0x46 ..\obj\vga_api.o
                0x08002ac8                clearscherm
 *fill*         0x08002b0e        0x2 
 .text.wacht    0x08002b10       0x40 ..\obj\vga_api.o
                0x08002b10                wacht
 .text.tekenbepaling
                0x08002b50      0x3d4 ..\obj\vga_api.o
                0x08002b50                tekenbepaling
 .text.RCC_GetClocksFreq
                0x08002f24      0x150 ..\obj\stm32f4xx_rcc.o
                0x08002f24                RCC_GetClocksFreq
 .text.RCC_AHB1PeriphClockCmd
                0x08003074       0x3c ..\obj\stm32f4xx_rcc.o
                0x08003074                RCC_AHB1PeriphClockCmd
 .text.RCC_APB1PeriphClockCmd
                0x080030b0       0x3c ..\obj\stm32f4xx_rcc.o
                0x080030b0                RCC_APB1PeriphClockCmd
 .text.RCC_APB2PeriphClockCmd
                0x080030ec       0x3c ..\obj\stm32f4xx_rcc.o
                0x080030ec                RCC_APB2PeriphClockCmd
 .text.GPIO_Init
                0x08003128      0x11a ..\obj\stm32f4xx_gpio.o
                0x08003128                GPIO_Init
 .text.GPIO_PinAFConfig
                0x08003242       0x90 ..\obj\stm32f4xx_gpio.o
                0x08003242                GPIO_PinAFConfig
 *fill*         0x080032d2        0x2 
 .text.SystemInit
                0x080032d4       0x5c ..\obj\system_stm32f4xx.o
                0x080032d4                SystemInit
 .text.SetSysClock
                0x08003330       0xf4 ..\obj\system_stm32f4xx.o
 .text.DMA_DeInit
                0x08003424      0x1a4 ..\obj\stm32f4xx_dma.o
                0x08003424                DMA_DeInit
 .text.DMA_Init
                0x080035c8       0xac ..\obj\stm32f4xx_dma.o
                0x080035c8                DMA_Init
 .text.DMA_Cmd  0x08003674       0x36 ..\obj\stm32f4xx_dma.o
                0x08003674                DMA_Cmd
 .text.DMA_ITConfig
                0x080036aa       0x72 ..\obj\stm32f4xx_dma.o
                0x080036aa                DMA_ITConfig
 .text.DMA_GetITStatus
                0x0800371c       0xac ..\obj\stm32f4xx_dma.o
                0x0800371c                DMA_GetITStatus
 .text.DMA_ClearITPendingBit
                0x080037c8       0x5c ..\obj\stm32f4xx_dma.o
                0x080037c8                DMA_ClearITPendingBit
 .text.UB_VGA_Screen_Init
                0x08003824       0x80 ..\obj\stm32_ub_vga_screen.o
                0x08003824                UB_VGA_Screen_Init
 .text.P_VGA_InitIO
                0x080038a4       0xa8 ..\obj\stm32_ub_vga_screen.o
                0x080038a4                P_VGA_InitIO
 .text.P_VGA_InitTIM
                0x0800394c       0xcc ..\obj\stm32_ub_vga_screen.o
                0x0800394c                P_VGA_InitTIM
 .text.P_VGA_InitINT
                0x08003a18       0x58 ..\obj\stm32_ub_vga_screen.o
                0x08003a18                P_VGA_InitINT
 .text.P_VGA_InitDMA
                0x08003a70       0x90 ..\obj\stm32_ub_vga_screen.o
                0x08003a70                P_VGA_InitDMA
 .text.TIM2_IRQHandler
                0x08003b00       0xbc ..\obj\stm32_ub_vga_screen.o
                0x08003b00                TIM2_IRQHandler
 .text.DMA2_Stream5_IRQHandler
                0x08003bbc       0x4c ..\obj\stm32_ub_vga_screen.o
                0x08003bbc                DMA2_Stream5_IRQHandler
 .text.NVIC_Init
                0x08003c08       0xc4 ..\obj\misc.o
                0x08003c08                NVIC_Init
 .text.TIM_TimeBaseInit
                0x08003ccc       0xd4 ..\obj\stm32f4xx_tim.o
                0x08003ccc                TIM_TimeBaseInit
 .text.TIM_ARRPreloadConfig
                0x08003da0       0x3e ..\obj\stm32f4xx_tim.o
                0x08003da0                TIM_ARRPreloadConfig
 .text.TIM_Cmd  0x08003dde       0x3e ..\obj\stm32f4xx_tim.o
                0x08003dde                TIM_Cmd
 .text.TIM_OC3Init
                0x08003e1c      0x10c ..\obj\stm32f4xx_tim.o
                0x08003e1c                TIM_OC3Init
 .text.TIM_OC4Init
                0x08003f28       0xcc ..\obj\stm32f4xx_tim.o
                0x08003f28                TIM_OC4Init
 .text.TIM_OC3PreloadConfig
                0x08003ff4       0x36 ..\obj\stm32f4xx_tim.o
                0x08003ff4                TIM_OC3PreloadConfig
 .text.TIM_OC4PreloadConfig
                0x0800402a       0x3a ..\obj\stm32f4xx_tim.o
                0x0800402a                TIM_OC4PreloadConfig
 .text.TIM_ITConfig
                0x08004064       0x46 ..\obj\stm32f4xx_tim.o
                0x08004064                TIM_ITConfig
 .text.TIM_ClearITPendingBit
                0x080040aa       0x20 ..\obj\stm32f4xx_tim.o
                0x080040aa                TIM_ClearITPendingBit
 .text.TIM_DMACmd
                0x080040ca       0x46 ..\obj\stm32f4xx_tim.o
                0x080040ca                TIM_DMACmd
 .text          0x08004110      0x370 c:/gcc-arm-none-eabi-6-2017-q1-update-win32/bin/../lib/gcc/arm-none-eabi/6.3.1/thumb/v7e-m\libgcc.a(_arm_addsubdf3.o)
                0x08004110                __aeabi_drsub
                0x08004118                __aeabi_dsub
                0x08004118                __subdf3
                0x0800411c                __aeabi_dadd
                0x0800411c                __adddf3
                0x08004394                __floatunsidf
                0x08004394                __aeabi_ui2d
                0x080043b4                __floatsidf
                0x080043b4                __aeabi_i2d
                0x080043d8                __aeabi_f2d
                0x080043d8                __extendsfdf2
                0x08004414                __floatundidf
                0x08004414                __aeabi_ul2d
                0x08004424                __floatdidf
                0x08004424                __aeabi_l2d
 .text          0x08004480      0x424 c:/gcc-arm-none-eabi-6-2017-q1-update-win32/bin/../lib/gcc/arm-none-eabi/6.3.1/thumb/v7e-m\libgcc.a(_arm_muldivdf3.o)
                0x08004480                __aeabi_dmul
                0x08004480                __muldf3
                0x080046d4                __divdf3
                0x080046d4                __aeabi_ddiv
 .text          0x080048a4       0x50 c:/gcc-arm-none-eabi-6-2017-q1-update-win32/bin/../lib/gcc/arm-none-eabi/6.3.1/thumb/v7e-m\libgcc.a(_arm_fixdfsi.o)
                0x080048a4                __aeabi_d2iz
                0x080048a4                __fixdfsi
 .text          0x080048f4      0x21c c:/gcc-arm-none-eabi-6-2017-q1-update-win32/bin/../lib/gcc/arm-none-eabi/6.3.1/thumb/v7e-m\libgcc.a(_arm_addsubsf3.o)
                0x080048f4                __aeabi_frsub
                0x080048fc                __subsf3
                0x080048fc                __aeabi_fsub
                0x08004900                __aeabi_fadd
                0x08004900                __addsf3
                0x08004a60                __aeabi_ui2f
                0x08004a60                __floatunsisf
                0x08004a68                __aeabi_i2f
                0x08004a68                __floatsisf
                0x08004a84                __aeabi_ul2f
                0x08004a84                __floatundisf
                0x08004a94                __aeabi_l2f
                0x08004a94                __floatdisf
 .text          0x08004b10      0x2a0 c:/gcc-arm-none-eabi-6-2017-q1-update-win32/bin/../lib/gcc/arm-none-eabi/6.3.1/thumb/v7e-m\libgcc.a(_arm_muldivsf3.o)
                0x08004b10                __mulsf3
                0x08004b10                __aeabi_fmul
                0x08004c78                __aeabi_fdiv
                0x08004c78                __divsf3
 .text          0x08004db0       0xec c:/gcc-arm-none-eabi-6-2017-q1-update-win32/bin/../lib/gcc/arm-none-eabi/6.3.1/thumb/v7e-m\libgcc.a(_arm_cmpsf2.o)
                0x08004db0                __gesf2
                0x08004db0                __gtsf2
                0x08004db8                __lesf2
                0x08004db8                __ltsf2
                0x08004dc0                __nesf2
                0x08004dc0                __eqsf2
                0x08004dc0                __cmpsf2
                0x08004e20                __aeabi_cfrcmple
                0x08004e28                __aeabi_cfcmpeq
                0x08004e28                __aeabi_cfcmple
                0x08004e38                __aeabi_fcmpeq
                0x08004e4c                __aeabi_fcmplt
                0x08004e60                __aeabi_fcmple
                0x08004e74                __aeabi_fcmpge
                0x08004e88                __aeabi_fcmpgt
 .text          0x08004e9c       0x40 c:/gcc-arm-none-eabi-6-2017-q1-update-win32/bin/../lib/gcc/arm-none-eabi/6.3.1/thumb/v7e-m\libgcc.a(_arm_fixunssfsi.o)
                0x08004e9c                __fixunssfsi
                0x08004e9c                __aeabi_f2uiz
 .text.atoi     0x08004edc        0x8 c:/gcc-arm-none-eabi-6-2017-q1-update-win32/bin/../lib/gcc/arm-none-eabi/6.3.1/../../../../arm-none-eabi/lib/thumb/v7e-m\libg.a(lib_a-atoi.o)
                0x08004edc                atoi
 .text.memset   0x08004ee4       0x9c c:/gcc-arm-none-eabi-6-2017-q1-update-win32/bin/../lib/gcc/arm-none-eabi/6.3.1/../../../../arm-none-eabi/lib/thumb/v7e-m\libg.a(lib_a-memset.o)
                0x08004ee4                memset
 .text          0x08004f80      0x2dc c:/gcc-arm-none-eabi-6-2017-q1-update-win32/bin/../lib/gcc/arm-none-eabi/6.3.1/../../../../arm-none-eabi/lib/thumb/v7e-m\libg.a(lib_a-strcmp.o)
                0x08004f88                strcmp
 *fill*         0x0800525c       0x24 
 .text          0x08005280       0xdc c:/gcc-arm-none-eabi-6-2017-q1-update-win32/bin/../lib/gcc/arm-none-eabi/6.3.1/../../../../arm-none-eabi/lib/thumb/v7e-m\libg.a(lib_a-strlen.o)
                0x08005280                strlen
 .text._strtol_l.isra.0
                0x0800535c      0x128 c:/gcc-arm-none-eabi-6-2017-q1-update-win32/bin/../lib/gcc/arm-none-eabi/6.3.1/../../../../arm-none-eabi/lib/thumb/v7e-m\libg.a(lib_a-strtol.o)
 .text.strtol   0x08005484       0x2c c:/gcc-arm-none-eabi-6-2017-q1-update-win32/bin/../lib/gcc/arm-none-eabi/6.3.1/../../../../arm-none-eabi/lib/thumb/v7e-m\libg.a(lib_a-strtol.o)
                0x08005484                strtol
 .text.__locale_ctype_ptr_l
                0x080054b0        0x8 c:/gcc-arm-none-eabi-6-2017-q1-update-win32/bin/../lib/gcc/arm-none-eabi/6.3.1/../../../../arm-none-eabi/lib/thumb/v7e-m\libg.a(lib_a-locale.o)
                0x080054b0                __locale_ctype_ptr_l
 .text.__ascii_mbtowc
                0x080054b8       0x2c c:/gcc-arm-none-eabi-6-2017-q1-update-win32/bin/../lib/gcc/arm-none-eabi/6.3.1/../../../../arm-none-eabi/lib/thumb/v7e-m\libg.a(lib_a-mbtowc_r.o)
                0x080054b8                __ascii_mbtowc
 .text.__ascii_wctomb
                0x080054e4       0x1c c:/gcc-arm-none-eabi-6-2017-q1-update-win32/bin/../lib/gcc/arm-none-eabi/6.3.1/../../../../arm-none-eabi/lib/thumb/v7e-m\libg.a(lib_a-wctomb_r.o)
                0x080054e4                __ascii_wctomb
 *(.init)
 *(.fini)
 *crtbegin.o(.ctors)
 *crtbegin?.o(.ctors)
 *(EXCLUDE_FILE(*crtend.o *crtend?.o) .ctors)
 *(SORT(.ctors.*))
 *(.ctors)
 *crtbegin.o(.dtors)
 *crtbegin?.o(.dtors)
 *(EXCLUDE_FILE(*crtend.o *crtend?.o) .dtors)
 *(SORT(.dtors.*))
 *(.dtors)
 *(.rodata*)
 .rodata        0x08005500       0x97 ..\obj\vga_ui.o
 *fill*         0x08005597        0x1 
 .rodata        0x08005598     0x6128 ..\obj\vga_logic.o
                0x08005598                emoji_blij_64
                0x0800659c                emoji_boos_64
                0x080075a0                pijl_omhoog_60
                0x080083b4                pijl_omlaag_60
                0x080091c8                pijl_links_60
                0x08009fdc                pijl_rechts_60
                0x0800adf0                HU_logo_50
 .rodata        0x0800b6c0     0x1ab8 ..\obj\vga_api.o
                0x0800b6c0                VCR_OSD_Mono_Regular
                0x0800bb34                VCR_OSD_Mono_Oblique
                0x0800bfa8                VCR_OSD_Mono_Bold
                0x0800c41c                F04b03_Regular
                0x0800c890                F04b03_Bold
                0x0800cd04                F04b03_Oblique
 .rodata._setlocale_r.str1.4
                0x0800d178        0xd c:/gcc-arm-none-eabi-6-2017-q1-update-win32/bin/../lib/gcc/arm-none-eabi/6.3.1/../../../../arm-none-eabi/lib/thumb/v7e-m\libg.a(lib_a-locale.o)
 *fill*         0x0800d185        0x3 
 .rodata.str1.4
                0x0800d188        0x4 c:/gcc-arm-none-eabi-6-2017-q1-update-win32/bin/../lib/gcc/arm-none-eabi/6.3.1/../../../../arm-none-eabi/lib/thumb/v7e-m\libg.a(lib_a-locale.o)
                                  0x2 (size before relaxing)
 .rodata._ctype_
                0x0800d18c      0x101 c:/gcc-arm-none-eabi-6-2017-q1-update-win32/bin/../lib/gcc/arm-none-eabi/6.3.1/../../../../arm-none-eabi/lib/thumb/v7e-m\libg.a(lib_a-ctype_.o)
                0x0800d18c                _ctype_
 *(.eh_fram e*)

.glue_7         0x0800d290        0x0
 .glue_7        0x0800d290        0x0 linker stubs

.glue_7t        0x0800d290        0x0
 .glue_7t       0x0800d290        0x0 linker stubs

.vfp11_veneer   0x0800d290        0x0
 .vfp11_veneer  0x0800d290        0x0 linker stubs

.v4_bx          0x0800d290        0x0
 .v4_bx         0x0800d290        0x0 linker stubs

.iplt           0x0800d290        0x0
 .iplt          0x0800d290        0x0 ..\obj\stm32f4xx_usart.o

.rel.dyn        0x0800d290        0x0
 .rel.iplt      0x0800d290        0x0 ..\obj\stm32f4xx_usart.o

.ARM.extab
 *(.ARM.extab* .gnu.linkonce.armextab.*)
                0x0800d290                __exidx_start = .

.ARM.exidx
 *(.ARM.exidx* .gnu.linkonce.armexidx.*)
                0x0800d290                __exidx_end = .
                0x0800d290                __etext = .
                0x0800d28d                _sidata = __etext

.data           0x20000000      0x5ac load address 0x0800d28d
                0x20000000                __data_start__ = .
                0x20000000                _sdata = __data_start__
 *(vtable)
 *(.data*)
 .data          0x20000000       0x10 ..\obj\stm32f4xx_rcc.o
 .data._impure_ptr
                0x20000010        0x4 c:/gcc-arm-none-eabi-6-2017-q1-update-win32/bin/../lib/gcc/arm-none-eabi/6.3.1/../../../../arm-none-eabi/lib/thumb/v7e-m\libg.a(lib_a-impure.o)
                0x20000010                _impure_ptr
 *fill*         0x20000014        0x4 
 .data.impure_data
                0x20000018      0x428 c:/gcc-arm-none-eabi-6-2017-q1-update-win32/bin/../lib/gcc/arm-none-eabi/6.3.1/../../../../arm-none-eabi/lib/thumb/v7e-m\libg.a(lib_a-impure.o)
 .data.__global_locale
                0x20000440      0x16c c:/gcc-arm-none-eabi-6-2017-q1-update-win32/bin/../lib/gcc/arm-none-eabi/6.3.1/../../../../arm-none-eabi/lib/thumb/v7e-m\libg.a(lib_a-locale.o)
                0x20000440                __global_locale
                0x200005ac                . = ALIGN (0x4)
                [!provide]                PROVIDE (__preinit_array_start, .)
 *(.preinit_array)
                [!provide]                PROVIDE (__preinit_array_end, .)
                0x200005ac                . = ALIGN (0x4)
                [!provide]                PROVIDE (__init_array_start, .)
 *(SORT(.init_array.*))
 *(.init_array)
                [!provide]                PROVIDE (__init_array_end, .)
                0x200005ac                . = ALIGN (0x4)
                [!provide]                PROVIDE (__fini_array_start, .)
 *(SORT(.fini_array.*))
 *(.fini_array)
                [!provide]                PROVIDE (__fini_array_end, .)
 *(.jcr*)
                0x200005ac                . = ALIGN (0x4)
                0x200005ac                __data_end__ = .
                0x200005ac                _edata = __data_end__

.igot.plt       0x200005ac        0x0 load address 0x0800d83c
 .igot.plt      0x200005ac        0x0 ..\obj\stm32f4xx_usart.o

.bss            0x200005ac    0x12f58 load address 0x0800d83c
                0x200005ac                . = ALIGN (0x4)
                0x200005ac                __bss_start__ = .
                0x200005ac                _sbss = __bss_start__
 *(.bss*)
 .bss           0x200005ac        0x4 ..\obj\uart.o
                0x200005ac                charcounter
 *(COMMON)
 COMMON         0x200005b0    0x12d60 ..\obj\uart.o
                0x200005b0                string
                0x20000614                VGA
                0x20000620                VGA_RAM1
 COMMON         0x20013310       0x64 ..\obj\vga_ui.o
                0x20013310                buf
 COMMON         0x20013374      0x190 ..\obj\vga_logic.o
                0x20013374                arguments
                0x20013504                . = ALIGN (0x4)
                0x20013504                __bss_end__ = .
                0x20013504                _ebss = __bss_end__

.heap           0x20013504        0x0
                0x20013504                __end__ = .
                0x20013504                _end = __end__
                0x20013504                end = __end__
 *(.heap*)
                0x20013504                __HeapLimit = .

.co_stack       0x20013504      0x804 load address 0x08020794
                0x20013508                . = ALIGN (0x8)
 *fill*         0x20013504        0x4 
 *(.co_stack .co_stack.*)
 .co_stack      0x20013508      0x800 ..\obj\startup_stm32f4xx.o
                0x20013508                pulStack
                0x20020000                __StackTop = (ORIGIN (ram) + LENGTH (ram))
                0x2001f7fc                __StackLimit = (__StackTop - SIZEOF (.co_stack))
                [!provide]                PROVIDE (__stack, __StackTop)
                0x00000001                ASSERT ((__StackLimit >= __HeapLimit), region ram  overflowed with stack)
LOAD ..\obj\stm32f4xx_usart.o
LOAD ..\obj\uart.o
LOAD ..\obj\vga_ui.o
LOAD ..\obj\startup_stm32f4xx.o
LOAD ..\obj\vga_logic.o
LOAD ..\obj\vga_api.o
LOAD ..\obj\stm32f4xx_rcc.o
LOAD ..\obj\stm32f4xx_gpio.o
LOAD ..\obj\system_stm32f4xx.o
LOAD ..\obj\stm32f4xx_dma.o
LOAD ..\obj\stm32_ub_vga_screen.o
LOAD ..\obj\misc.o
LOAD ..\obj\stm32f4xx_tim.o
LOAD c:/gcc-arm-none-eabi-6-2017-q1-update-win32/bin/../lib/gcc/arm-none-eabi/6.3.1/../../../../arm-none-eabi/lib/thumb/v7e-m\libm.a
START GROUP
LOAD c:/gcc-arm-none-eabi-6-2017-q1-update-win32/bin/../lib/gcc/arm-none-eabi/6.3.1/thumb/v7e-m\libgcc.a
LOAD c:/gcc-arm-none-eabi-6-2017-q1-update-win32/bin/../lib/gcc/arm-none-eabi/6.3.1/../../../../arm-none-eabi/lib/thumb/v7e-m\libg.a
LOAD c:/gcc-arm-none-eabi-6-2017-q1-update-win32/bin/../lib/gcc/arm-none-eabi/6.3.1/../../../../arm-none-eabi/lib/thumb/v7e-m\libc.a
END GROUP
OUTPUT(VGA_Core.elf elf32-littlearm)

.debug_info     0x00000000     0x9419
 .debug_info    0x00000000      0x9d1 ..\obj\stm32f4xx_usart.o
 .debug_info    0x000009d1     0x1237 ..\obj\uart.o
 .debug_info    0x00001c08      0xa3f ..\obj\vga_ui.o
 .debug_info    0x00002647      0x10f ..\obj\startup_stm32f4xx.o
 .debug_info    0x00002756      0xbaf ..\obj\vga_logic.o
 .debug_info    0x00003305     0x14d8 ..\obj\vga_api.o
 .debug_info    0x000047dd      0xc6e ..\obj\stm32f4xx_rcc.o
 .debug_info    0x0000544b      0x621 ..\obj\stm32f4xx_gpio.o
 .debug_info    0x00005a6c      0x5cc ..\obj\system_stm32f4xx.o
 .debug_info    0x00006038      0x748 ..\obj\stm32f4xx_dma.o
 .debug_info    0x00006780      0xae0 ..\obj\stm32_ub_vga_screen.o
 .debug_info    0x00007260      0x549 ..\obj\misc.o
 .debug_info    0x000077a9     0x1c70 ..\obj\stm32f4xx_tim.o

.debug_abbrev   0x00000000     0x180f
 .debug_abbrev  0x00000000      0x180 ..\obj\stm32f4xx_usart.o
 .debug_abbrev  0x00000180      0x2d9 ..\obj\uart.o
 .debug_abbrev  0x00000459      0x23f ..\obj\vga_ui.o
 .debug_abbrev  0x00000698       0xbf ..\obj\startup_stm32f4xx.o
 .debug_abbrev  0x00000757      0x275 ..\obj\vga_logic.o
 .debug_abbrev  0x000009cc      0x2da ..\obj\vga_api.o
 .debug_abbrev  0x00000ca6      0x1f6 ..\obj\stm32f4xx_rcc.o
 .debug_abbrev  0x00000e9c      0x1b6 ..\obj\stm32f4xx_gpio.o
 .debug_abbrev  0x00001052      0x156 ..\obj\system_stm32f4xx.o
 .debug_abbrev  0x000011a8      0x166 ..\obj\stm32f4xx_dma.o
 .debug_abbrev  0x0000130e      0x1f9 ..\obj\stm32_ub_vga_screen.o
 .debug_abbrev  0x00001507      0x170 ..\obj\misc.o
 .debug_abbrev  0x00001677      0x198 ..\obj\stm32f4xx_tim.o

.debug_aranges  0x00000000      0x8e0
 .debug_aranges
                0x00000000      0x100 ..\obj\stm32f4xx_usart.o
 .debug_aranges
                0x00000100       0x68 ..\obj\uart.o
 .debug_aranges
                0x00000168       0x28 ..\obj\vga_ui.o
 .debug_aranges
                0x00000190       0x28 ..\obj\startup_stm32f4xx.o
 .debug_aranges
                0x000001b8       0x40 ..\obj\vga_logic.o
 .debug_aranges
                0x000001f8       0x70 ..\obj\vga_api.o
 .debug_aranges
                0x00000268      0x178 ..\obj\stm32f4xx_rcc.o
 .debug_aranges
                0x000003e0       0x88 ..\obj\stm32f4xx_gpio.o
 .debug_aranges
                0x00000468       0x30 ..\obj\system_stm32f4xx.o
 .debug_aranges
                0x00000498       0xb0 ..\obj\stm32f4xx_dma.o
 .debug_aranges
                0x00000548       0x60 ..\obj\stm32_ub_vga_screen.o
 .debug_aranges
                0x000005a8       0x40 ..\obj\misc.o
 .debug_aranges
                0x000005e8      0x2f8 ..\obj\stm32f4xx_tim.o

.debug_ranges   0x00000000      0x828
 .debug_ranges  0x00000000       0xf0 ..\obj\stm32f4xx_usart.o
 .debug_ranges  0x000000f0       0x58 ..\obj\uart.o
 .debug_ranges  0x00000148       0x18 ..\obj\vga_ui.o
 .debug_ranges  0x00000160       0x18 ..\obj\startup_stm32f4xx.o
 .debug_ranges  0x00000178       0x48 ..\obj\vga_logic.o
 .debug_ranges  0x000001c0       0x60 ..\obj\vga_api.o
 .debug_ranges  0x00000220      0x168 ..\obj\stm32f4xx_rcc.o
 .debug_ranges  0x00000388       0x78 ..\obj\stm32f4xx_gpio.o
 .debug_ranges  0x00000400       0x20 ..\obj\system_stm32f4xx.o
 .debug_ranges  0x00000420       0xa0 ..\obj\stm32f4xx_dma.o
 .debug_ranges  0x000004c0       0x50 ..\obj\stm32_ub_vga_screen.o
 .debug_ranges  0x00000510       0x30 ..\obj\misc.o
 .debug_ranges  0x00000540      0x2e8 ..\obj\stm32f4xx_tim.o

.debug_line     0x00000000     0x3e60
 .debug_line    0x00000000      0x505 ..\obj\stm32f4xx_usart.o
 .debug_line    0x00000505      0x4a3 ..\obj\uart.o
 .debug_line    0x000009a8      0x33d ..\obj\vga_ui.o
 .debug_line    0x00000ce5       0xad ..\obj\startup_stm32f4xx.o
 .debug_line    0x00000d92      0x473 ..\obj\vga_logic.o
 .debug_line    0x00001205      0xabd ..\obj\vga_api.o
 .debug_line    0x00001cc2      0x5f1 ..\obj\stm32f4xx_rcc.o
 .debug_line    0x000022b3      0x3ac ..\obj\stm32f4xx_gpio.o
 .debug_line    0x0000265f      0x216 ..\obj\system_stm32f4xx.o
 .debug_line    0x00002875      0x476 ..\obj\stm32f4xx_dma.o
 .debug_line    0x00002ceb      0x3de ..\obj\stm32_ub_vga_screen.o
 .debug_line    0x000030c9      0x28a ..\obj\misc.o
 .debug_line    0x00003353      0xb0d ..\obj\stm32f4xx_tim.o

.debug_str      0x00000000     0x31a2
 .debug_str     0x00000000      0x630 ..\obj\stm32f4xx_usart.o
                                0x6ab (size before relaxing)
 .debug_str     0x00000630      0xcff ..\obj\uart.o
                                0xf9a (size before relaxing)
 .debug_str     0x0000132f       0x56 ..\obj\vga_ui.o
                                0x6a2 (size before relaxing)
 .debug_str     0x00001385       0xce ..\obj\startup_stm32f4xx.o
                                0x165 (size before relaxing)
 .debug_str     0x00001453      0x112 ..\obj\vga_logic.o
                                0x764 (size before relaxing)
 .debug_str     0x00001565      0x1cb ..\obj\vga_api.o
                                0x78e (size before relaxing)
 .debug_str     0x00001730      0x5ef ..\obj\stm32f4xx_rcc.o
                                0x86c (size before relaxing)
 .debug_str     0x00001d1f      0x1af ..\obj\stm32f4xx_gpio.o
                                0x4bf (size before relaxing)
 .debug_str     0x00001ece      0x114 ..\obj\system_stm32f4xx.o
                                0x3b6 (size before relaxing)
 .debug_str     0x00001fe2      0x39d ..\obj\stm32f4xx_dma.o
                                0x55e (size before relaxing)
 .debug_str     0x0000237f      0x2ac ..\obj\stm32_ub_vga_screen.o
                                0xcf9 (size before relaxing)
 .debug_str     0x0000262b      0x16d ..\obj\misc.o
                                0x3ea (size before relaxing)
 .debug_str     0x00002798      0xa0a ..\obj\stm32f4xx_tim.o
                                0xdec (size before relaxing)

.comment        0x00000000       0x7f
 .comment       0x00000000       0x7f ..\obj\stm32f4xx_usart.o
                                 0x80 (size before relaxing)
 .comment       0x0000007f       0x80 ..\obj\uart.o
 .comment       0x0000007f       0x80 ..\obj\vga_ui.o
 .comment       0x0000007f       0x80 ..\obj\startup_stm32f4xx.o
 .comment       0x0000007f       0x80 ..\obj\vga_logic.o
 .comment       0x0000007f       0x80 ..\obj\vga_api.o
 .comment       0x0000007f       0x80 ..\obj\stm32f4xx_rcc.o
 .comment       0x0000007f       0x80 ..\obj\stm32f4xx_gpio.o
 .comment       0x0000007f       0x80 ..\obj\system_stm32f4xx.o
 .comment       0x0000007f       0x80 ..\obj\stm32f4xx_dma.o
 .comment       0x0000007f       0x80 ..\obj\stm32_ub_vga_screen.o
 .comment       0x0000007f       0x80 ..\obj\misc.o
 .comment       0x0000007f       0x80 ..\obj\stm32f4xx_tim.o

.ARM.attributes
                0x00000000       0x31
 .ARM.attributes
                0x00000000       0x33 ..\obj\stm32f4xx_usart.o
 .ARM.attributes
                0x00000033       0x33 ..\obj\uart.o
 .ARM.attributes
                0x00000066       0x33 ..\obj\vga_ui.o
 .ARM.attributes
                0x00000099       0x33 ..\obj\startup_stm32f4xx.o
 .ARM.attributes
                0x000000cc       0x33 ..\obj\vga_logic.o
 .ARM.attributes
                0x000000ff       0x33 ..\obj\vga_api.o
 .ARM.attributes
                0x00000132       0x33 ..\obj\stm32f4xx_rcc.o
 .ARM.attributes
                0x00000165       0x33 ..\obj\stm32f4xx_gpio.o
 .ARM.attributes
                0x00000198       0x33 ..\obj\system_stm32f4xx.o
 .ARM.attributes
                0x000001cb       0x33 ..\obj\stm32f4xx_dma.o
 .ARM.attributes
                0x000001fe       0x33 ..\obj\stm32_ub_vga_screen.o
 .ARM.attributes
                0x00000231       0x33 ..\obj\misc.o
 .ARM.attributes
                0x00000264       0x33 ..\obj\stm32f4xx_tim.o
 .ARM.attributes
                0x00000297       0x1e c:/gcc-arm-none-eabi-6-2017-q1-update-win32/bin/../lib/gcc/arm-none-eabi/6.3.1/thumb/v7e-m\libgcc.a(_arm_addsubdf3.o)
 .ARM.attributes
                0x000002b5       0x1e c:/gcc-arm-none-eabi-6-2017-q1-update-win32/bin/../lib/gcc/arm-none-eabi/6.3.1/thumb/v7e-m\libgcc.a(_arm_muldivdf3.o)
 .ARM.attributes
                0x000002d3       0x1e c:/gcc-arm-none-eabi-6-2017-q1-update-win32/bin/../lib/gcc/arm-none-eabi/6.3.1/thumb/v7e-m\libgcc.a(_arm_fixdfsi.o)
 .ARM.attributes
                0x000002f1       0x1e c:/gcc-arm-none-eabi-6-2017-q1-update-win32/bin/../lib/gcc/arm-none-eabi/6.3.1/thumb/v7e-m\libgcc.a(_arm_addsubsf3.o)
 .ARM.attributes
                0x0000030f       0x1e c:/gcc-arm-none-eabi-6-2017-q1-update-win32/bin/../lib/gcc/arm-none-eabi/6.3.1/thumb/v7e-m\libgcc.a(_arm_muldivsf3.o)
 .ARM.attributes
                0x0000032d       0x1e c:/gcc-arm-none-eabi-6-2017-q1-update-win32/bin/../lib/gcc/arm-none-eabi/6.3.1/thumb/v7e-m\libgcc.a(_arm_cmpsf2.o)
 .ARM.attributes
                0x0000034b       0x1e c:/gcc-arm-none-eabi-6-2017-q1-update-win32/bin/../lib/gcc/arm-none-eabi/6.3.1/thumb/v7e-m\libgcc.a(_arm_fixunssfsi.o)
 .ARM.attributes
                0x00000369       0x2e c:/gcc-arm-none-eabi-6-2017-q1-update-win32/bin/../lib/gcc/arm-none-eabi/6.3.1/../../../../arm-none-eabi/lib/thumb/v7e-m\libg.a(lib_a-atoi.o)
 .ARM.attributes
                0x00000397       0x2e c:/gcc-arm-none-eabi-6-2017-q1-update-win32/bin/../lib/gcc/arm-none-eabi/6.3.1/../../../../arm-none-eabi/lib/thumb/v7e-m\libg.a(lib_a-memset.o)
 .ARM.attributes
                0x000003c5       0x1c c:/gcc-arm-none-eabi-6-2017-q1-update-win32/bin/../lib/gcc/arm-none-eabi/6.3.1/../../../../arm-none-eabi/lib/thumb/v7e-m\libg.a(lib_a-strcmp.o)
 .ARM.attributes
                0x000003e1       0x1c c:/gcc-arm-none-eabi-6-2017-q1-update-win32/bin/../lib/gcc/arm-none-eabi/6.3.1/../../../../arm-none-eabi/lib/thumb/v7e-m\libg.a(lib_a-strlen.o)
 .ARM.attributes
                0x000003fd       0x2e c:/gcc-arm-none-eabi-6-2017-q1-update-win32/bin/../lib/gcc/arm-none-eabi/6.3.1/../../../../arm-none-eabi/lib/thumb/v7e-m\libg.a(lib_a-strtol.o)
 .ARM.attributes
                0x0000042b       0x2e c:/gcc-arm-none-eabi-6-2017-q1-update-win32/bin/../lib/gcc/arm-none-eabi/6.3.1/../../../../arm-none-eabi/lib/thumb/v7e-m\libg.a(lib_a-impure.o)
 .ARM.attributes
                0x00000459       0x2e c:/gcc-arm-none-eabi-6-2017-q1-update-win32/bin/../lib/gcc/arm-none-eabi/6.3.1/../../../../arm-none-eabi/lib/thumb/v7e-m\libg.a(lib_a-locale.o)
 .ARM.attributes
                0x00000487       0x2e c:/gcc-arm-none-eabi-6-2017-q1-update-win32/bin/../lib/gcc/arm-none-eabi/6.3.1/../../../../arm-none-eabi/lib/thumb/v7e-m\libg.a(lib_a-mbtowc_r.o)
 .ARM.attributes
                0x000004b5       0x2e c:/gcc-arm-none-eabi-6-2017-q1-update-win32/bin/../lib/gcc/arm-none-eabi/6.3.1/../../../../arm-none-eabi/lib/thumb/v7e-m\libg.a(lib_a-wctomb_r.o)
 .ARM.attributes
                0x000004e3       0x2e c:/gcc-arm-none-eabi-6-2017-q1-update-win32/bin/../lib/gcc/arm-none-eabi/6.3.1/../../../../arm-none-eabi/lib/thumb/v7e-m\libg.a(lib_a-ctype_.o)

.debug_frame    0x00000000     0x2b58
 .debug_frame   0x00000000      0x490 ..\obj\stm32f4xx_usart.o
 .debug_frame   0x00000490      0x198 ..\obj\uart.o
 .debug_frame   0x00000628       0x54 ..\obj\vga_ui.o
 .debug_frame   0x0000067c       0x4c ..\obj\startup_stm32f4xx.o
 .debug_frame   0x000006c8       0xd8 ..\obj\vga_logic.o
 .debug_frame   0x000007a0      0x1c8 ..\obj\vga_api.o
 .debug_frame   0x00000968      0x6d4 ..\obj\stm32f4xx_rcc.o
 .debug_frame   0x0000103c      0x23c ..\obj\stm32f4xx_gpio.o
 .debug_frame   0x00001278       0x7c ..\obj\system_stm32f4xx.o
 .debug_frame   0x000012f4      0x308 ..\obj\stm32f4xx_dma.o
 .debug_frame   0x000015fc      0x148 ..\obj\stm32_ub_vga_screen.o
 .debug_frame   0x00001744       0xd8 ..\obj\misc.o
 .debug_frame   0x0000181c      0xe54 ..\obj\stm32f4xx_tim.o
 .debug_frame   0x00002670       0xac c:/gcc-arm-none-eabi-6-2017-q1-update-win32/bin/../lib/gcc/arm-none-eabi/6.3.1/thumb/v7e-m\libgcc.a(_arm_addsubdf3.o)
 .debug_frame   0x0000271c       0x50 c:/gcc-arm-none-eabi-6-2017-q1-update-win32/bin/../lib/gcc/arm-none-eabi/6.3.1/thumb/v7e-m\libgcc.a(_arm_muldivdf3.o)
 .debug_frame   0x0000276c       0x24 c:/gcc-arm-none-eabi-6-2017-q1-update-win32/bin/../lib/gcc/arm-none-eabi/6.3.1/thumb/v7e-m\libgcc.a(_arm_fixdfsi.o)
 .debug_frame   0x00002790       0x4c c:/gcc-arm-none-eabi-6-2017-q1-update-win32/bin/../lib/gcc/arm-none-eabi/6.3.1/thumb/v7e-m\libgcc.a(_arm_addsubsf3.o)
 .debug_frame   0x000027dc       0x38 c:/gcc-arm-none-eabi-6-2017-q1-update-win32/bin/../lib/gcc/arm-none-eabi/6.3.1/thumb/v7e-m\libgcc.a(_arm_muldivsf3.o)
 .debug_frame   0x00002814       0xc8 c:/gcc-arm-none-eabi-6-2017-q1-update-win32/bin/../lib/gcc/arm-none-eabi/6.3.1/thumb/v7e-m\libgcc.a(_arm_cmpsf2.o)
 .debug_frame   0x000028dc       0x24 c:/gcc-arm-none-eabi-6-2017-q1-update-win32/bin/../lib/gcc/arm-none-eabi/6.3.1/thumb/v7e-m\libgcc.a(_arm_fixunssfsi.o)
 .debug_frame   0x00002900       0x30 c:/gcc-arm-none-eabi-6-2017-q1-update-win32/bin/../lib/gcc/arm-none-eabi/6.3.1/../../../../arm-none-eabi/lib/thumb/v7e-m\libg.a(lib_a-atoi.o)
 .debug_frame   0x00002930       0x34 c:/gcc-arm-none-eabi-6-2017-q1-update-win32/bin/../lib/gcc/arm-none-eabi/6.3.1/../../../../arm-none-eabi/lib/thumb/v7e-m\libg.a(lib_a-memset.o)
 .debug_frame   0x00002964       0x68 c:/gcc-arm-none-eabi-6-2017-q1-update-win32/bin/../lib/gcc/arm-none-eabi/6.3.1/../../../../arm-none-eabi/lib/thumb/v7e-m\libg.a(lib_a-strcmp.o)
 .debug_frame   0x000029cc       0x98 c:/gcc-arm-none-eabi-6-2017-q1-update-win32/bin/../lib/gcc/arm-none-eabi/6.3.1/../../../../arm-none-eabi/lib/thumb/v7e-m\libg.a(lib_a-strtol.o)
 .debug_frame   0x00002a64       0x6c c:/gcc-arm-none-eabi-6-2017-q1-update-win32/bin/../lib/gcc/arm-none-eabi/6.3.1/../../../../arm-none-eabi/lib/thumb/v7e-m\libg.a(lib_a-locale.o)
 .debug_frame   0x00002ad0       0x4c c:/gcc-arm-none-eabi-6-2017-q1-update-win32/bin/../lib/gcc/arm-none-eabi/6.3.1/../../../../arm-none-eabi/lib/thumb/v7e-m\libg.a(lib_a-mbtowc_r.o)
 .debug_frame   0x00002b1c       0x3c c:/gcc-arm-none-eabi-6-2017-q1-update-win32/bin/../lib/gcc/arm-none-eabi/6.3.1/../../../../arm-none-eabi/lib/thumb/v7e-m\libg.a(lib_a-wctomb_r.o)
