
Allocating common symbols
Common symbol       size              file

VGA                 0xc               ..\obj\main.o
VGA_RAM1            0x12cf0           ..\obj\main.o

Discarded input sections

 .text          0x00000000        0x0 ..\obj\startup_stm32f4xx.o
 .data          0x00000000        0x0 ..\obj\startup_stm32f4xx.o
 .bss           0x00000000        0x0 ..\obj\startup_stm32f4xx.o
 .text          0x00000000        0x0 ..\obj\main.o
 .data          0x00000000        0x0 ..\obj\main.o
 .bss           0x00000000        0x0 ..\obj\main.o
 .text          0x00000000        0x0 ..\obj\vga_api.o
 .data          0x00000000        0x0 ..\obj\vga_api.o
 .bss           0x00000000        0x0 ..\obj\vga_api.o
 .text.tekst    0x00000000       0x20 ..\obj\vga_api.o
 .text.lijn     0x00000000       0x28 ..\obj\vga_api.o
 .text.ellips   0x00000000       0x28 ..\obj\vga_api.o
 .text.driehoek
                0x00000000       0x28 ..\obj\vga_api.o
 .text.setpixel
                0x00000000       0x1c ..\obj\vga_api.o
 .text.readpixel
                0x00000000       0x1c ..\obj\vga_api.o
 .text.bitmap   0x00000000       0x1c ..\obj\vga_api.o
 .text.clearscherm
                0x00000000       0x14 ..\obj\vga_api.o
 .text.wacht    0x00000000       0x14 ..\obj\vga_api.o
 .text          0x00000000        0x0 ..\obj\stm32f4xx_rcc.o
 .data          0x00000000       0x10 ..\obj\stm32f4xx_rcc.o
 .bss           0x00000000        0x0 ..\obj\stm32f4xx_rcc.o
 .text.RCC_DeInit
                0x00000000       0x50 ..\obj\stm32f4xx_rcc.o
 .text.RCC_HSEConfig
                0x00000000       0x24 ..\obj\stm32f4xx_rcc.o
 .text.RCC_WaitForHSEStartUp
                0x00000000       0x50 ..\obj\stm32f4xx_rcc.o
 .text.RCC_AdjustHSICalibrationValue
                0x00000000       0x3c ..\obj\stm32f4xx_rcc.o
 .text.RCC_HSICmd
                0x00000000       0x20 ..\obj\stm32f4xx_rcc.o
 .text.RCC_LSEConfig
                0x00000000       0x40 ..\obj\stm32f4xx_rcc.o
 .text.RCC_LSICmd
                0x00000000       0x20 ..\obj\stm32f4xx_rcc.o
 .text.RCC_PLLConfig
                0x00000000       0x3c ..\obj\stm32f4xx_rcc.o
 .text.RCC_PLLCmd
                0x00000000       0x20 ..\obj\stm32f4xx_rcc.o
 .text.RCC_PLLI2SConfig
                0x00000000       0x28 ..\obj\stm32f4xx_rcc.o
 .text.RCC_PLLI2SCmd
                0x00000000       0x20 ..\obj\stm32f4xx_rcc.o
 .text.RCC_ClockSecuritySystemCmd
                0x00000000       0x20 ..\obj\stm32f4xx_rcc.o
 .text.RCC_MCO1Config
                0x00000000       0x3c ..\obj\stm32f4xx_rcc.o
 .text.RCC_MCO2Config
                0x00000000       0x3c ..\obj\stm32f4xx_rcc.o
 .text.RCC_SYSCLKConfig
                0x00000000       0x38 ..\obj\stm32f4xx_rcc.o
 .text.RCC_GetSYSCLKSource
                0x00000000       0x1c ..\obj\stm32f4xx_rcc.o
 .text.RCC_HCLKConfig
                0x00000000       0x38 ..\obj\stm32f4xx_rcc.o
 .text.RCC_PCLK1Config
                0x00000000       0x38 ..\obj\stm32f4xx_rcc.o
 .text.RCC_PCLK2Config
                0x00000000       0x38 ..\obj\stm32f4xx_rcc.o
 .text.RCC_GetClocksFreq
                0x00000000      0x150 ..\obj\stm32f4xx_rcc.o
 .text.RCC_RTCCLKConfig
                0x00000000       0x5c ..\obj\stm32f4xx_rcc.o
 .text.RCC_RTCCLKCmd
                0x00000000       0x20 ..\obj\stm32f4xx_rcc.o
 .text.RCC_BackupResetCmd
                0x00000000       0x20 ..\obj\stm32f4xx_rcc.o
 .text.RCC_I2SCLKConfig
                0x00000000       0x1c ..\obj\stm32f4xx_rcc.o
 .text.RCC_AHB2PeriphClockCmd
                0x00000000       0x3c ..\obj\stm32f4xx_rcc.o
 .text.RCC_AHB3PeriphClockCmd
                0x00000000       0x3c ..\obj\stm32f4xx_rcc.o
 .text.RCC_AHB1PeriphResetCmd
                0x00000000       0x3c ..\obj\stm32f4xx_rcc.o
 .text.RCC_AHB2PeriphResetCmd
                0x00000000       0x3c ..\obj\stm32f4xx_rcc.o
 .text.RCC_AHB3PeriphResetCmd
                0x00000000       0x3c ..\obj\stm32f4xx_rcc.o
 .text.RCC_APB1PeriphResetCmd
                0x00000000       0x3c ..\obj\stm32f4xx_rcc.o
 .text.RCC_APB2PeriphResetCmd
                0x00000000       0x3c ..\obj\stm32f4xx_rcc.o
 .text.RCC_AHB1PeriphClockLPModeCmd
                0x00000000       0x3c ..\obj\stm32f4xx_rcc.o
 .text.RCC_AHB2PeriphClockLPModeCmd
                0x00000000       0x3c ..\obj\stm32f4xx_rcc.o
 .text.RCC_AHB3PeriphClockLPModeCmd
                0x00000000       0x3c ..\obj\stm32f4xx_rcc.o
 .text.RCC_APB1PeriphClockLPModeCmd
                0x00000000       0x3c ..\obj\stm32f4xx_rcc.o
 .text.RCC_APB2PeriphClockLPModeCmd
                0x00000000       0x3c ..\obj\stm32f4xx_rcc.o
 .text.RCC_ITConfig
                0x00000000       0x4c ..\obj\stm32f4xx_rcc.o
 .text.RCC_GetFlagStatus
                0x00000000       0x74 ..\obj\stm32f4xx_rcc.o
 .text.RCC_ClearFlag
                0x00000000       0x1c ..\obj\stm32f4xx_rcc.o
 .text.RCC_GetITStatus
                0x00000000       0x34 ..\obj\stm32f4xx_rcc.o
 .text.RCC_ClearITPendingBit
                0x00000000       0x20 ..\obj\stm32f4xx_rcc.o
 .text          0x00000000        0x0 ..\obj\stm32f4xx_gpio.o
 .data          0x00000000        0x0 ..\obj\stm32f4xx_gpio.o
 .bss           0x00000000        0x0 ..\obj\stm32f4xx_gpio.o
 .text.GPIO_DeInit
                0x00000000      0x120 ..\obj\stm32f4xx_gpio.o
 .text.GPIO_StructInit
                0x00000000       0x32 ..\obj\stm32f4xx_gpio.o
 .text.GPIO_PinLockConfig
                0x00000000       0x42 ..\obj\stm32f4xx_gpio.o
 .text.GPIO_ReadInputDataBit
                0x00000000       0x32 ..\obj\stm32f4xx_gpio.o
 .text.GPIO_ReadInputData
                0x00000000       0x18 ..\obj\stm32f4xx_gpio.o
 .text.GPIO_ReadOutputDataBit
                0x00000000       0x32 ..\obj\stm32f4xx_gpio.o
 .text.GPIO_ReadOutputData
                0x00000000       0x18 ..\obj\stm32f4xx_gpio.o
 .text.GPIO_SetBits
                0x00000000       0x1c ..\obj\stm32f4xx_gpio.o
 .text.GPIO_ResetBits
                0x00000000       0x1c ..\obj\stm32f4xx_gpio.o
 .text.GPIO_WriteBit
                0x00000000       0x2e ..\obj\stm32f4xx_gpio.o
 .text.GPIO_Write
                0x00000000       0x1c ..\obj\stm32f4xx_gpio.o
 .text.GPIO_ToggleBits
                0x00000000       0x22 ..\obj\stm32f4xx_gpio.o
 .text          0x00000000        0x0 ..\obj\system_stm32f4xx.o
 .data          0x00000000       0x14 ..\obj\system_stm32f4xx.o
 .bss           0x00000000        0x0 ..\obj\system_stm32f4xx.o
 .text.SystemCoreClockUpdate
                0x00000000       0xf4 ..\obj\system_stm32f4xx.o
 .text          0x00000000        0x0 ..\obj\stm32f4xx_dma.o
 .data          0x00000000        0x0 ..\obj\stm32f4xx_dma.o
 .bss           0x00000000        0x0 ..\obj\stm32f4xx_dma.o
 .text.DMA_StructInit
                0x00000000       0x6c ..\obj\stm32f4xx_dma.o
 .text.DMA_PeriphIncOffsetSizeConfig
                0x00000000       0x34 ..\obj\stm32f4xx_dma.o
 .text.DMA_FlowControllerConfig
                0x00000000       0x34 ..\obj\stm32f4xx_dma.o
 .text.DMA_SetCurrDataCounter
                0x00000000       0x1c ..\obj\stm32f4xx_dma.o
 .text.DMA_GetCurrDataCounter
                0x00000000       0x18 ..\obj\stm32f4xx_dma.o
 .text.DMA_DoubleBufferModeConfig
                0x00000000       0x3c ..\obj\stm32f4xx_dma.o
 .text.DMA_DoubleBufferModeCmd
                0x00000000       0x36 ..\obj\stm32f4xx_dma.o
 .text.DMA_MemoryTargetConfig
                0x00000000       0x2a ..\obj\stm32f4xx_dma.o
 .text.DMA_GetCurrentMemoryTarget
                0x00000000       0x2e ..\obj\stm32f4xx_dma.o
 .text.DMA_GetCmdStatus
                0x00000000       0x2e ..\obj\stm32f4xx_dma.o
 .text.DMA_GetFIFOStatus
                0x00000000       0x22 ..\obj\stm32f4xx_dma.o
 .text.DMA_GetFlagStatus
                0x00000000       0x74 ..\obj\stm32f4xx_dma.o
 .text.DMA_ClearFlag
                0x00000000       0x5c ..\obj\stm32f4xx_dma.o
 .text          0x00000000        0x0 ..\obj\stm32_ub_vga_screen.o
 .data          0x00000000        0x0 ..\obj\stm32_ub_vga_screen.o
 .bss           0x00000000        0x0 ..\obj\stm32_ub_vga_screen.o
 .text          0x00000000        0x0 ..\obj\misc.o
 .data          0x00000000        0x0 ..\obj\misc.o
 .bss           0x00000000        0x0 ..\obj\misc.o
 .text.NVIC_PriorityGroupConfig
                0x00000000       0x24 ..\obj\misc.o
 .text.NVIC_SetVectorTable
                0x00000000       0x2c ..\obj\misc.o
 .text.NVIC_SystemLPConfig
                0x00000000       0x40 ..\obj\misc.o
 .text.SysTick_CLKSourceConfig
                0x00000000       0x38 ..\obj\misc.o
 .text          0x00000000        0x0 ..\obj\stm32f4xx_tim.o
 .data          0x00000000        0x0 ..\obj\stm32f4xx_tim.o
 .bss           0x00000000        0x0 ..\obj\stm32f4xx_tim.o
 .text.TIM_DeInit
                0x00000000      0x1c0 ..\obj\stm32f4xx_tim.o
 .text.TIM_TimeBaseStructInit
                0x00000000       0x32 ..\obj\stm32f4xx_tim.o
 .text.TIM_PrescalerConfig
                0x00000000       0x26 ..\obj\stm32f4xx_tim.o
 .text.TIM_CounterModeConfig
                0x00000000       0x36 ..\obj\stm32f4xx_tim.o
 .text.TIM_SetCounter
                0x00000000       0x1a ..\obj\stm32f4xx_tim.o
 .text.TIM_SetAutoreload
                0x00000000       0x1a ..\obj\stm32f4xx_tim.o
 .text.TIM_GetCounter
                0x00000000       0x16 ..\obj\stm32f4xx_tim.o
 .text.TIM_GetPrescaler
                0x00000000       0x18 ..\obj\stm32f4xx_tim.o
 .text.TIM_UpdateDisableConfig
                0x00000000       0x3e ..\obj\stm32f4xx_tim.o
 .text.TIM_UpdateRequestConfig
                0x00000000       0x3e ..\obj\stm32f4xx_tim.o
 .text.TIM_SelectOnePulseMode
                0x00000000       0x36 ..\obj\stm32f4xx_tim.o
 .text.TIM_SetClockDivision
                0x00000000       0x36 ..\obj\stm32f4xx_tim.o
 .text.TIM_OC1Init
                0x00000000       0xf4 ..\obj\stm32f4xx_tim.o
 .text.TIM_OC2Init
                0x00000000      0x110 ..\obj\stm32f4xx_tim.o
 .text.TIM_OCStructInit
                0x00000000       0x42 ..\obj\stm32f4xx_tim.o
 .text.TIM_SelectOCxM
                0x00000000       0xb0 ..\obj\stm32f4xx_tim.o
 .text.TIM_SetCompare1
                0x00000000       0x1a ..\obj\stm32f4xx_tim.o
 .text.TIM_SetCompare2
                0x00000000       0x1a ..\obj\stm32f4xx_tim.o
 .text.TIM_SetCompare3
                0x00000000       0x1a ..\obj\stm32f4xx_tim.o
 .text.TIM_SetCompare4
                0x00000000       0x1a ..\obj\stm32f4xx_tim.o
 .text.TIM_ForcedOC1Config
                0x00000000       0x36 ..\obj\stm32f4xx_tim.o
 .text.TIM_ForcedOC2Config
                0x00000000       0x3a ..\obj\stm32f4xx_tim.o
 .text.TIM_ForcedOC3Config
                0x00000000       0x36 ..\obj\stm32f4xx_tim.o
 .text.TIM_ForcedOC4Config
                0x00000000       0x3a ..\obj\stm32f4xx_tim.o
 .text.TIM_OC1PreloadConfig
                0x00000000       0x36 ..\obj\stm32f4xx_tim.o
 .text.TIM_OC2PreloadConfig
                0x00000000       0x3a ..\obj\stm32f4xx_tim.o
 .text.TIM_OC1FastConfig
                0x00000000       0x36 ..\obj\stm32f4xx_tim.o
 .text.TIM_OC2FastConfig
                0x00000000       0x3a ..\obj\stm32f4xx_tim.o
 .text.TIM_OC3FastConfig
                0x00000000       0x36 ..\obj\stm32f4xx_tim.o
 .text.TIM_OC4FastConfig
                0x00000000       0x3a ..\obj\stm32f4xx_tim.o
 .text.TIM_ClearOC1Ref
                0x00000000       0x36 ..\obj\stm32f4xx_tim.o
 .text.TIM_ClearOC2Ref
                0x00000000       0x3a ..\obj\stm32f4xx_tim.o
 .text.TIM_ClearOC3Ref
                0x00000000       0x36 ..\obj\stm32f4xx_tim.o
 .text.TIM_ClearOC4Ref
                0x00000000       0x3a ..\obj\stm32f4xx_tim.o
 .text.TIM_OC1PolarityConfig
                0x00000000       0x36 ..\obj\stm32f4xx_tim.o
 .text.TIM_OC1NPolarityConfig
                0x00000000       0x36 ..\obj\stm32f4xx_tim.o
 .text.TIM_OC2PolarityConfig
                0x00000000       0x3a ..\obj\stm32f4xx_tim.o
 .text.TIM_OC2NPolarityConfig
                0x00000000       0x3a ..\obj\stm32f4xx_tim.o
 .text.TIM_OC3PolarityConfig
                0x00000000       0x3a ..\obj\stm32f4xx_tim.o
 .text.TIM_OC3NPolarityConfig
                0x00000000       0x3a ..\obj\stm32f4xx_tim.o
 .text.TIM_OC4PolarityConfig
                0x00000000       0x3a ..\obj\stm32f4xx_tim.o
 .text.TIM_CCxCmd
                0x00000000       0x54 ..\obj\stm32f4xx_tim.o
 .text.TIM_CCxNCmd
                0x00000000       0x54 ..\obj\stm32f4xx_tim.o
 .text.TIM_ICInit
                0x00000000       0xa8 ..\obj\stm32f4xx_tim.o
 .text.TIM_ICStructInit
                0x00000000       0x30 ..\obj\stm32f4xx_tim.o
 .text.TIM_PWMIConfig
                0x00000000       0xb8 ..\obj\stm32f4xx_tim.o
 .text.TIM_GetCapture1
                0x00000000       0x16 ..\obj\stm32f4xx_tim.o
 .text.TIM_GetCapture2
                0x00000000       0x16 ..\obj\stm32f4xx_tim.o
 .text.TIM_GetCapture3
                0x00000000       0x16 ..\obj\stm32f4xx_tim.o
 .text.TIM_GetCapture4
                0x00000000       0x16 ..\obj\stm32f4xx_tim.o
 .text.TIM_SetIC1Prescaler
                0x00000000       0x36 ..\obj\stm32f4xx_tim.o
 .text.TIM_SetIC2Prescaler
                0x00000000       0x3a ..\obj\stm32f4xx_tim.o
 .text.TIM_SetIC3Prescaler
                0x00000000       0x36 ..\obj\stm32f4xx_tim.o
 .text.TIM_SetIC4Prescaler
                0x00000000       0x3a ..\obj\stm32f4xx_tim.o
 .text.TIM_BDTRConfig
                0x00000000       0x4e ..\obj\stm32f4xx_tim.o
 .text.TIM_BDTRStructInit
                0x00000000       0x3c ..\obj\stm32f4xx_tim.o
 .text.TIM_CtrlPWMOutputs
                0x00000000       0x4a ..\obj\stm32f4xx_tim.o
 .text.TIM_SelectCOM
                0x00000000       0x3e ..\obj\stm32f4xx_tim.o
 .text.TIM_CCPreloadControl
                0x00000000       0x3e ..\obj\stm32f4xx_tim.o
 .text.TIM_GenerateEvent
                0x00000000       0x1c ..\obj\stm32f4xx_tim.o
 .text.TIM_GetFlagStatus
                0x00000000       0x36 ..\obj\stm32f4xx_tim.o
 .text.TIM_ClearFlag
                0x00000000       0x20 ..\obj\stm32f4xx_tim.o
 .text.TIM_GetITStatus
                0x00000000       0x52 ..\obj\stm32f4xx_tim.o
 .text.TIM_DMAConfig
                0x00000000       0x28 ..\obj\stm32f4xx_tim.o
 .text.TIM_SelectCCDMA
                0x00000000       0x3e ..\obj\stm32f4xx_tim.o
 .text.TIM_InternalClockConfig
                0x00000000       0x22 ..\obj\stm32f4xx_tim.o
 .text.TIM_ITRxExternalClockConfig
                0x00000000       0x2e ..\obj\stm32f4xx_tim.o
 .text.TIM_TIxExternalClockConfig
                0x00000000       0x5c ..\obj\stm32f4xx_tim.o
 .text.TIM_ETRClockMode1Config
                0x00000000       0x5e ..\obj\stm32f4xx_tim.o
 .text.TIM_ETRClockMode2Config
                0x00000000       0x3e ..\obj\stm32f4xx_tim.o
 .text.TIM_SelectInputTrigger
                0x00000000       0x36 ..\obj\stm32f4xx_tim.o
 .text.TIM_SelectOutputTrigger
                0x00000000       0x36 ..\obj\stm32f4xx_tim.o
 .text.TIM_SelectSlaveMode
                0x00000000       0x36 ..\obj\stm32f4xx_tim.o
 .text.TIM_SelectMasterSlaveMode
                0x00000000       0x36 ..\obj\stm32f4xx_tim.o
 .text.TIM_ETRConfig
                0x00000000       0x52 ..\obj\stm32f4xx_tim.o
 .text.TIM_EncoderInterfaceConfig
                0x00000000       0x96 ..\obj\stm32f4xx_tim.o
 .text.TIM_SelectHallSensor
                0x00000000       0x3e ..\obj\stm32f4xx_tim.o
 .text.TIM_RemapConfig
                0x00000000       0x1e ..\obj\stm32f4xx_tim.o
 .text.TI1_Config
                0x00000000       0x84 ..\obj\stm32f4xx_tim.o
 .text.TI2_Config
                0x00000000       0x98 ..\obj\stm32f4xx_tim.o
 .text.TI3_Config
                0x00000000       0x8e ..\obj\stm32f4xx_tim.o
 .text.TI4_Config
                0x00000000       0x9c ..\obj\stm32f4xx_tim.o

Memory Configuration

Name             Origin             Length             Attributes
rom              0x08000000         0x00100000         xr
ram              0x20000000         0x00020000         xrw
ram1             0x10000000         0x00010000         xrw
*default*        0x00000000         0xffffffff

Linker script and memory map

                0x20020000                _eram = 0x20020000

.text           0x08000000     0x1424
 *(.isr_vector)
 .isr_vector    0x08000000      0x188 ..\obj\startup_stm32f4xx.o
                0x08000000                g_pfnVectors
 *(.text*)
 .text.Default_Reset_Handler
                0x08000188       0x5c ..\obj\startup_stm32f4xx.o
                0x08000188                Default_Reset_Handler
                0x08000188                Reset_Handler
 .text.Default_Handler
                0x080001e4        0x6 ..\obj\startup_stm32f4xx.o
                0x080001e4                RTC_Alarm_IRQHandler
                0x080001e4                HASH_RNG_IRQHandler
                0x080001e4                EXTI2_IRQHandler
                0x080001e4                TIM8_CC_IRQHandler
                0x080001e4                DebugMon_Handler
                0x080001e4                TIM1_CC_IRQHandler
                0x080001e4                HardFault_Handler
                0x080001e4                DMA1_Stream5_IRQHandler
                0x080001e4                SysTick_Handler
                0x080001e4                PVD_IRQHandler
                0x080001e4                SDIO_IRQHandler
                0x080001e4                TAMP_STAMP_IRQHandler
                0x080001e4                PendSV_Handler
                0x080001e4                NMI_Handler
                0x080001e4                CAN2_RX1_IRQHandler
                0x080001e4                EXTI3_IRQHandler
                0x080001e4                TIM8_TRG_COM_TIM14_IRQHandler
                0x080001e4                TIM1_UP_TIM10_IRQHandler
                0x080001e4                TIM8_UP_TIM13_IRQHandler
                0x080001e4                I2C3_ER_IRQHandler
                0x080001e4                EXTI0_IRQHandler
                0x080001e4                I2C2_EV_IRQHandler
                0x080001e4                DMA1_Stream2_IRQHandler
                0x080001e4                CAN1_RX0_IRQHandler
                0x080001e4                FPU_IRQHandler
                0x080001e4                OTG_HS_WKUP_IRQHandler
                0x080001e4                UsageFault_Handler
                0x080001e4                CAN2_SCE_IRQHandler
                0x080001e4                DMA2_Stream2_IRQHandler
                0x080001e4                SPI1_IRQHandler
                0x080001e4                TIM6_DAC_IRQHandler
                0x080001e4                TIM1_BRK_TIM9_IRQHandler
                0x080001e4                DCMI_IRQHandler
                0x080001e4                CAN2_RX0_IRQHandler
                0x080001e4                DMA2_Stream3_IRQHandler
                0x080001e4                USART6_IRQHandler
                0x080001e4                USART3_IRQHandler
                0x080001e4                CRYP_IRQHandler
                0x080001e4                CAN1_RX1_IRQHandler
                0x080001e4                UART5_IRQHandler
                0x080001e4                DMA2_Stream0_IRQHandler
                0x080001e4                TIM4_IRQHandler
                0x080001e4                I2C1_EV_IRQHandler
                0x080001e4                DMA1_Stream6_IRQHandler
                0x080001e4                DMA1_Stream1_IRQHandler
                0x080001e4                UART4_IRQHandler
                0x080001e4                TIM3_IRQHandler
                0x080001e4                RCC_IRQHandler
                0x080001e4                TIM8_BRK_TIM12_IRQHandler
                0x080001e4                EXTI15_10_IRQHandler
                0x080001e4                ADC_IRQHandler
                0x080001e4                DMA1_Stream7_IRQHandler
                0x080001e4                TIM7_IRQHandler
                0x080001e4                CAN2_TX_IRQHandler
                0x080001e4                TIM5_IRQHandler
                0x080001e4                DMA2_Stream7_IRQHandler
                0x080001e4                I2C3_EV_IRQHandler
                0x080001e4                EXTI9_5_IRQHandler
                0x080001e4                RTC_WKUP_IRQHandler
                0x080001e4                ETH_WKUP_IRQHandler
                0x080001e4                SPI2_IRQHandler
                0x080001e4                OTG_HS_EP1_IN_IRQHandler
                0x080001e4                MemManage_Handler
                0x080001e4                DMA1_Stream0_IRQHandler
                0x080001e4                CAN1_TX_IRQHandler
                0x080001e4                SVC_Handler
                0x080001e4                EXTI4_IRQHandler
                0x080001e4                FSMC_IRQHandler
                0x080001e4                ETH_IRQHandler
                0x080001e4                OTG_HS_EP1_OUT_IRQHandler
                0x080001e4                WWDG_IRQHandler
                0x080001e4                OTG_FS_WKUP_IRQHandler
                0x080001e4                TIM1_TRG_COM_TIM11_IRQHandler
                0x080001e4                OTG_HS_IRQHandler
                0x080001e4                EXTI1_IRQHandler
                0x080001e4                USART2_IRQHandler
                0x080001e4                I2C2_ER_IRQHandler
                0x080001e4                DMA2_Stream1_IRQHandler
                0x080001e4                CAN1_SCE_IRQHandler
                0x080001e4                FLASH_IRQHandler
                0x080001e4                DMA2_Stream4_IRQHandler
                0x080001e4                BusFault_Handler
                0x080001e4                USART1_IRQHandler
                0x080001e4                OTG_FS_IRQHandler
                0x080001e4                SPI3_IRQHandler
                0x080001e4                DMA1_Stream4_IRQHandler
                0x080001e4                I2C1_ER_IRQHandler
                0x080001e4                DMA2_Stream6_IRQHandler
                0x080001e4                DMA1_Stream3_IRQHandler
 .text.main     0x080001ea       0x5c ..\obj\main.o
                0x080001ea                main
 *fill*         0x08000246        0x2 
 .text.rechthoek
                0x08000248       0xb0 ..\obj\vga_api.o
                0x08000248                rechthoek
 .text.RCC_AHB1PeriphClockCmd
                0x080002f8       0x3c ..\obj\stm32f4xx_rcc.o
                0x080002f8                RCC_AHB1PeriphClockCmd
 .text.RCC_APB1PeriphClockCmd
                0x08000334       0x3c ..\obj\stm32f4xx_rcc.o
                0x08000334                RCC_APB1PeriphClockCmd
 .text.RCC_APB2PeriphClockCmd
                0x08000370       0x3c ..\obj\stm32f4xx_rcc.o
                0x08000370                RCC_APB2PeriphClockCmd
 .text.GPIO_Init
                0x080003ac      0x11a ..\obj\stm32f4xx_gpio.o
                0x080003ac                GPIO_Init
 .text.GPIO_PinAFConfig
                0x080004c6       0x90 ..\obj\stm32f4xx_gpio.o
                0x080004c6                GPIO_PinAFConfig
 *fill*         0x08000556        0x2 
 .text.SystemInit
                0x08000558       0x5c ..\obj\system_stm32f4xx.o
                0x08000558                SystemInit
 .text.SetSysClock
                0x080005b4       0xf4 ..\obj\system_stm32f4xx.o
 .text.DMA_DeInit
                0x080006a8      0x1a4 ..\obj\stm32f4xx_dma.o
                0x080006a8                DMA_DeInit
 .text.DMA_Init
                0x0800084c       0xac ..\obj\stm32f4xx_dma.o
                0x0800084c                DMA_Init
 .text.DMA_Cmd  0x080008f8       0x36 ..\obj\stm32f4xx_dma.o
                0x080008f8                DMA_Cmd
 .text.DMA_ITConfig
                0x0800092e       0x72 ..\obj\stm32f4xx_dma.o
                0x0800092e                DMA_ITConfig
 .text.DMA_GetITStatus
                0x080009a0       0xac ..\obj\stm32f4xx_dma.o
                0x080009a0                DMA_GetITStatus
 .text.DMA_ClearITPendingBit
                0x08000a4c       0x5c ..\obj\stm32f4xx_dma.o
                0x08000a4c                DMA_ClearITPendingBit
 .text.UB_VGA_Screen_Init
                0x08000aa8       0x80 ..\obj\stm32_ub_vga_screen.o
                0x08000aa8                UB_VGA_Screen_Init
 .text.UB_VGA_FillScreen
                0x08000b28       0x44 ..\obj\stm32_ub_vga_screen.o
                0x08000b28                UB_VGA_FillScreen
 .text.UB_VGA_SetPixel
                0x08000b6c       0x4c ..\obj\stm32_ub_vga_screen.o
                0x08000b6c                UB_VGA_SetPixel
 .text.P_VGA_InitIO
                0x08000bb8       0xa8 ..\obj\stm32_ub_vga_screen.o
                0x08000bb8                P_VGA_InitIO
 .text.P_VGA_InitTIM
                0x08000c60       0xcc ..\obj\stm32_ub_vga_screen.o
                0x08000c60                P_VGA_InitTIM
 .text.P_VGA_InitINT
                0x08000d2c       0x58 ..\obj\stm32_ub_vga_screen.o
                0x08000d2c                P_VGA_InitINT
 .text.P_VGA_InitDMA
                0x08000d84       0x90 ..\obj\stm32_ub_vga_screen.o
                0x08000d84                P_VGA_InitDMA
 .text.TIM2_IRQHandler
                0x08000e14       0xbc ..\obj\stm32_ub_vga_screen.o
                0x08000e14                TIM2_IRQHandler
 .text.DMA2_Stream5_IRQHandler
                0x08000ed0       0x4c ..\obj\stm32_ub_vga_screen.o
                0x08000ed0                DMA2_Stream5_IRQHandler
 .text.NVIC_Init
                0x08000f1c       0xc4 ..\obj\misc.o
                0x08000f1c                NVIC_Init
 .text.TIM_TimeBaseInit
                0x08000fe0       0xd4 ..\obj\stm32f4xx_tim.o
                0x08000fe0                TIM_TimeBaseInit
 .text.TIM_ARRPreloadConfig
                0x080010b4       0x3e ..\obj\stm32f4xx_tim.o
                0x080010b4                TIM_ARRPreloadConfig
 .text.TIM_Cmd  0x080010f2       0x3e ..\obj\stm32f4xx_tim.o
                0x080010f2                TIM_Cmd
 .text.TIM_OC3Init
                0x08001130      0x10c ..\obj\stm32f4xx_tim.o
                0x08001130                TIM_OC3Init
 .text.TIM_OC4Init
                0x0800123c       0xcc ..\obj\stm32f4xx_tim.o
                0x0800123c                TIM_OC4Init
 .text.TIM_OC3PreloadConfig
                0x08001308       0x36 ..\obj\stm32f4xx_tim.o
                0x08001308                TIM_OC3PreloadConfig
 .text.TIM_OC4PreloadConfig
                0x0800133e       0x3a ..\obj\stm32f4xx_tim.o
                0x0800133e                TIM_OC4PreloadConfig
 .text.TIM_ITConfig
                0x08001378       0x46 ..\obj\stm32f4xx_tim.o
                0x08001378                TIM_ITConfig
 .text.TIM_ClearITPendingBit
                0x080013be       0x20 ..\obj\stm32f4xx_tim.o
                0x080013be                TIM_ClearITPendingBit
 .text.TIM_DMACmd
                0x080013de       0x46 ..\obj\stm32f4xx_tim.o
                0x080013de                TIM_DMACmd
 *(.init)
 *(.fini)
 *crtbegin.o(.ctors)
 *crtbegin?.o(.ctors)
 *(EXCLUDE_FILE(*crtend.o *crtend?.o) .ctors)
 *(SORT(.ctors.*))
 *(.ctors)
 *crtbegin.o(.dtors)
 *crtbegin?.o(.dtors)
 *(EXCLUDE_FILE(*crtend.o *crtend?.o) .dtors)
 *(SORT(.dtors.*))
 *(.dtors)
 *(.rodata*)
 *(.eh_fram e*)

.glue_7         0x08001424        0x0
 .glue_7        0x08001424        0x0 linker stubs

.glue_7t        0x08001424        0x0
 .glue_7t       0x08001424        0x0 linker stubs

.vfp11_veneer   0x08001424        0x0
 .vfp11_veneer  0x08001424        0x0 linker stubs

.v4_bx          0x08001424        0x0
 .v4_bx         0x08001424        0x0 linker stubs

.iplt           0x08001424        0x0
 .iplt          0x08001424        0x0 ..\obj\startup_stm32f4xx.o

.rel.dyn        0x08001424        0x0
 .rel.iplt      0x08001424        0x0 ..\obj\startup_stm32f4xx.o

.ARM.extab
 *(.ARM.extab* .gnu.linkonce.armextab.*)
                0x08001424                __exidx_start = .

.ARM.exidx
 *(.ARM.exidx* .gnu.linkonce.armexidx.*)
                0x08001424                __exidx_end = .
                0x08001424                __etext = .
                0x08001424                _sidata = __etext

.data           0x20000000        0x0 load address 0x08001424
                0x20000000                __data_start__ = .
                0x20000000                _sdata = __data_start__
 *(vtable)
 *(.data*)
                0x20000000                . = ALIGN (0x4)
                [!provide]                PROVIDE (__preinit_array_start, .)
 *(.preinit_array)
                [!provide]                PROVIDE (__preinit_array_end, .)
                0x20000000                . = ALIGN (0x4)
                [!provide]                PROVIDE (__init_array_start, .)
 *(SORT(.init_array.*))
 *(.init_array)
                [!provide]                PROVIDE (__init_array_end, .)
                0x20000000                . = ALIGN (0x4)
                [!provide]                PROVIDE (__fini_array_start, .)
 *(SORT(.fini_array.*))
 *(.fini_array)
                [!provide]                PROVIDE (__fini_array_end, .)
 *(.jcr*)
                0x20000000                . = ALIGN (0x4)
                0x20000000                __data_end__ = .
                0x20000000                _edata = __data_end__

.igot.plt       0x20000000        0x0
 .igot.plt      0x20000000        0x0 ..\obj\startup_stm32f4xx.o

.bss            0x20000000    0x12cfc
                0x20000000                . = ALIGN (0x4)
                0x20000000                __bss_start__ = .
                0x20000000                _sbss = __bss_start__
 *(.bss*)
 *(COMMON)
 COMMON         0x20000000    0x12cfc ..\obj\main.o
                0x20000000                VGA
                0x2000000c                VGA_RAM1
                0x20012cfc                . = ALIGN (0x4)
                0x20012cfc                __bss_end__ = .
                0x20012cfc                _ebss = __bss_end__

.heap           0x20012cfc        0x0
                0x20012cfc                __end__ = .
                0x20012cfc                _end = __end__
                0x20012cfc                end = __end__
 *(.heap*)
                0x20012cfc                __HeapLimit = .

.co_stack       0x20012cfc      0x804
                0x20012d00                . = ALIGN (0x8)
 *fill*         0x20012cfc        0x4 
 *(.co_stack .co_stack.*)
 .co_stack      0x20012d00      0x800 ..\obj\startup_stm32f4xx.o
                0x20012d00                pulStack
                0x20020000                __StackTop = (ORIGIN (ram) + LENGTH (ram))
                0x2001f7fc                __StackLimit = (__StackTop - SIZEOF (.co_stack))
                [!provide]                PROVIDE (__stack, __StackTop)
                0x00000001                ASSERT ((__StackLimit >= __HeapLimit), region ram  overflowed with stack)
LOAD ..\obj\startup_stm32f4xx.o
LOAD ..\obj\main.o
LOAD ..\obj\vga_api.o
LOAD ..\obj\stm32f4xx_rcc.o
LOAD ..\obj\stm32f4xx_gpio.o
LOAD ..\obj\system_stm32f4xx.o
LOAD ..\obj\stm32f4xx_dma.o
LOAD ..\obj\stm32_ub_vga_screen.o
LOAD ..\obj\misc.o
LOAD ..\obj\stm32f4xx_tim.o
LOAD c:/gcc-arm-none-eabi-6-2017-q1-update-win32/bin/../lib/gcc/arm-none-eabi/6.3.1/../../../../arm-none-eabi/lib/thumb/v7e-m\libm.a
START GROUP
LOAD c:/gcc-arm-none-eabi-6-2017-q1-update-win32/bin/../lib/gcc/arm-none-eabi/6.3.1/thumb/v7e-m\libgcc.a
LOAD c:/gcc-arm-none-eabi-6-2017-q1-update-win32/bin/../lib/gcc/arm-none-eabi/6.3.1/../../../../arm-none-eabi/lib/thumb/v7e-m\libg.a
LOAD c:/gcc-arm-none-eabi-6-2017-q1-update-win32/bin/../lib/gcc/arm-none-eabi/6.3.1/../../../../arm-none-eabi/lib/thumb/v7e-m\libc.a
END GROUP
OUTPUT(VGA_Core.elf elf32-littlearm)

.debug_info     0x00000000     0x5c9d
 .debug_info    0x00000000      0x10f ..\obj\startup_stm32f4xx.o
 .debug_info    0x0000010f      0xa6d ..\obj\main.o
 .debug_info    0x00000b7c      0x4e5 ..\obj\vga_api.o
 .debug_info    0x00001061      0xc6e ..\obj\stm32f4xx_rcc.o
 .debug_info    0x00001ccf      0x621 ..\obj\stm32f4xx_gpio.o
 .debug_info    0x000022f0      0x5cc ..\obj\system_stm32f4xx.o
 .debug_info    0x000028bc      0x748 ..\obj\stm32f4xx_dma.o
 .debug_info    0x00003004      0xae0 ..\obj\stm32_ub_vga_screen.o
 .debug_info    0x00003ae4      0x549 ..\obj\misc.o
 .debug_info    0x0000402d     0x1c70 ..\obj\stm32f4xx_tim.o

.debug_abbrev   0x00000000      0xf70
 .debug_abbrev  0x00000000       0xbf ..\obj\startup_stm32f4xx.o
 .debug_abbrev  0x000000bf      0x21a ..\obj\main.o
 .debug_abbrev  0x000002d9      0x12e ..\obj\vga_api.o
 .debug_abbrev  0x00000407      0x1f6 ..\obj\stm32f4xx_rcc.o
 .debug_abbrev  0x000005fd      0x1b6 ..\obj\stm32f4xx_gpio.o
 .debug_abbrev  0x000007b3      0x156 ..\obj\system_stm32f4xx.o
 .debug_abbrev  0x00000909      0x166 ..\obj\stm32f4xx_dma.o
 .debug_abbrev  0x00000a6f      0x1f9 ..\obj\stm32_ub_vga_screen.o
 .debug_abbrev  0x00000c68      0x170 ..\obj\misc.o
 .debug_abbrev  0x00000dd8      0x198 ..\obj\stm32f4xx_tim.o

.debug_aranges  0x00000000      0x728
 .debug_aranges
                0x00000000       0x28 ..\obj\startup_stm32f4xx.o
 .debug_aranges
                0x00000028       0x20 ..\obj\main.o
 .debug_aranges
                0x00000048       0x68 ..\obj\vga_api.o
 .debug_aranges
                0x000000b0      0x178 ..\obj\stm32f4xx_rcc.o
 .debug_aranges
                0x00000228       0x88 ..\obj\stm32f4xx_gpio.o
 .debug_aranges
                0x000002b0       0x30 ..\obj\system_stm32f4xx.o
 .debug_aranges
                0x000002e0       0xb0 ..\obj\stm32f4xx_dma.o
 .debug_aranges
                0x00000390       0x60 ..\obj\stm32_ub_vga_screen.o
 .debug_aranges
                0x000003f0       0x40 ..\obj\misc.o
 .debug_aranges
                0x00000430      0x2f8 ..\obj\stm32f4xx_tim.o

.debug_ranges   0x00000000      0x688
 .debug_ranges  0x00000000       0x18 ..\obj\startup_stm32f4xx.o
 .debug_ranges  0x00000018       0x10 ..\obj\main.o
 .debug_ranges  0x00000028       0x58 ..\obj\vga_api.o
 .debug_ranges  0x00000080      0x168 ..\obj\stm32f4xx_rcc.o
 .debug_ranges  0x000001e8       0x78 ..\obj\stm32f4xx_gpio.o
 .debug_ranges  0x00000260       0x20 ..\obj\system_stm32f4xx.o
 .debug_ranges  0x00000280       0xa0 ..\obj\stm32f4xx_dma.o
 .debug_ranges  0x00000320       0x50 ..\obj\stm32_ub_vga_screen.o
 .debug_ranges  0x00000370       0x30 ..\obj\misc.o
 .debug_ranges  0x000003a0      0x2e8 ..\obj\stm32f4xx_tim.o

.debug_line     0x00000000     0x2481
 .debug_line    0x00000000       0x93 ..\obj\startup_stm32f4xx.o
 .debug_line    0x00000093      0x281 ..\obj\main.o
 .debug_line    0x00000314      0x273 ..\obj\vga_api.o
 .debug_line    0x00000587      0x589 ..\obj\stm32f4xx_rcc.o
 .debug_line    0x00000b10      0x344 ..\obj\stm32f4xx_gpio.o
 .debug_line    0x00000e54      0x1e2 ..\obj\system_stm32f4xx.o
 .debug_line    0x00001036      0x40e ..\obj\stm32f4xx_dma.o
 .debug_line    0x00001444      0x376 ..\obj\stm32_ub_vga_screen.o
 .debug_line    0x000017ba      0x222 ..\obj\misc.o
 .debug_line    0x000019dc      0xaa5 ..\obj\stm32f4xx_tim.o

.debug_str      0x00000000     0x28ef
 .debug_str     0x00000000      0x139 ..\obj\startup_stm32f4xx.o
                                0x14b (size before relaxing)
 .debug_str     0x00000139      0x54b ..\obj\main.o
                                0x651 (size before relaxing)
 .debug_str     0x00000684       0xbf ..\obj\vga_api.o
                                0x280 (size before relaxing)
 .debug_str     0x00000743      0x6a6 ..\obj\stm32f4xx_rcc.o
                                0x852 (size before relaxing)
 .debug_str     0x00000de9      0x31a ..\obj\stm32f4xx_gpio.o
                                0x4a5 (size before relaxing)
 .debug_str     0x00001103       0xfa ..\obj\system_stm32f4xx.o
                                0x39c (size before relaxing)
 .debug_str     0x000011fd      0x383 ..\obj\stm32f4xx_dma.o
                                0x544 (size before relaxing)
 .debug_str     0x00001580      0x82c ..\obj\stm32_ub_vga_screen.o
                                0xcdf (size before relaxing)
 .debug_str     0x00001dac      0x153 ..\obj\misc.o
                                0x3d0 (size before relaxing)
 .debug_str     0x00001eff      0x9f0 ..\obj\stm32f4xx_tim.o
                                0xdd2 (size before relaxing)

.comment        0x00000000       0x7f
 .comment       0x00000000       0x7f ..\obj\startup_stm32f4xx.o
                                 0x80 (size before relaxing)
 .comment       0x0000007f       0x80 ..\obj\main.o
 .comment       0x0000007f       0x80 ..\obj\vga_api.o
 .comment       0x0000007f       0x80 ..\obj\stm32f4xx_rcc.o
 .comment       0x0000007f       0x80 ..\obj\stm32f4xx_gpio.o
 .comment       0x0000007f       0x80 ..\obj\system_stm32f4xx.o
 .comment       0x0000007f       0x80 ..\obj\stm32f4xx_dma.o
 .comment       0x0000007f       0x80 ..\obj\stm32_ub_vga_screen.o
 .comment       0x0000007f       0x80 ..\obj\misc.o
 .comment       0x0000007f       0x80 ..\obj\stm32f4xx_tim.o

.ARM.attributes
                0x00000000       0x33
 .ARM.attributes
                0x00000000       0x33 ..\obj\startup_stm32f4xx.o
 .ARM.attributes
                0x00000033       0x33 ..\obj\main.o
 .ARM.attributes
                0x00000066       0x33 ..\obj\vga_api.o
 .ARM.attributes
                0x00000099       0x33 ..\obj\stm32f4xx_rcc.o
 .ARM.attributes
                0x000000cc       0x33 ..\obj\stm32f4xx_gpio.o
 .ARM.attributes
                0x000000ff       0x33 ..\obj\system_stm32f4xx.o
 .ARM.attributes
                0x00000132       0x33 ..\obj\stm32f4xx_dma.o
 .ARM.attributes
                0x00000165       0x33 ..\obj\stm32_ub_vga_screen.o
 .ARM.attributes
                0x00000198       0x33 ..\obj\misc.o
 .ARM.attributes
                0x000001cb       0x33 ..\obj\stm32f4xx_tim.o

.debug_frame    0x00000000     0x1f28
 .debug_frame   0x00000000       0x4c ..\obj\startup_stm32f4xx.o
 .debug_frame   0x0000004c       0x30 ..\obj\main.o
 .debug_frame   0x0000007c      0x1a4 ..\obj\vga_api.o
 .debug_frame   0x00000220      0x6d4 ..\obj\stm32f4xx_rcc.o
 .debug_frame   0x000008f4      0x23c ..\obj\stm32f4xx_gpio.o
 .debug_frame   0x00000b30       0x7c ..\obj\system_stm32f4xx.o
 .debug_frame   0x00000bac      0x308 ..\obj\stm32f4xx_dma.o
 .debug_frame   0x00000eb4      0x148 ..\obj\stm32_ub_vga_screen.o
 .debug_frame   0x00000ffc       0xd8 ..\obj\misc.o
 .debug_frame   0x000010d4      0xe54 ..\obj\stm32f4xx_tim.o
