Archive member included to satisfy reference by file (symbol)

c:/gcc-arm-none-eabi-6-2017-q1-update-win32/bin/../lib/gcc/arm-none-eabi/6.3.1/thumb/v7e-m\libgcc.a(_arm_addsubdf3.o)
                              ..\obj\vga_api.o (__aeabi_dsub)
c:/gcc-arm-none-eabi-6-2017-q1-update-win32/bin/../lib/gcc/arm-none-eabi/6.3.1/thumb/v7e-m\libgcc.a(_arm_muldivdf3.o)
                              ..\obj\vga_api.o (__aeabi_dmul)
c:/gcc-arm-none-eabi-6-2017-q1-update-win32/bin/../lib/gcc/arm-none-eabi/6.3.1/thumb/v7e-m\libgcc.a(_arm_fixdfsi.o)
                              ..\obj\vga_api.o (__aeabi_d2iz)
c:/gcc-arm-none-eabi-6-2017-q1-update-win32/bin/../lib/gcc/arm-none-eabi/6.3.1/thumb/v7e-m\libgcc.a(_arm_addsubsf3.o)
                              ..\obj\vga_api.o (__aeabi_fadd)
c:/gcc-arm-none-eabi-6-2017-q1-update-win32/bin/../lib/gcc/arm-none-eabi/6.3.1/thumb/v7e-m\libgcc.a(_arm_muldivsf3.o)
                              ..\obj\vga_api.o (__aeabi_fmul)
c:/gcc-arm-none-eabi-6-2017-q1-update-win32/bin/../lib/gcc/arm-none-eabi/6.3.1/thumb/v7e-m\libgcc.a(_arm_cmpsf2.o)
                              ..\obj\vga_api.o (__aeabi_fcmple)
c:/gcc-arm-none-eabi-6-2017-q1-update-win32/bin/../lib/gcc/arm-none-eabi/6.3.1/thumb/v7e-m\libgcc.a(_arm_fixunssfsi.o)
                              ..\obj\vga_api.o (__aeabi_f2uiz)
c:/gcc-arm-none-eabi-6-2017-q1-update-win32/bin/../lib/gcc/arm-none-eabi/6.3.1/../../../../arm-none-eabi/lib/thumb/v7e-m\libg.a(lib_a-atoi.o)
                              ..\obj\vga_logic.o (atoi)
c:/gcc-arm-none-eabi-6-2017-q1-update-win32/bin/../lib/gcc/arm-none-eabi/6.3.1/../../../../arm-none-eabi/lib/thumb/v7e-m\libg.a(lib_a-memset.o)
                              ..\obj\vga_logic.o (memset)
c:/gcc-arm-none-eabi-6-2017-q1-update-win32/bin/../lib/gcc/arm-none-eabi/6.3.1/../../../../arm-none-eabi/lib/thumb/v7e-m\libg.a(lib_a-strcmp.o)
                              ..\obj\vga_logic.o (strcmp)
c:/gcc-arm-none-eabi-6-2017-q1-update-win32/bin/../lib/gcc/arm-none-eabi/6.3.1/../../../../arm-none-eabi/lib/thumb/v7e-m\libg.a(lib_a-strlen.o)
                              ..\obj\vga_api.o (strlen)
c:/gcc-arm-none-eabi-6-2017-q1-update-win32/bin/../lib/gcc/arm-none-eabi/6.3.1/../../../../arm-none-eabi/lib/thumb/v7e-m\libg.a(lib_a-strtol.o)
                              c:/gcc-arm-none-eabi-6-2017-q1-update-win32/bin/../lib/gcc/arm-none-eabi/6.3.1/../../../../arm-none-eabi/lib/thumb/v7e-m\libg.a(lib_a-atoi.o) (_strtol_r)
c:/gcc-arm-none-eabi-6-2017-q1-update-win32/bin/../lib/gcc/arm-none-eabi/6.3.1/../../../../arm-none-eabi/lib/thumb/v7e-m\libg.a(lib_a-vsnprintf.o)
                              ..\obj\uart.o (vsnprintf)
c:/gcc-arm-none-eabi-6-2017-q1-update-win32/bin/../lib/gcc/arm-none-eabi/6.3.1/../../../../arm-none-eabi/lib/thumb/v7e-m\libg.a(lib_a-impure.o)
                              c:/gcc-arm-none-eabi-6-2017-q1-update-win32/bin/../lib/gcc/arm-none-eabi/6.3.1/../../../../arm-none-eabi/lib/thumb/v7e-m\libg.a(lib_a-strtol.o) (_impure_ptr)
c:/gcc-arm-none-eabi-6-2017-q1-update-win32/bin/../lib/gcc/arm-none-eabi/6.3.1/../../../../arm-none-eabi/lib/thumb/v7e-m\libg.a(lib_a-locale.o)
                              c:/gcc-arm-none-eabi-6-2017-q1-update-win32/bin/../lib/gcc/arm-none-eabi/6.3.1/../../../../arm-none-eabi/lib/thumb/v7e-m\libg.a(lib_a-strtol.o) (__locale_ctype_ptr_l)
c:/gcc-arm-none-eabi-6-2017-q1-update-win32/bin/../lib/gcc/arm-none-eabi/6.3.1/../../../../arm-none-eabi/lib/thumb/v7e-m\libg.a(lib_a-mbtowc_r.o)
                              c:/gcc-arm-none-eabi-6-2017-q1-update-win32/bin/../lib/gcc/arm-none-eabi/6.3.1/../../../../arm-none-eabi/lib/thumb/v7e-m\libg.a(lib_a-locale.o) (__ascii_mbtowc)
c:/gcc-arm-none-eabi-6-2017-q1-update-win32/bin/../lib/gcc/arm-none-eabi/6.3.1/../../../../arm-none-eabi/lib/thumb/v7e-m\libg.a(lib_a-svfprintf.o)
                              c:/gcc-arm-none-eabi-6-2017-q1-update-win32/bin/../lib/gcc/arm-none-eabi/6.3.1/../../../../arm-none-eabi/lib/thumb/v7e-m\libg.a(lib_a-vsnprintf.o) (_svfprintf_r)
c:/gcc-arm-none-eabi-6-2017-q1-update-win32/bin/../lib/gcc/arm-none-eabi/6.3.1/../../../../arm-none-eabi/lib/thumb/v7e-m\libg.a(lib_a-wctomb_r.o)
                              c:/gcc-arm-none-eabi-6-2017-q1-update-win32/bin/../lib/gcc/arm-none-eabi/6.3.1/../../../../arm-none-eabi/lib/thumb/v7e-m\libg.a(lib_a-locale.o) (__ascii_wctomb)
c:/gcc-arm-none-eabi-6-2017-q1-update-win32/bin/../lib/gcc/arm-none-eabi/6.3.1/../../../../arm-none-eabi/lib/thumb/v7e-m\libg.a(lib_a-ctype_.o)
                              c:/gcc-arm-none-eabi-6-2017-q1-update-win32/bin/../lib/gcc/arm-none-eabi/6.3.1/../../../../arm-none-eabi/lib/thumb/v7e-m\libg.a(lib_a-locale.o) (_ctype_)
c:/gcc-arm-none-eabi-6-2017-q1-update-win32/bin/../lib/gcc/arm-none-eabi/6.3.1/../../../../arm-none-eabi/lib/thumb/v7e-m\libg.a(lib_a-dtoa.o)
[...]
Memory Configuration

Name             Origin             Length             Attributes
rom              0x08000000         0x00100000         xr
ram              0x20000000         0x00020000         xrw
ram1             0x10000000         0x00010000         xrw
*default*        0x00000000         0xffffffff

Linker script and memory map

                0x20020000                _eram = 0x20020000

.text           0x08000000     0xd18d
 *(.isr_vector)
 .isr_vector    0x08000000      0x188 ..\obj\startup_stm32f4xx.o
                0x08000000                g_pfnVectors
 *(.text*)
 .text.USART_Init
                0x08000188      0x174 ..\obj\stm32f4xx_usart.o
                0x08000188                USART_Init
 .text.USART_Cmd
                0x080002fc       0x3e ..\obj\stm32f4xx_usart.o
                0x080002fc                USART_Cmd
 .text.USART_SendData
                0x0800033a       0x22 ..\obj\stm32f4xx_usart.o
                0x0800033a                USART_SendData
 .text.USART_ITConfig
                0x0800035c       0x8e ..\obj\stm32f4xx_usart.o
                0x0800035c                USART_ITConfig
 .text.USART_GetFlagStatus
                0x080003ea       0x36 ..\obj\stm32f4xx_usart.o
                0x080003ea                USART_GetFlagStatus
 .text.USART_GetITStatus
                0x08000420       0xb4 ..\obj\stm32f4xx_usart.o
                0x08000420                USART_GetITStatus
 .text.USART_ClearITPendingBit
                0x080004d4       0x38 ..\obj\stm32f4xx_usart.o
                0x080004d4                USART_ClearITPendingBit
 .text.UART_init
                0x0800050c       0x94 ..\obj\uart.o
                0x0800050c                UART_init
 .text.UART_putchar
                0x080005a0       0x34 ..\obj\uart.o
                0x080005a0                UART_putchar
 .text.UART_puts
                0x080005d4       0x36 ..\obj\uart.o
                0x080005d4                UART_puts
 *fill*         0x0800060a        0x2 
 .text.USART2_IRQHandler
                0x0800060c       0xb4 ..\obj\uart.o
                0x0800060c                USART2_IRQHandler
 .text.UART_get
                0x080006c0       0x30 ..\obj\uart.o
                0x080006c0                UART_get
 .text.UART_gets
                0x080006f0       0x58 ..\obj\uart.o
                0x080006f0                UART_gets
 .text.parseargument
                0x08000748       0x60 ..\obj\vga_ui.o
                0x08000748                parseargument
 .text.main     0x080007a8       0x48 ..\obj\vga_ui.o
                0x080007a8                main
 .text.Default_Reset_Handler
                0x080007f0       0x5c ..\obj\startup_stm32f4xx.o
                0x080007f0                Default_Reset_Handler
                0x080007f0                Reset_Handler
 .text.Default_Handler
                0x0800084c        0x6 ..\obj\startup_stm32f4xx.o
                0x0800084c                RTC_Alarm_IRQHandler
                0x0800084c                HASH_RNG_IRQHandler
                0x0800084c                EXTI2_IRQHandler
                0x0800084c                TIM8_CC_IRQHandler
                0x0800084c                DebugMon_Handler
                0x0800084c                TIM1_CC_IRQHandler
                0x0800084c                HardFault_Handler
                0x0800084c                DMA1_Stream5_IRQHandler
                0x0800084c                SysTick_Handler
                0x0800084c                PVD_IRQHandler
                0x0800084c                SDIO_IRQHandler
                0x0800084c                TAMP_STAMP_IRQHandler
                0x0800084c                PendSV_Handler
                0x0800084c                NMI_Handler
                0x0800084c                CAN2_RX1_IRQHandler
                0x0800084c                EXTI3_IRQHandler
                0x0800084c                TIM8_TRG_COM_TIM14_IRQHandler
                0x0800084c                TIM1_UP_TIM10_IRQHandler
                0x0800084c                TIM8_UP_TIM13_IRQHandler
                0x0800084c                I2C3_ER_IRQHandler
                0x0800084c                EXTI0_IRQHandler
                0x0800084c                I2C2_EV_IRQHandler
                0x0800084c                DMA1_Stream2_IRQHandler
                0x0800084c                CAN1_RX0_IRQHandler
                0x0800084c                FPU_IRQHandler
                0x0800084c                OTG_HS_WKUP_IRQHandler
                0x0800084c                UsageFault_Handler
                0x0800084c                CAN2_SCE_IRQHandler
                0x0800084c                DMA2_Stream2_IRQHandler
                0x0800084c                SPI1_IRQHandler
                0x0800084c                TIM6_DAC_IRQHandler
                0x0800084c                TIM1_BRK_TIM9_IRQHandler
                0x0800084c                DCMI_IRQHandler
                0x0800084c                CAN2_RX0_IRQHandler
                0x0800084c                DMA2_Stream3_IRQHandler
                0x0800084c                USART6_IRQHandler
                0x0800084c                USART3_IRQHandler
                0x0800084c                CRYP_IRQHandler
                0x0800084c                CAN1_RX1_IRQHandler
                0x0800084c                UART5_IRQHandler
                0x0800084c                DMA2_Stream0_IRQHandler
                0x0800084c                TIM4_IRQHandler
                0x0800084c                I2C1_EV_IRQHandler
                0x0800084c                DMA1_Stream6_IRQHandler
                0x0800084c                DMA1_Stream1_IRQHandler
                0x0800084c                UART4_IRQHandler
                0x0800084c                TIM3_IRQHandler
                0x0800084c                RCC_IRQHandler
                0x0800084c                TIM8_BRK_TIM12_IRQHandler
                0x0800084c                EXTI15_10_IRQHandler
                0x0800084c                ADC_IRQHandler
                0x0800084c                DMA1_Stream7_IRQHandler
                0x0800084c                TIM7_IRQHandler
                0x0800084c                CAN2_TX_IRQHandler
                0x0800084c                TIM5_IRQHandler
                0x0800084c                DMA2_Stream7_IRQHandler
                0x0800084c                I2C3_EV_IRQHandler
                0x0800084c                EXTI9_5_IRQHandler
                0x0800084c                RTC_WKUP_IRQHandler
                0x0800084c                ETH_WKUP_IRQHandler
                0x0800084c                SPI2_IRQHandler
                0x0800084c                OTG_HS_EP1_IN_IRQHandler
                0x0800084c                MemManage_Handler
                0x0800084c                DMA1_Stream0_IRQHandler
                0x0800084c                CAN1_TX_IRQHandler
                0x0800084c                SVC_Handler
                0x0800084c                EXTI4_IRQHandler
                0x0800084c                FSMC_IRQHandler
                0x0800084c                ETH_IRQHandler
                0x0800084c                OTG_HS_EP1_OUT_IRQHandler
                0x0800084c                WWDG_IRQHandler
                0x0800084c                OTG_FS_WKUP_IRQHandler
                0x0800084c                TIM1_TRG_COM_TIM11_IRQHandler
                0x0800084c                OTG_HS_IRQHandler
                0x0800084c                EXTI1_IRQHandler
                0x0800084c                I2C2_ER_IRQHandler
                0x0800084c                DMA2_Stream1_IRQHandler
                0x0800084c                CAN1_SCE_IRQHandler
                0x0800084c                FLASH_IRQHandler
                0x0800084c                DMA2_Stream4_IRQHandler
                0x0800084c                BusFault_Handler
                0x0800084c                USART1_IRQHandler
                0x0800084c                OTG_FS_IRQHandler
                0x0800084c                SPI3_IRQHandler
                0x0800084c                DMA1_Stream4_IRQHandler
                0x0800084c                I2C1_ER_IRQHandler
                0x0800084c                DMA2_Stream6_IRQHandler
                0x0800084c                DMA1_Stream3_IRQHandler
 *fill*         0x08000852        0x2 
 .text.parseinput
                0x08000854       0x8c ..\obj\vga_logic.o
                0x08000854                parseinput
 .text.parseoutput
                0x080008e0      0x2d4 ..\obj\vga_logic.o
                0x080008e0                parseoutput
 .text.parsecolor
                0x08000bb4      0x148 ..\obj\vga_logic.o
                0x08000bb4                parsecolor
 .text.parsestijl
                0x08000cfc       0x54 ..\obj\vga_logic.o
                0x08000cfc                parsestijl
 .text.parsebitmap
                0x08000d50       0xa0 ..\obj\vga_logic.o
                0x08000d50                parsebitmap
 .text.tekst    0x08000df0      0x358 ..\obj\vga_api.o
                0x08000df0                tekst
 .text.lijn     0x08001148      0x5bc ..\obj\vga_api.o
                0x08001148                lijn
 .text.ellips   0x08001704      0x4bc ..\obj\vga_api.o
                0x08001704                ellips
 .text.rechthoek
                0x08001bc0      0x166 ..\obj\vga_api.o
                0x08001bc0                rechthoek
 *fill*         0x08001d26        0x2 
 .text.driehoek
                0x08001d28      0xbe4 ..\obj\vga_api.o
                0x08001d28                driehoek
 .text.setpixel
                0x0800290c       0x4c ..\obj\vga_api.o
                0x0800290c                setpixel
 .text.bitmap   0x08002958       0x94 ..\obj\vga_api.o
                0x08002958                bitmap
 .text.clearscherm
                0x080029ec       0x46 ..\obj\vga_api.o
                0x080029ec                clearscherm
 *fill*         0x08002a32        0x2 
 .text.wacht    0x08002a34       0x3c ..\obj\vga_api.o
                0x08002a34                wacht
 .text.tekenbepaling
                0x08002a70      0x3d4 ..\obj\vga_api.o
                0x08002a70                tekenbepaling
 .text.RCC_GetClocksFreq
                0x08002e44      0x150 ..\obj\stm32f4xx_rcc.o
                0x08002e44                RCC_GetClocksFreq
 .text.RCC_AHB1PeriphClockCmd
                0x08002f94       0x3c ..\obj\stm32f4xx_rcc.o
                0x08002f94                RCC_AHB1PeriphClockCmd
 .text.RCC_APB1PeriphClockCmd
                0x08002fd0       0x3c ..\obj\stm32f4xx_rcc.o
                0x08002fd0                RCC_APB1PeriphClockCmd
 .text.RCC_APB2PeriphClockCmd
                0x0800300c       0x3c ..\obj\stm32f4xx_rcc.o
                0x0800300c                RCC_APB2PeriphClockCmd
 .text.GPIO_Init
                0x08003048      0x11a ..\obj\stm32f4xx_gpio.o
                0x08003048                GPIO_Init
 .text.GPIO_PinAFConfig
                0x08003162       0x90 ..\obj\stm32f4xx_gpio.o
                0x08003162                GPIO_PinAFConfig
 *fill*         0x080031f2        0x2 
 .text.SystemInit
                0x080031f4       0x5c ..\obj\system_stm32f4xx.o
                0x080031f4                SystemInit
 .text.SetSysClock
                0x08003250       0xf4 ..\obj\system_stm32f4xx.o
 .text.DMA_DeInit
                0x08003344      0x1a4 ..\obj\stm32f4xx_dma.o
                0x08003344                DMA_DeInit
 .text.DMA_Init
                0x080034e8       0xac ..\obj\stm32f4xx_dma.o
                0x080034e8                DMA_Init
 .text.DMA_Cmd  0x08003594       0x36 ..\obj\stm32f4xx_dma.o
                0x08003594                DMA_Cmd
 .text.DMA_ITConfig
                0x080035ca       0x72 ..\obj\stm32f4xx_dma.o
                0x080035ca                DMA_ITConfig
 .text.DMA_GetITStatus
                0x0800363c       0xac ..\obj\stm32f4xx_dma.o
                0x0800363c                DMA_GetITStatus
 .text.DMA_ClearITPendingBit
                0x080036e8       0x5c ..\obj\stm32f4xx_dma.o
                0x080036e8                DMA_ClearITPendingBit
 .text.UB_VGA_Screen_Init
                0x08003744       0x80 ..\obj\stm32_ub_vga_screen.o
                0x08003744                UB_VGA_Screen_Init
 .text.P_VGA_InitIO
                0x080037c4       0xa8 ..\obj\stm32_ub_vga_screen.o
                0x080037c4                P_VGA_InitIO
 .text.P_VGA_InitTIM
                0x0800386c       0xcc ..\obj\stm32_ub_vga_screen.o
                0x0800386c                P_VGA_InitTIM
 .text.P_VGA_InitINT
                0x08003938       0x58 ..\obj\stm32_ub_vga_screen.o
                0x08003938                P_VGA_InitINT
 .text.P_VGA_InitDMA
                0x08003990       0x90 ..\obj\stm32_ub_vga_screen.o
                0x08003990                P_VGA_InitDMA
 .text.TIM2_IRQHandler
                0x08003a20       0xbc ..\obj\stm32_ub_vga_screen.o
                0x08003a20                TIM2_IRQHandler
 .text.DMA2_Stream5_IRQHandler
                0x08003adc       0x4c ..\obj\stm32_ub_vga_screen.o
                0x08003adc                DMA2_Stream5_IRQHandler
 .text.NVIC_Init
                0x08003b28       0xc4 ..\obj\misc.o
                0x08003b28                NVIC_Init
 .text.TIM_TimeBaseInit
                0x08003bec       0xd4 ..\obj\stm32f4xx_tim.o
                0x08003bec                TIM_TimeBaseInit
 .text.TIM_ARRPreloadConfig
                0x08003cc0       0x3e ..\obj\stm32f4xx_tim.o
                0x08003cc0                TIM_ARRPreloadConfig
 .text.TIM_Cmd  0x08003cfe       0x3e ..\obj\stm32f4xx_tim.o
                0x08003cfe                TIM_Cmd
 .text.TIM_OC3Init
                0x08003d3c      0x10c ..\obj\stm32f4xx_tim.o
                0x08003d3c                TIM_OC3Init
 .text.TIM_OC4Init
                0x08003e48       0xcc ..\obj\stm32f4xx_tim.o
                0x08003e48                TIM_OC4Init
 .text.TIM_OC3PreloadConfig
                0x08003f14       0x36 ..\obj\stm32f4xx_tim.o
                0x08003f14                TIM_OC3PreloadConfig
 .text.TIM_OC4PreloadConfig
                0x08003f4a       0x3a ..\obj\stm32f4xx_tim.o
                0x08003f4a                TIM_OC4PreloadConfig
 .text.TIM_ITConfig
                0x08003f84       0x46 ..\obj\stm32f4xx_tim.o
                0x08003f84                TIM_ITConfig
 .text.TIM_ClearITPendingBit
                0x08003fca       0x20 ..\obj\stm32f4xx_tim.o
                0x08003fca                TIM_ClearITPendingBit
 .text.TIM_DMACmd
                0x08003fea       0x46 ..\obj\stm32f4xx_tim.o
                0x08003fea                TIM_DMACmd
 .text          0x08004030      0x370 c:/gcc-arm-none-eabi-6-2017-q1-update-win32/bin/../lib/gcc/arm-none-eabi/6.3.1/thumb/v7e-m\libgcc.a(_arm_addsubdf3.o)
                0x08004030                __aeabi_drsub
                0x08004038                __aeabi_dsub
                0x08004038                __subdf3
                0x0800403c                __aeabi_dadd
                0x0800403c                __adddf3
                0x080042b4                __floatunsidf
                0x080042b4                __aeabi_ui2d
                0x080042d4                __floatsidf
                0x080042d4                __aeabi_i2d
                0x080042f8                __aeabi_f2d
                0x080042f8                __extendsfdf2
                0x08004334                __floatundidf
                0x08004334                __aeabi_ul2d
                0x08004344                __floatdidf
                0x08004344                __aeabi_l2d
 .text          0x080043a0      0x424 c:/gcc-arm-none-eabi-6-2017-q1-update-win32/bin/../lib/gcc/arm-none-eabi/6.3.1/thumb/v7e-m\libgcc.a(_arm_muldivdf3.o)
                0x080043a0                __aeabi_dmul
                0x080043a0                __muldf3
                0x080045f4                __divdf3
                0x080045f4                __aeabi_ddiv
 .text          0x080047c4       0x50 c:/gcc-arm-none-eabi-6-2017-q1-update-win32/bin/../lib/gcc/arm-none-eabi/6.3.1/thumb/v7e-m\libgcc.a(_arm_fixdfsi.o)
                0x080047c4                __aeabi_d2iz
                0x080047c4                __fixdfsi
 .text          0x08004814      0x21c c:/gcc-arm-none-eabi-6-2017-q1-update-win32/bin/../lib/gcc/arm-none-eabi/6.3.1/thumb/v7e-m\libgcc.a(_arm_addsubsf3.o)
                0x08004814                __aeabi_frsub
                0x0800481c                __subsf3
                0x0800481c                __aeabi_fsub
                0x08004820                __aeabi_fadd
                0x08004820                __addsf3
                0x08004980                __aeabi_ui2f
                0x08004980                __floatunsisf
                0x08004988                __aeabi_i2f
                0x08004988                __floatsisf
                0x080049a4                __aeabi_ul2f
                0x080049a4                __floatundisf
                0x080049b4                __aeabi_l2f
                0x080049b4                __floatdisf
 .text          0x08004a30      0x2a0 c:/gcc-arm-none-eabi-6-2017-q1-update-win32/bin/../lib/gcc/arm-none-eabi/6.3.1/thumb/v7e-m\libgcc.a(_arm_muldivsf3.o)
                0x08004a30                __mulsf3
                0x08004a30                __aeabi_fmul
                0x08004b98                __aeabi_fdiv
                0x08004b98                __divsf3
 .text          0x08004cd0       0xec c:/gcc-arm-none-eabi-6-2017-q1-update-win32/bin/../lib/gcc/arm-none-eabi/6.3.1/thumb/v7e-m\libgcc.a(_arm_cmpsf2.o)
                0x08004cd0                __gesf2
                0x08004cd0                __gtsf2
                0x08004cd8                __lesf2
                0x08004cd8                __ltsf2
                0x08004ce0                __nesf2
                0x08004ce0                __eqsf2
                0x08004ce0                __cmpsf2
                0x08004d40                __aeabi_cfrcmple
                0x08004d48                __aeabi_cfcmpeq
                0x08004d48                __aeabi_cfcmple
                0x08004d58                __aeabi_fcmpeq
                0x08004d6c                __aeabi_fcmplt
                0x08004d80                __aeabi_fcmple
                0x08004d94                __aeabi_fcmpge
                0x08004da8                __aeabi_fcmpgt
 .text          0x08004dbc       0x40 c:/gcc-arm-none-eabi-6-2017-q1-update-win32/bin/../lib/gcc/arm-none-eabi/6.3.1/thumb/v7e-m\libgcc.a(_arm_fixunssfsi.o)
                0x08004dbc                __fixunssfsi
                0x08004dbc                __aeabi_f2uiz
 .text.atoi     0x08004dfc        0x8 c:/gcc-arm-none-eabi-6-2017-q1-update-win32/bin/../lib/gcc/arm-none-eabi/6.3.1/../../../../arm-none-eabi/lib/thumb/v7e-m\libg.a(lib_a-atoi.o)
                0x08004dfc                atoi
 .text.memset   0x08004e04       0x9c c:/gcc-arm-none-eabi-6-2017-q1-update-win32/bin/../lib/gcc/arm-none-eabi/6.3.1/../../../../arm-none-eabi/lib/thumb/v7e-m\libg.a(lib_a-memset.o)
                0x08004e04                memset
 .text          0x08004ea0      0x2dc c:/gcc-arm-none-eabi-6-2017-q1-update-win32/bin/../lib/gcc/arm-none-eabi/6.3.1/../../../../arm-none-eabi/lib/thumb/v7e-m\libg.a(lib_a-strcmp.o)
                0x08004ea8                strcmp
 *fill*         0x0800517c        0x4 
 .text          0x08005180       0xdc c:/gcc-arm-none-eabi-6-2017-q1-update-win32/bin/../lib/gcc/arm-none-eabi/6.3.1/../../../../arm-none-eabi/lib/thumb/v7e-m\libg.a(lib_a-strlen.o)
                0x08005180                strlen
 .text._strtol_l.isra.0
                0x0800525c      0x128 c:/gcc-arm-none-eabi-6-2017-q1-update-win32/bin/../lib/gcc/arm-none-eabi/6.3.1/../../../../arm-none-eabi/lib/thumb/v7e-m\libg.a(lib_a-strtol.o)
 .text.strtol   0x08005384       0x2c c:/gcc-arm-none-eabi-6-2017-q1-update-win32/bin/../lib/gcc/arm-none-eabi/6.3.1/../../../../arm-none-eabi/lib/thumb/v7e-m\libg.a(lib_a-strtol.o)
                0x08005384                strtol
 .text.__locale_ctype_ptr_l
                0x080053b0        0x8 c:/gcc-arm-none-eabi-6-2017-q1-update-win32/bin/../lib/gcc/arm-none-eabi/6.3.1/../../../../arm-none-eabi/lib/thumb/v7e-m\libg.a(lib_a-locale.o)
                0x080053b0                __locale_ctype_ptr_l
 .text.__ascii_mbtowc
                0x080053b8       0x2c c:/gcc-arm-none-eabi-6-2017-q1-update-win32/bin/../lib/gcc/arm-none-eabi/6.3.1/../../../../arm-none-eabi/lib/thumb/v7e-m\libg.a(lib_a-mbtowc_r.o)
                0x080053b8                __ascii_mbtowc
 .text.__ascii_wctomb
                0x080053e4       0x1c c:/gcc-arm-none-eabi-6-2017-q1-update-win32/bin/../lib/gcc/arm-none-eabi/6.3.1/../../../../arm-none-eabi/lib/thumb/v7e-m\libg.a(lib_a-wctomb_r.o)
                0x080053e4                __ascii_wctomb
 *(.init)
 *(.fini)
 *crtbegin.o(.ctors)
 *crtbegin?.o(.ctors)
 *(EXCLUDE_FILE(*crtend.o *crtend?.o) .ctors)
 *(SORT(.ctors.*))
 *(.ctors)
 *crtbegin.o(.dtors)
 *crtbegin?.o(.dtors)
 *(EXCLUDE_FILE(*crtend.o *crtend?.o) .dtors)
 *(SORT(.dtors.*))
 *(.dtors)
 *(.rodata*)
 .rodata        0x08005400       0x97 ..\obj\vga_ui.o
 *fill*         0x08005497        0x1 
 .rodata        0x08005498     0x6128 ..\obj\vga_logic.o
                0x08005498                emoji_blij_64
                0x0800649c                emoji_boos_64
                0x080074a0                pijl_omhoog_60
                0x080082b4                pijl_omlaag_60
                0x080090c8                pijl_links_60
                0x08009edc                pijl_rechts_60
                0x0800acf0                HU_logo_50
 .rodata        0x0800b5c0     0x1ab8 ..\obj\vga_api.o
                0x0800b5c0                VCR_OSD_Mono_Regular
                0x0800ba34                VCR_OSD_Mono_Oblique
                0x0800bea8                VCR_OSD_Mono_Bold
                0x0800c31c                F04b03_Regular
                0x0800c790                F04b03_Bold
                0x0800cc04                F04b03_Oblique
 .rodata._setlocale_r.str1.4
                0x0800d078        0xd c:/gcc-arm-none-eabi-6-2017-q1-update-win32/bin/../lib/gcc/arm-none-eabi/6.3.1/../../../../arm-none-eabi/lib/thumb/v7e-m\libg.a(lib_a-locale.o)
 *fill*         0x0800d085        0x3 
 .rodata.str1.4
                0x0800d088        0x4 c:/gcc-arm-none-eabi-6-2017-q1-update-win32/bin/../lib/gcc/arm-none-eabi/6.3.1/../../../../arm-none-eabi/lib/thumb/v7e-m\libg.a(lib_a-locale.o)
                                  0x2 (size before relaxing)
 .rodata._ctype_
                0x0800d08c      0x101 c:/gcc-arm-none-eabi-6-2017-q1-update-win32/bin/../lib/gcc/arm-none-eabi/6.3.1/../../../../arm-none-eabi/lib/thumb/v7e-m\libg.a(lib_a-ctype_.o)
                0x0800d08c                _ctype_
 *(.eh_fram e*)

.glue_7         0x0800d190        0x0
 .glue_7        0x0800d190        0x0 linker stubs

.glue_7t        0x0800d190        0x0
 .glue_7t       0x0800d190        0x0 linker stubs

.vfp11_veneer   0x0800d190        0x0
 .vfp11_veneer  0x0800d190        0x0 linker stubs

.v4_bx          0x0800d190        0x0
 .v4_bx         0x0800d190        0x0 linker stubs

.iplt           0x0800d190        0x0
 .iplt          0x0800d190        0x0 ..\obj\stm32f4xx_usart.o

.rel.dyn        0x0800d190        0x0
 .rel.iplt      0x0800d190        0x0 ..\obj\stm32f4xx_usart.o

.ARM.extab
 *(.ARM.extab* .gnu.linkonce.armextab.*)
                0x0800d190                __exidx_start = .

.ARM.exidx
 *(.ARM.exidx* .gnu.linkonce.armexidx.*)
                0x0800d190                __exidx_end = .
                0x0800d190                __etext = .
                0x0800d18d                _sidata = __etext

.data           0x20000000      0x5ac load address 0x0800d18d
                0x20000000                __data_start__ = .
                0x20000000                _sdata = __data_start__
 *(vtable)
 *(.data*)
 .data          0x20000000       0x10 ..\obj\stm32f4xx_rcc.o
 .data._impure_ptr
                0x20000010        0x4 c:/gcc-arm-none-eabi-6-2017-q1-update-win32/bin/../lib/gcc/arm-none-eabi/6.3.1/../../../../arm-none-eabi/lib/thumb/v7e-m\libg.a(lib_a-impure.o)
                0x20000010                _impure_ptr
 *fill*         0x20000014        0x4 
 .data.impure_data
                0x20000018      0x428 c:/gcc-arm-none-eabi-6-2017-q1-update-win32/bin/../lib/gcc/arm-none-eabi/6.3.1/../../../../arm-none-eabi/lib/thumb/v7e-m\libg.a(lib_a-impure.o)
 .data.__global_locale
                0x20000440      0x16c c:/gcc-arm-none-eabi-6-2017-q1-update-win32/bin/../lib/gcc/arm-none-eabi/6.3.1/../../../../arm-none-eabi/lib/thumb/v7e-m\libg.a(lib_a-locale.o)
                0x20000440                __global_locale
                0x200005ac                . = ALIGN (0x4)
                [!provide]                PROVIDE (__preinit_array_start, .)
 *(.preinit_array)
                [!provide]                PROVIDE (__preinit_array_end, .)
                0x200005ac                . = ALIGN (0x4)
                [!provide]                PROVIDE (__init_array_start, .)
 *(SORT(.init_array.*))
 *(.init_array)
                [!provide]                PROVIDE (__init_array_end, .)
                0x200005ac                . = ALIGN (0x4)
                [!provide]                PROVIDE (__fini_array_start, .)
 *(SORT(.fini_array.*))
 *(.fini_array)
                [!provide]                PROVIDE (__fini_array_end, .)
 *(.jcr*)
                0x200005ac                . = ALIGN (0x4)
                0x200005ac                __data_end__ = .
                0x200005ac                _edata = __data_end__

.igot.plt       0x200005ac        0x0 load address 0x0800d73c
 .igot.plt      0x200005ac        0x0 ..\obj\stm32f4xx_usart.o

.bss            0x200005ac    0x12f58 load address 0x0800d73c
                0x200005ac                . = ALIGN (0x4)
                0x200005ac                __bss_start__ = .
                0x200005ac                _sbss = __bss_start__
 *(.bss*)
 .bss           0x200005ac        0x4 ..\obj\uart.o
                0x200005ac                charcounter
 *(COMMON)
 COMMON         0x200005b0       0x64 ..\obj\uart.o
                0x200005b0                string
 COMMON         0x20000614    0x12d60 ..\obj\vga_ui.o
                0x20000614                VGA
                0x20000620                VGA_RAM1
                0x20013310                buf
 COMMON         0x20013374      0x190 ..\obj\vga_logic.o
                0x20013374                arguments
                0x20013504                . = ALIGN (0x4)
                0x20013504                __bss_end__ = .
                0x20013504                _ebss = __bss_end__

.heap           0x20013504        0x0
                0x20013504                __end__ = .
                0x20013504                _end = __end__
                0x20013504                end = __end__
 *(.heap*)
                0x20013504                __HeapLimit = .

.co_stack       0x20013504      0x804 load address 0x08020694
                0x20013508                . = ALIGN (0x8)
 *fill*         0x20013504        0x4 
 *(.co_stack .co_stack.*)
 .co_stack      0x20013508      0x800 ..\obj\startup_stm32f4xx.o
                0x20013508                pulStack
                0x20020000                __StackTop = (ORIGIN (ram) + LENGTH (ram))
                0x2001f7fc                __StackLimit = (__StackTop - SIZEOF (.co_stack))
                [!provide]                PROVIDE (__stack, __StackTop)
                0x00000001                ASSERT ((__StackLimit >= __HeapLimit), region ram  overflowed with stack)
LOAD ..\obj\stm32f4xx_usart.o
LOAD ..\obj\uart.o
LOAD ..\obj\vga_ui.o
LOAD ..\obj\startup_stm32f4xx.o
LOAD ..\obj\vga_logic.o
LOAD ..\obj\vga_api.o
LOAD ..\obj\stm32f4xx_rcc.o
LOAD ..\obj\stm32f4xx_gpio.o
LOAD ..\obj\system_stm32f4xx.o
LOAD ..\obj\stm32f4xx_dma.o
LOAD ..\obj\stm32_ub_vga_screen.o
LOAD ..\obj\misc.o
LOAD ..\obj\stm32f4xx_tim.o
LOAD ..\obj\vga_io.o
LOAD c:/gcc-arm-none-eabi-6-2017-q1-update-win32/bin/../lib/gcc/arm-none-eabi/6.3.1/../../../../arm-none-eabi/lib/thumb/v7e-m\libm.a
START GROUP
LOAD c:/gcc-arm-none-eabi-6-2017-q1-update-win32/bin/../lib/gcc/arm-none-eabi/6.3.1/thumb/v7e-m\libgcc.a
LOAD c:/gcc-arm-none-eabi-6-2017-q1-update-win32/bin/../lib/gcc/arm-none-eabi/6.3.1/../../../../arm-none-eabi/lib/thumb/v7e-m\libg.a
LOAD c:/gcc-arm-none-eabi-6-2017-q1-update-win32/bin/../lib/gcc/arm-none-eabi/6.3.1/../../../../arm-none-eabi/lib/thumb/v7e-m\libc.a
END GROUP
OUTPUT(VGA_Core.elf elf32-littlearm)

.debug_info     0x00000000     0x92d7
 .debug_info    0x00000000      0x9d1 ..\obj\stm32f4xx_usart.o
 .debug_info    0x000009d1     0x117b ..\obj\uart.o
 .debug_info    0x00001b4c      0x9de ..\obj\vga_ui.o
 .debug_info    0x0000252a      0x10f ..\obj\startup_stm32f4xx.o
 .debug_info    0x00002639      0xb6b ..\obj\vga_logic.o
 .debug_info    0x000031a4     0x14f7 ..\obj\vga_api.o
 .debug_info    0x0000469b      0xc6e ..\obj\stm32f4xx_rcc.o
 .debug_info    0x00005309      0x621 ..\obj\stm32f4xx_gpio.o
 .debug_info    0x0000592a      0x5cc ..\obj\system_stm32f4xx.o
 .debug_info    0x00005ef6      0x748 ..\obj\stm32f4xx_dma.o
 .debug_info    0x0000663e      0xae0 ..\obj\stm32_ub_vga_screen.o
 .debug_info    0x0000711e      0x549 ..\obj\misc.o
 .debug_info    0x00007667     0x1c70 ..\obj\stm32f4xx_tim.o

.debug_abbrev   0x00000000     0x1784
 .debug_abbrev  0x00000000      0x180 ..\obj\stm32f4xx_usart.o
 .debug_abbrev  0x00000180      0x2ae ..\obj\uart.o
 .debug_abbrev  0x0000042e      0x202 ..\obj\vga_ui.o
 .debug_abbrev  0x00000630       0xbf ..\obj\startup_stm32f4xx.o
 .debug_abbrev  0x000006ef      0x252 ..\obj\vga_logic.o
 .debug_abbrev  0x00000941      0x2da ..\obj\vga_api.o
 .debug_abbrev  0x00000c1b      0x1f6 ..\obj\stm32f4xx_rcc.o
 .debug_abbrev  0x00000e11      0x1b6 ..\obj\stm32f4xx_gpio.o
 .debug_abbrev  0x00000fc7      0x156 ..\obj\system_stm32f4xx.o
 .debug_abbrev  0x0000111d      0x166 ..\obj\stm32f4xx_dma.o
 .debug_abbrev  0x00001283      0x1f9 ..\obj\stm32_ub_vga_screen.o
 .debug_abbrev  0x0000147c      0x170 ..\obj\misc.o
 .debug_abbrev  0x000015ec      0x198 ..\obj\stm32f4xx_tim.o

.debug_aranges  0x00000000      0x8e0
 .debug_aranges
                0x00000000      0x100 ..\obj\stm32f4xx_usart.o
 .debug_aranges
                0x00000100       0x68 ..\obj\uart.o
 .debug_aranges
                0x00000168       0x28 ..\obj\vga_ui.o
 .debug_aranges
                0x00000190       0x28 ..\obj\startup_stm32f4xx.o
 .debug_aranges
                0x000001b8       0x40 ..\obj\vga_logic.o
 .debug_aranges
                0x000001f8       0x70 ..\obj\vga_api.o
 .debug_aranges
                0x00000268      0x178 ..\obj\stm32f4xx_rcc.o
 .debug_aranges
                0x000003e0       0x88 ..\obj\stm32f4xx_gpio.o
 .debug_aranges
                0x00000468       0x30 ..\obj\system_stm32f4xx.o
 .debug_aranges
                0x00000498       0xb0 ..\obj\stm32f4xx_dma.o
 .debug_aranges
                0x00000548       0x60 ..\obj\stm32_ub_vga_screen.o
 .debug_aranges
                0x000005a8       0x40 ..\obj\misc.o
 .debug_aranges
                0x000005e8      0x2f8 ..\obj\stm32f4xx_tim.o

.debug_ranges   0x00000000      0x828
 .debug_ranges  0x00000000       0xf0 ..\obj\stm32f4xx_usart.o
 .debug_ranges  0x000000f0       0x58 ..\obj\uart.o
 .debug_ranges  0x00000148       0x18 ..\obj\vga_ui.o
 .debug_ranges  0x00000160       0x18 ..\obj\startup_stm32f4xx.o
 .debug_ranges  0x00000178       0x48 ..\obj\vga_logic.o
 .debug_ranges  0x000001c0       0x60 ..\obj\vga_api.o
 .debug_ranges  0x00000220      0x168 ..\obj\stm32f4xx_rcc.o
 .debug_ranges  0x00000388       0x78 ..\obj\stm32f4xx_gpio.o
 .debug_ranges  0x00000400       0x20 ..\obj\system_stm32f4xx.o
 .debug_ranges  0x00000420       0xa0 ..\obj\stm32f4xx_dma.o
 .debug_ranges  0x000004c0       0x50 ..\obj\stm32_ub_vga_screen.o
 .debug_ranges  0x00000510       0x30 ..\obj\misc.o
 .debug_ranges  0x00000540      0x2e8 ..\obj\stm32f4xx_tim.o

.debug_line     0x00000000     0x3d20
 .debug_line    0x00000000      0x4e9 ..\obj\stm32f4xx_usart.o
 .debug_line    0x000004e9      0x463 ..\obj\uart.o
 .debug_line    0x0000094c      0x318 ..\obj\vga_ui.o
 .debug_line    0x00000c64       0xa6 ..\obj\startup_stm32f4xx.o
 .debug_line    0x00000d0a      0x44f ..\obj\vga_logic.o
 .debug_line    0x00001159      0xadf ..\obj\vga_api.o
 .debug_line    0x00001c38      0x5d5 ..\obj\stm32f4xx_rcc.o
 .debug_line    0x0000220d      0x390 ..\obj\stm32f4xx_gpio.o
 .debug_line    0x0000259d      0x208 ..\obj\system_stm32f4xx.o
 .debug_line    0x000027a5      0x45a ..\obj\stm32f4xx_dma.o
 .debug_line    0x00002bff      0x3c2 ..\obj\stm32_ub_vga_screen.o
 .debug_line    0x00002fc1      0x26e ..\obj\misc.o
 .debug_line    0x0000322f      0xaf1 ..\obj\stm32f4xx_tim.o

.debug_str      0x00000000     0x30fa
 .debug_str     0x00000000      0x629 ..\obj\stm32f4xx_usart.o
                                0x6a4 (size before relaxing)
 .debug_str     0x00000629      0xc57 ..\obj\uart.o
                                0xeeb (size before relaxing)
 .debug_str     0x00001280       0x88 ..\obj\vga_ui.o
                                0x627 (size before relaxing)
 .debug_str     0x00001308       0xc7 ..\obj\startup_stm32f4xx.o
                                0x15e (size before relaxing)
 .debug_str     0x000013cf      0x10b ..\obj\vga_logic.o
                                0x6ee (size before relaxing)
 .debug_str     0x000014da      0x1df ..\obj\vga_api.o
                                0x79c (size before relaxing)
 .debug_str     0x000016b9      0x5e8 ..\obj\stm32f4xx_rcc.o
                                0x865 (size before relaxing)
 .debug_str     0x00001ca1      0x1a8 ..\obj\stm32f4xx_gpio.o
                                0x4b8 (size before relaxing)
 .debug_str     0x00001e49      0x10d ..\obj\system_stm32f4xx.o
                                0x3af (size before relaxing)
 .debug_str     0x00001f56      0x396 ..\obj\stm32f4xx_dma.o
                                0x557 (size before relaxing)
 .debug_str     0x000022ec      0x2a5 ..\obj\stm32_ub_vga_screen.o
                                0xcf2 (size before relaxing)
 .debug_str     0x00002591      0x166 ..\obj\misc.o
                                0x3e3 (size before relaxing)
 .debug_str     0x000026f7      0xa03 ..\obj\stm32f4xx_tim.o
                                0xde5 (size before relaxing)

.comment        0x00000000       0x7f
 .comment       0x00000000       0x7f ..\obj\stm32f4xx_usart.o
                                 0x80 (size before relaxing)
 .comment       0x0000007f       0x80 ..\obj\uart.o
 .comment       0x0000007f       0x80 ..\obj\vga_ui.o
 .comment       0x0000007f       0x80 ..\obj\startup_stm32f4xx.o
 .comment       0x0000007f       0x80 ..\obj\vga_logic.o
 .comment       0x0000007f       0x80 ..\obj\vga_api.o
 .comment       0x0000007f       0x80 ..\obj\stm32f4xx_rcc.o
 .comment       0x0000007f       0x80 ..\obj\stm32f4xx_gpio.o
 .comment       0x0000007f       0x80 ..\obj\system_stm32f4xx.o
 .comment       0x0000007f       0x80 ..\obj\stm32f4xx_dma.o
 .comment       0x0000007f       0x80 ..\obj\stm32_ub_vga_screen.o
 .comment       0x0000007f       0x80 ..\obj\misc.o
 .comment       0x0000007f       0x80 ..\obj\stm32f4xx_tim.o

.ARM.attributes
                0x00000000       0x31
 .ARM.attributes
                0x00000000       0x33 ..\obj\stm32f4xx_usart.o
 .ARM.attributes
                0x00000033       0x33 ..\obj\uart.o
 .ARM.attributes
                0x00000066       0x33 ..\obj\vga_ui.o
 .ARM.attributes
                0x00000099       0x33 ..\obj\startup_stm32f4xx.o
 .ARM.attributes
                0x000000cc       0x33 ..\obj\vga_logic.o
 .ARM.attributes
                0x000000ff       0x33 ..\obj\vga_api.o
 .ARM.attributes
                0x00000132       0x33 ..\obj\stm32f4xx_rcc.o
 .ARM.attributes
                0x00000165       0x33 ..\obj\stm32f4xx_gpio.o
 .ARM.attributes
                0x00000198       0x33 ..\obj\system_stm32f4xx.o
 .ARM.attributes
                0x000001cb       0x33 ..\obj\stm32f4xx_dma.o
 .ARM.attributes
                0x000001fe       0x33 ..\obj\stm32_ub_vga_screen.o
 .ARM.attributes
                0x00000231       0x33 ..\obj\misc.o
 .ARM.attributes
                0x00000264       0x33 ..\obj\stm32f4xx_tim.o
 .ARM.attributes
                0x00000297       0x1e c:/gcc-arm-none-eabi-6-2017-q1-update-win32/bin/../lib/gcc/arm-none-eabi/6.3.1/thumb/v7e-m\libgcc.a(_arm_addsubdf3.o)
 .ARM.attributes
                0x000002b5       0x1e c:/gcc-arm-none-eabi-6-2017-q1-update-win32/bin/../lib/gcc/arm-none-eabi/6.3.1/thumb/v7e-m\libgcc.a(_arm_muldivdf3.o)
 .ARM.attributes
                0x000002d3       0x1e c:/gcc-arm-none-eabi-6-2017-q1-update-win32/bin/../lib/gcc/arm-none-eabi/6.3.1/thumb/v7e-m\libgcc.a(_arm_fixdfsi.o)
 .ARM.attributes
                0x000002f1       0x1e c:/gcc-arm-none-eabi-6-2017-q1-update-win32/bin/../lib/gcc/arm-none-eabi/6.3.1/thumb/v7e-m\libgcc.a(_arm_addsubsf3.o)
 .ARM.attributes
                0x0000030f       0x1e c:/gcc-arm-none-eabi-6-2017-q1-update-win32/bin/../lib/gcc/arm-none-eabi/6.3.1/thumb/v7e-m\libgcc.a(_arm_muldivsf3.o)
 .ARM.attributes
                0x0000032d       0x1e c:/gcc-arm-none-eabi-6-2017-q1-update-win32/bin/../lib/gcc/arm-none-eabi/6.3.1/thumb/v7e-m\libgcc.a(_arm_cmpsf2.o)
 .ARM.attributes
                0x0000034b       0x1e c:/gcc-arm-none-eabi-6-2017-q1-update-win32/bin/../lib/gcc/arm-none-eabi/6.3.1/thumb/v7e-m\libgcc.a(_arm_fixunssfsi.o)
 .ARM.attributes
                0x00000369       0x2e c:/gcc-arm-none-eabi-6-2017-q1-update-win32/bin/../lib/gcc/arm-none-eabi/6.3.1/../../../../arm-none-eabi/lib/thumb/v7e-m\libg.a(lib_a-atoi.o)
 .ARM.attributes
                0x00000397       0x2e c:/gcc-arm-none-eabi-6-2017-q1-update-win32/bin/../lib/gcc/arm-none-eabi/6.3.1/../../../../arm-none-eabi/lib/thumb/v7e-m\libg.a(lib_a-memset.o)
 .ARM.attributes
                0x000003c5       0x1c c:/gcc-arm-none-eabi-6-2017-q1-update-win32/bin/../lib/gcc/arm-none-eabi/6.3.1/../../../../arm-none-eabi/lib/thumb/v7e-m\libg.a(lib_a-strcmp.o)
 .ARM.attributes
                0x000003e1       0x1c c:/gcc-arm-none-eabi-6-2017-q1-update-win32/bin/../lib/gcc/arm-none-eabi/6.3.1/../../../../arm-none-eabi/lib/thumb/v7e-m\libg.a(lib_a-strlen.o)
 .ARM.attributes
                0x000003fd       0x2e c:/gcc-arm-none-eabi-6-2017-q1-update-win32/bin/../lib/gcc/arm-none-eabi/6.3.1/../../../../arm-none-eabi/lib/thumb/v7e-m\libg.a(lib_a-strtol.o)
 .ARM.attributes
                0x0000042b       0x2e c:/gcc-arm-none-eabi-6-2017-q1-update-win32/bin/../lib/gcc/arm-none-eabi/6.3.1/../../../../arm-none-eabi/lib/thumb/v7e-m\libg.a(lib_a-impure.o)
 .ARM.attributes
                0x00000459       0x2e c:/gcc-arm-none-eabi-6-2017-q1-update-win32/bin/../lib/gcc/arm-none-eabi/6.3.1/../../../../arm-none-eabi/lib/thumb/v7e-m\libg.a(lib_a-locale.o)
 .ARM.attributes
                0x00000487       0x2e c:/gcc-arm-none-eabi-6-2017-q1-update-win32/bin/../lib/gcc/arm-none-eabi/6.3.1/../../../../arm-none-eabi/lib/thumb/v7e-m\libg.a(lib_a-mbtowc_r.o)
 .ARM.attributes
                0x000004b5       0x2e c:/gcc-arm-none-eabi-6-2017-q1-update-win32/bin/../lib/gcc/arm-none-eabi/6.3.1/../../../../arm-none-eabi/lib/thumb/v7e-m\libg.a(lib_a-wctomb_r.o)
 .ARM.attributes
                0x000004e3       0x2e c:/gcc-arm-none-eabi-6-2017-q1-update-win32/bin/../lib/gcc/arm-none-eabi/6.3.1/../../../../arm-none-eabi/lib/thumb/v7e-m\libg.a(lib_a-ctype_.o)

.debug_frame    0x00000000     0x2b54
 .debug_frame   0x00000000      0x490 ..\obj\stm32f4xx_usart.o
 .debug_frame   0x00000490      0x198 ..\obj\uart.o
 .debug_frame   0x00000628       0x50 ..\obj\vga_ui.o
 .debug_frame   0x00000678       0x4c ..\obj\startup_stm32f4xx.o
 .debug_frame   0x000006c4       0xd8 ..\obj\vga_logic.o
 .debug_frame   0x0000079c      0x1c8 ..\obj\vga_api.o
 .debug_frame   0x00000964      0x6d4 ..\obj\stm32f4xx_rcc.o
 .debug_frame   0x00001038      0x23c ..\obj\stm32f4xx_gpio.o
 .debug_frame   0x00001274       0x7c ..\obj\system_stm32f4xx.o
 .debug_frame   0x000012f0      0x308 ..\obj\stm32f4xx_dma.o
 .debug_frame   0x000015f8      0x148 ..\obj\stm32_ub_vga_screen.o
 .debug_frame   0x00001740       0xd8 ..\obj\misc.o
 .debug_frame   0x00001818      0xe54 ..\obj\stm32f4xx_tim.o
 .debug_frame   0x0000266c       0xac c:/gcc-arm-none-eabi-6-2017-q1-update-win32/bin/../lib/gcc/arm-none-eabi/6.3.1/thumb/v7e-m\libgcc.a(_arm_addsubdf3.o)
 .debug_frame   0x00002718       0x50 c:/gcc-arm-none-eabi-6-2017-q1-update-win32/bin/../lib/gcc/arm-none-eabi/6.3.1/thumb/v7e-m\libgcc.a(_arm_muldivdf3.o)
 .debug_frame   0x00002768       0x24 c:/gcc-arm-none-eabi-6-2017-q1-update-win32/bin/../lib/gcc/arm-none-eabi/6.3.1/thumb/v7e-m\libgcc.a(_arm_fixdfsi.o)
 .debug_frame   0x0000278c       0x4c c:/gcc-arm-none-eabi-6-2017-q1-update-win32/bin/../lib/gcc/arm-none-eabi/6.3.1/thumb/v7e-m\libgcc.a(_arm_addsubsf3.o)
 .debug_frame   0x000027d8       0x38 c:/gcc-arm-none-eabi-6-2017-q1-update-win32/bin/../lib/gcc/arm-none-eabi/6.3.1/thumb/v7e-m\libgcc.a(_arm_muldivsf3.o)
 .debug_frame   0x00002810       0xc8 c:/gcc-arm-none-eabi-6-2017-q1-update-win32/bin/../lib/gcc/arm-none-eabi/6.3.1/thumb/v7e-m\libgcc.a(_arm_cmpsf2.o)
 .debug_frame   0x000028d8       0x24 c:/gcc-arm-none-eabi-6-2017-q1-update-win32/bin/../lib/gcc/arm-none-eabi/6.3.1/thumb/v7e-m\libgcc.a(_arm_fixunssfsi.o)
 .debug_frame   0x000028fc       0x30 c:/gcc-arm-none-eabi-6-2017-q1-update-win32/bin/../lib/gcc/arm-none-eabi/6.3.1/../../../../arm-none-eabi/lib/thumb/v7e-m\libg.a(lib_a-atoi.o)
 .debug_frame   0x0000292c       0x34 c:/gcc-arm-none-eabi-6-2017-q1-update-win32/bin/../lib/gcc/arm-none-eabi/6.3.1/../../../../arm-none-eabi/lib/thumb/v7e-m\libg.a(lib_a-memset.o)
 .debug_frame   0x00002960       0x68 c:/gcc-arm-none-eabi-6-2017-q1-update-win32/bin/../lib/gcc/arm-none-eabi/6.3.1/../../../../arm-none-eabi/lib/thumb/v7e-m\libg.a(lib_a-strcmp.o)
 .debug_frame   0x000029c8       0x98 c:/gcc-arm-none-eabi-6-2017-q1-update-win32/bin/../lib/gcc/arm-none-eabi/6.3.1/../../../../arm-none-eabi/lib/thumb/v7e-m\libg.a(lib_a-strtol.o)
 .debug_frame   0x00002a60       0x6c c:/gcc-arm-none-eabi-6-2017-q1-update-win32/bin/../lib/gcc/arm-none-eabi/6.3.1/../../../../arm-none-eabi/lib/thumb/v7e-m\libg.a(lib_a-locale.o)
 .debug_frame   0x00002acc       0x4c c:/gcc-arm-none-eabi-6-2017-q1-update-win32/bin/../lib/gcc/arm-none-eabi/6.3.1/../../../../arm-none-eabi/lib/thumb/v7e-m\libg.a(lib_a-mbtowc_r.o)
 .debug_frame   0x00002b18       0x3c c:/gcc-arm-none-eabi-6-2017-q1-update-win32/bin/../lib/gcc/arm-none-eabi/6.3.1/../../../../arm-none-eabi/lib/thumb/v7e-m\libg.a(lib_a-wctomb_r.o)
